[2025-10-10T11:53:43.343+0000] {taskinstance.py:1979} INFO - Dependencies all met for dep_context=non-requeueable deps ti=<TaskInstance: extract_open_meteo_v1.run_extractor manual__2025-10-10T11:53:40.429159+00:00 [queued]>
[2025-10-10T11:53:43.363+0000] {taskinstance.py:1979} INFO - Dependencies all met for dep_context=requeueable deps ti=<TaskInstance: extract_open_meteo_v1.run_extractor manual__2025-10-10T11:53:40.429159+00:00 [queued]>
[2025-10-10T11:53:43.365+0000] {taskinstance.py:2193} INFO - Starting attempt 1 of 1
[2025-10-10T11:53:43.446+0000] {taskinstance.py:2217} INFO - Executing <Task(BashOperator): run_extractor> on 2025-10-10 11:53:40.429159+00:00
[2025-10-10T11:53:43.481+0000] {standard_task_runner.py:60} INFO - Started process 245 to run task
[2025-10-10T11:53:43.485+0000] {standard_task_runner.py:87} INFO - Running: ['***', 'tasks', 'run', 'extract_open_meteo_v1', 'run_extractor', 'manual__2025-10-10T11:53:40.429159+00:00', '--job-id', '9', '--raw', '--subdir', 'DAGS_FOLDER/Airflow/dags/extract_open_meteo_dag.py', '--cfg-path', '/tmp/tmp_5k6kb2g']
[2025-10-10T11:53:43.488+0000] {standard_task_runner.py:88} INFO - Job 9: Subtask run_extractor
[2025-10-10T11:53:43.643+0000] {logging_mixin.py:188} WARNING - /home/***/.local/lib/python3.8/site-packages/***/settings.py:194 DeprecationWarning: The sql_alchemy_conn option in [core] has been moved to the sql_alchemy_conn option in [database] - the old setting has been used, but please update your config.
[2025-10-10T11:53:43.826+0000] {task_command.py:423} INFO - Running <TaskInstance: extract_open_meteo_v1.run_extractor manual__2025-10-10T11:53:40.429159+00:00 [running]> on host fd4a4f39ed6f
[2025-10-10T11:53:44.741+0000] {taskinstance.py:2513} INFO - Exporting env vars: AIRFLOW_CTX_DAG_OWNER='***' AIRFLOW_CTX_DAG_ID='extract_open_meteo_v1' AIRFLOW_CTX_TASK_ID='run_extractor' AIRFLOW_CTX_EXECUTION_DATE='2025-10-10T11:53:40.429159+00:00' AIRFLOW_CTX_TRY_NUMBER='1' AIRFLOW_CTX_DAG_RUN_ID='manual__2025-10-10T11:53:40.429159+00:00'
[2025-10-10T11:53:44.745+0000] {subprocess.py:63} INFO - Tmp dir root location: /tmp
[2025-10-10T11:53:44.746+0000] {subprocess.py:75} INFO - Running command: ['/usr/bin/bash', '-c', 'python /opt/project/Scripts/extract_weather_open_meteo.py --cities Bruxelles Anvers Liège --keep-days 7']
[2025-10-10T11:53:44.768+0000] {subprocess.py:86} INFO - Output:
[2025-10-10T11:53:48.315+0000] {subprocess.py:93} INFO - Projet: /opt/project
[2025-10-10T11:53:48.318+0000] {subprocess.py:93} INFO - Répertoire RAW: /opt/project/Data/raw
[2025-10-10T11:53:48.320+0000] {subprocess.py:93} INFO - [GEO] Bruxelles -> Bruxelles (lat=50.85045, lon=4.34878)
[2025-10-10T11:53:48.321+0000] {subprocess.py:93} INFO - [OK] Données sauvegardées: /opt/project/Data/raw/weather_Bruxelles_20251010_115346.json
[2025-10-10T11:53:48.323+0000] {subprocess.py:93} INFO - [GEO] Anvers -> Anvers (lat=51.22047, lon=4.40026)
[2025-10-10T11:53:48.325+0000] {subprocess.py:93} INFO - [OK] Données sauvegardées: /opt/project/Data/raw/weather_Anvers_20251010_115347.json
[2025-10-10T11:53:48.326+0000] {subprocess.py:93} INFO - [GEO] Liège -> Liège (lat=50.63373, lon=5.56749)
[2025-10-10T11:53:48.327+0000] {subprocess.py:93} INFO - [OK] Données sauvegardées: /opt/project/Data/raw/weather_Liège_20251010_115348.json
[2025-10-10T11:53:48.329+0000] {subprocess.py:93} INFO - [CLEAN] 0 fichier(s) supprimé(s) (> 7 jours).
[2025-10-10T11:53:48.392+0000] {subprocess.py:97} INFO - Command exited with return code 0
[2025-10-10T11:53:48.688+0000] {taskinstance.py:1149} INFO - Marking task as SUCCESS. dag_id=extract_open_meteo_v1, task_id=run_extractor, execution_date=20251010T115340, start_date=20251010T115343, end_date=20251010T115348
[2025-10-10T11:53:48.775+0000] {local_task_job_runner.py:234} INFO - Task exited with return code 0
[2025-10-10T11:53:49.074+0000] {taskinstance.py:3312} INFO - 0 downstream tasks scheduled from follow-on schedule check
