[2025-10-16T18:18:33.450+0000] {processor.py:161} INFO - Started process (PID=177) to work on /opt/airflow/dags/extract_open_meteo_dag.py
[2025-10-16T18:18:33.453+0000] {processor.py:830} INFO - Processing file /opt/airflow/dags/extract_open_meteo_dag.py for tasks to queue
[2025-10-16T18:18:33.455+0000] {logging_mixin.py:188} INFO - [2025-10-16T18:18:33.455+0000] {dagbag.py:540} INFO - Filling up the DagBag from /opt/airflow/dags/extract_open_meteo_dag.py
[2025-10-16T18:18:33.508+0000] {processor.py:840} INFO - DAG(s) 'extract_open_meteo_v2' retrieved from /opt/airflow/dags/extract_open_meteo_dag.py
[2025-10-16T18:18:33.633+0000] {logging_mixin.py:188} INFO - [2025-10-16T18:18:33.633+0000] {dag.py:3047} INFO - Sync 1 DAGs
[2025-10-16T18:18:33.770+0000] {logging_mixin.py:188} INFO - [2025-10-16T18:18:33.769+0000] {dag.py:3834} INFO - Setting next_dagrun for extract_open_meteo_v2 to 2025-10-14 22:00:00+00:00, run_after=2025-10-15 22:00:00+00:00
[2025-10-16T18:18:33.854+0000] {processor.py:183} INFO - Processing /opt/airflow/dags/extract_open_meteo_dag.py took 0.410 seconds
[2025-10-16T18:19:04.122+0000] {processor.py:161} INFO - Started process (PID=237) to work on /opt/airflow/dags/extract_open_meteo_dag.py
[2025-10-16T18:19:04.124+0000] {processor.py:830} INFO - Processing file /opt/airflow/dags/extract_open_meteo_dag.py for tasks to queue
[2025-10-16T18:19:04.126+0000] {logging_mixin.py:188} INFO - [2025-10-16T18:19:04.125+0000] {dagbag.py:540} INFO - Filling up the DagBag from /opt/airflow/dags/extract_open_meteo_dag.py
[2025-10-16T18:19:04.169+0000] {processor.py:840} INFO - DAG(s) 'extract_open_meteo_v2' retrieved from /opt/airflow/dags/extract_open_meteo_dag.py
[2025-10-16T18:19:04.245+0000] {logging_mixin.py:188} INFO - [2025-10-16T18:19:04.244+0000] {dag.py:3047} INFO - Sync 1 DAGs
[2025-10-16T18:19:04.320+0000] {logging_mixin.py:188} INFO - [2025-10-16T18:19:04.319+0000] {dag.py:3834} INFO - Setting next_dagrun for extract_open_meteo_v2 to 2025-10-15 22:00:00+00:00, run_after=2025-10-16 22:00:00+00:00
[2025-10-16T18:19:04.428+0000] {processor.py:183} INFO - Processing /opt/airflow/dags/extract_open_meteo_dag.py took 0.310 seconds
[2025-10-16T18:19:35.084+0000] {processor.py:161} INFO - Started process (PID=252) to work on /opt/airflow/dags/extract_open_meteo_dag.py
[2025-10-16T18:19:35.086+0000] {processor.py:830} INFO - Processing file /opt/airflow/dags/extract_open_meteo_dag.py for tasks to queue
[2025-10-16T18:19:35.090+0000] {logging_mixin.py:188} INFO - [2025-10-16T18:19:35.089+0000] {dagbag.py:540} INFO - Filling up the DagBag from /opt/airflow/dags/extract_open_meteo_dag.py
[2025-10-16T18:19:35.147+0000] {processor.py:840} INFO - DAG(s) 'extract_open_meteo_v2' retrieved from /opt/airflow/dags/extract_open_meteo_dag.py
[2025-10-16T18:19:35.247+0000] {logging_mixin.py:188} INFO - [2025-10-16T18:19:35.247+0000] {dag.py:3047} INFO - Sync 1 DAGs
[2025-10-16T18:19:35.315+0000] {logging_mixin.py:188} INFO - [2025-10-16T18:19:35.314+0000] {dag.py:3834} INFO - Setting next_dagrun for extract_open_meteo_v2 to 2025-10-15 22:00:00+00:00, run_after=2025-10-16 22:00:00+00:00
[2025-10-16T18:19:35.399+0000] {processor.py:183} INFO - Processing /opt/airflow/dags/extract_open_meteo_dag.py took 0.321 seconds
[2025-10-16T18:20:05.867+0000] {processor.py:161} INFO - Started process (PID=267) to work on /opt/airflow/dags/extract_open_meteo_dag.py
[2025-10-16T18:20:05.869+0000] {processor.py:830} INFO - Processing file /opt/airflow/dags/extract_open_meteo_dag.py for tasks to queue
[2025-10-16T18:20:05.874+0000] {logging_mixin.py:188} INFO - [2025-10-16T18:20:05.872+0000] {dagbag.py:540} INFO - Filling up the DagBag from /opt/airflow/dags/extract_open_meteo_dag.py
[2025-10-16T18:20:05.939+0000] {processor.py:840} INFO - DAG(s) 'extract_open_meteo_v2' retrieved from /opt/airflow/dags/extract_open_meteo_dag.py
[2025-10-16T18:20:06.048+0000] {logging_mixin.py:188} INFO - [2025-10-16T18:20:06.048+0000] {dag.py:3047} INFO - Sync 1 DAGs
[2025-10-16T18:20:06.122+0000] {logging_mixin.py:188} INFO - [2025-10-16T18:20:06.122+0000] {dag.py:3834} INFO - Setting next_dagrun for extract_open_meteo_v2 to 2025-10-15 22:00:00+00:00, run_after=2025-10-16 22:00:00+00:00
[2025-10-16T18:20:06.209+0000] {processor.py:183} INFO - Processing /opt/airflow/dags/extract_open_meteo_dag.py took 0.350 seconds
[2025-10-16T18:20:36.774+0000] {processor.py:161} INFO - Started process (PID=282) to work on /opt/airflow/dags/extract_open_meteo_dag.py
[2025-10-16T18:20:36.782+0000] {processor.py:830} INFO - Processing file /opt/airflow/dags/extract_open_meteo_dag.py for tasks to queue
[2025-10-16T18:20:36.786+0000] {logging_mixin.py:188} INFO - [2025-10-16T18:20:36.785+0000] {dagbag.py:540} INFO - Filling up the DagBag from /opt/airflow/dags/extract_open_meteo_dag.py
[2025-10-16T18:20:36.841+0000] {processor.py:840} INFO - DAG(s) 'extract_open_meteo_v2' retrieved from /opt/airflow/dags/extract_open_meteo_dag.py
[2025-10-16T18:20:36.949+0000] {logging_mixin.py:188} INFO - [2025-10-16T18:20:36.948+0000] {dag.py:3047} INFO - Sync 1 DAGs
[2025-10-16T18:20:37.024+0000] {logging_mixin.py:188} INFO - [2025-10-16T18:20:37.023+0000] {dag.py:3834} INFO - Setting next_dagrun for extract_open_meteo_v2 to 2025-10-15 22:00:00+00:00, run_after=2025-10-16 22:00:00+00:00
[2025-10-16T18:20:37.124+0000] {processor.py:183} INFO - Processing /opt/airflow/dags/extract_open_meteo_dag.py took 0.371 seconds
[2025-10-16T18:21:07.740+0000] {processor.py:161} INFO - Started process (PID=297) to work on /opt/airflow/dags/extract_open_meteo_dag.py
[2025-10-16T18:21:07.747+0000] {processor.py:830} INFO - Processing file /opt/airflow/dags/extract_open_meteo_dag.py for tasks to queue
[2025-10-16T18:21:07.757+0000] {logging_mixin.py:188} INFO - [2025-10-16T18:21:07.756+0000] {dagbag.py:540} INFO - Filling up the DagBag from /opt/airflow/dags/extract_open_meteo_dag.py
[2025-10-16T18:21:07.969+0000] {processor.py:840} INFO - DAG(s) 'extract_open_meteo_v2' retrieved from /opt/airflow/dags/extract_open_meteo_dag.py
[2025-10-16T18:21:08.109+0000] {logging_mixin.py:188} INFO - [2025-10-16T18:21:08.108+0000] {dag.py:3047} INFO - Sync 1 DAGs
[2025-10-16T18:21:08.412+0000] {logging_mixin.py:188} INFO - [2025-10-16T18:21:08.411+0000] {dag.py:3834} INFO - Setting next_dagrun for extract_open_meteo_v2 to 2025-10-15 22:00:00+00:00, run_after=2025-10-16 22:00:00+00:00
[2025-10-16T18:21:08.605+0000] {processor.py:183} INFO - Processing /opt/airflow/dags/extract_open_meteo_dag.py took 0.885 seconds
[2025-10-16T18:21:39.196+0000] {processor.py:161} INFO - Started process (PID=312) to work on /opt/airflow/dags/extract_open_meteo_dag.py
[2025-10-16T18:21:39.198+0000] {processor.py:830} INFO - Processing file /opt/airflow/dags/extract_open_meteo_dag.py for tasks to queue
[2025-10-16T18:21:39.200+0000] {logging_mixin.py:188} INFO - [2025-10-16T18:21:39.199+0000] {dagbag.py:540} INFO - Filling up the DagBag from /opt/airflow/dags/extract_open_meteo_dag.py
[2025-10-16T18:21:39.238+0000] {processor.py:840} INFO - DAG(s) 'extract_open_meteo_v2' retrieved from /opt/airflow/dags/extract_open_meteo_dag.py
[2025-10-16T18:21:39.681+0000] {logging_mixin.py:188} INFO - [2025-10-16T18:21:39.680+0000] {dag.py:3047} INFO - Sync 1 DAGs
[2025-10-16T18:21:39.744+0000] {logging_mixin.py:188} INFO - [2025-10-16T18:21:39.744+0000] {dag.py:3834} INFO - Setting next_dagrun for extract_open_meteo_v2 to 2025-10-15 22:00:00+00:00, run_after=2025-10-16 22:00:00+00:00
[2025-10-16T18:21:39.833+0000] {processor.py:183} INFO - Processing /opt/airflow/dags/extract_open_meteo_dag.py took 0.655 seconds
[2025-10-16T18:22:10.283+0000] {processor.py:161} INFO - Started process (PID=327) to work on /opt/airflow/dags/extract_open_meteo_dag.py
[2025-10-16T18:22:10.285+0000] {processor.py:830} INFO - Processing file /opt/airflow/dags/extract_open_meteo_dag.py for tasks to queue
[2025-10-16T18:22:10.288+0000] {logging_mixin.py:188} INFO - [2025-10-16T18:22:10.287+0000] {dagbag.py:540} INFO - Filling up the DagBag from /opt/airflow/dags/extract_open_meteo_dag.py
[2025-10-16T18:22:10.337+0000] {processor.py:840} INFO - DAG(s) 'extract_open_meteo_v2' retrieved from /opt/airflow/dags/extract_open_meteo_dag.py
[2025-10-16T18:22:10.438+0000] {logging_mixin.py:188} INFO - [2025-10-16T18:22:10.438+0000] {dag.py:3047} INFO - Sync 1 DAGs
[2025-10-16T18:22:10.520+0000] {logging_mixin.py:188} INFO - [2025-10-16T18:22:10.520+0000] {dag.py:3834} INFO - Setting next_dagrun for extract_open_meteo_v2 to 2025-10-15 22:00:00+00:00, run_after=2025-10-16 22:00:00+00:00
[2025-10-16T18:22:10.625+0000] {processor.py:183} INFO - Processing /opt/airflow/dags/extract_open_meteo_dag.py took 0.347 seconds
[2025-10-16T18:22:41.128+0000] {processor.py:161} INFO - Started process (PID=342) to work on /opt/airflow/dags/extract_open_meteo_dag.py
[2025-10-16T18:22:41.132+0000] {processor.py:830} INFO - Processing file /opt/airflow/dags/extract_open_meteo_dag.py for tasks to queue
[2025-10-16T18:22:41.143+0000] {logging_mixin.py:188} INFO - [2025-10-16T18:22:41.134+0000] {dagbag.py:540} INFO - Filling up the DagBag from /opt/airflow/dags/extract_open_meteo_dag.py
[2025-10-16T18:22:41.230+0000] {processor.py:840} INFO - DAG(s) 'extract_open_meteo_v2' retrieved from /opt/airflow/dags/extract_open_meteo_dag.py
[2025-10-16T18:22:41.340+0000] {logging_mixin.py:188} INFO - [2025-10-16T18:22:41.339+0000] {dag.py:3047} INFO - Sync 1 DAGs
[2025-10-16T18:22:41.428+0000] {logging_mixin.py:188} INFO - [2025-10-16T18:22:41.427+0000] {dag.py:3834} INFO - Setting next_dagrun for extract_open_meteo_v2 to 2025-10-15 22:00:00+00:00, run_after=2025-10-16 22:00:00+00:00
[2025-10-16T18:22:41.537+0000] {processor.py:183} INFO - Processing /opt/airflow/dags/extract_open_meteo_dag.py took 0.418 seconds
[2025-10-16T18:23:12.098+0000] {processor.py:161} INFO - Started process (PID=357) to work on /opt/airflow/dags/extract_open_meteo_dag.py
[2025-10-16T18:23:12.101+0000] {processor.py:830} INFO - Processing file /opt/airflow/dags/extract_open_meteo_dag.py for tasks to queue
[2025-10-16T18:23:12.104+0000] {logging_mixin.py:188} INFO - [2025-10-16T18:23:12.103+0000] {dagbag.py:540} INFO - Filling up the DagBag from /opt/airflow/dags/extract_open_meteo_dag.py
[2025-10-16T18:23:12.148+0000] {processor.py:840} INFO - DAG(s) 'extract_open_meteo_v2' retrieved from /opt/airflow/dags/extract_open_meteo_dag.py
[2025-10-16T18:23:12.248+0000] {logging_mixin.py:188} INFO - [2025-10-16T18:23:12.248+0000] {dag.py:3047} INFO - Sync 1 DAGs
[2025-10-16T18:23:12.337+0000] {logging_mixin.py:188} INFO - [2025-10-16T18:23:12.337+0000] {dag.py:3834} INFO - Setting next_dagrun for extract_open_meteo_v2 to 2025-10-15 22:00:00+00:00, run_after=2025-10-16 22:00:00+00:00
[2025-10-16T18:23:12.426+0000] {processor.py:183} INFO - Processing /opt/airflow/dags/extract_open_meteo_dag.py took 0.337 seconds
[2025-10-16T18:23:42.927+0000] {processor.py:161} INFO - Started process (PID=372) to work on /opt/airflow/dags/extract_open_meteo_dag.py
[2025-10-16T18:23:42.929+0000] {processor.py:830} INFO - Processing file /opt/airflow/dags/extract_open_meteo_dag.py for tasks to queue
[2025-10-16T18:23:42.932+0000] {logging_mixin.py:188} INFO - [2025-10-16T18:23:42.931+0000] {dagbag.py:540} INFO - Filling up the DagBag from /opt/airflow/dags/extract_open_meteo_dag.py
[2025-10-16T18:23:42.980+0000] {processor.py:840} INFO - DAG(s) 'extract_open_meteo_v2' retrieved from /opt/airflow/dags/extract_open_meteo_dag.py
[2025-10-16T18:23:43.075+0000] {logging_mixin.py:188} INFO - [2025-10-16T18:23:43.075+0000] {dag.py:3047} INFO - Sync 1 DAGs
[2025-10-16T18:23:43.146+0000] {logging_mixin.py:188} INFO - [2025-10-16T18:23:43.146+0000] {dag.py:3834} INFO - Setting next_dagrun for extract_open_meteo_v2 to 2025-10-15 22:00:00+00:00, run_after=2025-10-16 22:00:00+00:00
[2025-10-16T18:23:43.234+0000] {processor.py:183} INFO - Processing /opt/airflow/dags/extract_open_meteo_dag.py took 0.315 seconds
[2025-10-16T18:24:13.829+0000] {processor.py:161} INFO - Started process (PID=387) to work on /opt/airflow/dags/extract_open_meteo_dag.py
[2025-10-16T18:24:13.831+0000] {processor.py:830} INFO - Processing file /opt/airflow/dags/extract_open_meteo_dag.py for tasks to queue
[2025-10-16T18:24:13.834+0000] {logging_mixin.py:188} INFO - [2025-10-16T18:24:13.833+0000] {dagbag.py:540} INFO - Filling up the DagBag from /opt/airflow/dags/extract_open_meteo_dag.py
[2025-10-16T18:24:13.884+0000] {processor.py:840} INFO - DAG(s) 'extract_open_meteo_v2' retrieved from /opt/airflow/dags/extract_open_meteo_dag.py
[2025-10-16T18:24:13.978+0000] {logging_mixin.py:188} INFO - [2025-10-16T18:24:13.977+0000] {dag.py:3047} INFO - Sync 1 DAGs
[2025-10-16T18:24:14.047+0000] {logging_mixin.py:188} INFO - [2025-10-16T18:24:14.046+0000] {dag.py:3834} INFO - Setting next_dagrun for extract_open_meteo_v2 to 2025-10-15 22:00:00+00:00, run_after=2025-10-16 22:00:00+00:00
[2025-10-16T18:24:14.127+0000] {processor.py:183} INFO - Processing /opt/airflow/dags/extract_open_meteo_dag.py took 0.306 seconds
[2025-10-16T18:24:35.994+0000] {processor.py:161} INFO - Started process (PID=404) to work on /opt/airflow/dags/extract_open_meteo_dag.py
[2025-10-16T18:24:35.996+0000] {processor.py:830} INFO - Processing file /opt/airflow/dags/extract_open_meteo_dag.py for tasks to queue
[2025-10-16T18:24:35.999+0000] {logging_mixin.py:188} INFO - [2025-10-16T18:24:35.998+0000] {dagbag.py:540} INFO - Filling up the DagBag from /opt/airflow/dags/extract_open_meteo_dag.py
[2025-10-16T18:24:36.069+0000] {processor.py:840} INFO - DAG(s) 'extract_open_meteo_v2' retrieved from /opt/airflow/dags/extract_open_meteo_dag.py
[2025-10-16T18:24:36.182+0000] {logging_mixin.py:188} INFO - [2025-10-16T18:24:36.181+0000] {dag.py:3047} INFO - Sync 1 DAGs
[2025-10-16T18:24:36.264+0000] {logging_mixin.py:188} INFO - [2025-10-16T18:24:36.263+0000] {dag.py:3834} INFO - Setting next_dagrun for extract_open_meteo_v2 to 2025-10-15 22:00:00+00:00, run_after=2025-10-16 22:00:00+00:00
[2025-10-16T18:24:36.361+0000] {processor.py:183} INFO - Processing /opt/airflow/dags/extract_open_meteo_dag.py took 0.373 seconds
[2025-10-16T18:25:06.756+0000] {processor.py:161} INFO - Started process (PID=419) to work on /opt/airflow/dags/extract_open_meteo_dag.py
[2025-10-16T18:25:06.759+0000] {processor.py:830} INFO - Processing file /opt/airflow/dags/extract_open_meteo_dag.py for tasks to queue
[2025-10-16T18:25:06.762+0000] {logging_mixin.py:188} INFO - [2025-10-16T18:25:06.761+0000] {dagbag.py:540} INFO - Filling up the DagBag from /opt/airflow/dags/extract_open_meteo_dag.py
[2025-10-16T18:25:06.813+0000] {processor.py:840} INFO - DAG(s) 'extract_open_meteo_v2' retrieved from /opt/airflow/dags/extract_open_meteo_dag.py
[2025-10-16T18:25:06.941+0000] {logging_mixin.py:188} INFO - [2025-10-16T18:25:06.940+0000] {dag.py:3047} INFO - Sync 1 DAGs
[2025-10-16T18:25:07.006+0000] {logging_mixin.py:188} INFO - [2025-10-16T18:25:07.005+0000] {dag.py:3834} INFO - Setting next_dagrun for extract_open_meteo_v2 to 2025-10-15 22:00:00+00:00, run_after=2025-10-16 22:00:00+00:00
[2025-10-16T18:25:07.080+0000] {processor.py:183} INFO - Processing /opt/airflow/dags/extract_open_meteo_dag.py took 0.329 seconds
[2025-10-16T18:25:37.353+0000] {processor.py:161} INFO - Started process (PID=434) to work on /opt/airflow/dags/extract_open_meteo_dag.py
[2025-10-16T18:25:37.358+0000] {processor.py:830} INFO - Processing file /opt/airflow/dags/extract_open_meteo_dag.py for tasks to queue
[2025-10-16T18:25:37.361+0000] {logging_mixin.py:188} INFO - [2025-10-16T18:25:37.360+0000] {dagbag.py:540} INFO - Filling up the DagBag from /opt/airflow/dags/extract_open_meteo_dag.py
[2025-10-16T18:25:37.414+0000] {processor.py:840} INFO - DAG(s) 'extract_open_meteo_v2' retrieved from /opt/airflow/dags/extract_open_meteo_dag.py
[2025-10-16T18:25:37.553+0000] {logging_mixin.py:188} INFO - [2025-10-16T18:25:37.552+0000] {dag.py:3047} INFO - Sync 1 DAGs
[2025-10-16T18:25:37.687+0000] {logging_mixin.py:188} INFO - [2025-10-16T18:25:37.686+0000] {dag.py:3834} INFO - Setting next_dagrun for extract_open_meteo_v2 to 2025-10-15 22:00:00+00:00, run_after=2025-10-16 22:00:00+00:00
[2025-10-16T18:25:37.857+0000] {processor.py:183} INFO - Processing /opt/airflow/dags/extract_open_meteo_dag.py took 0.512 seconds
[2025-10-16T18:26:08.765+0000] {processor.py:161} INFO - Started process (PID=449) to work on /opt/airflow/dags/extract_open_meteo_dag.py
[2025-10-16T18:26:08.768+0000] {processor.py:830} INFO - Processing file /opt/airflow/dags/extract_open_meteo_dag.py for tasks to queue
[2025-10-16T18:26:08.774+0000] {logging_mixin.py:188} INFO - [2025-10-16T18:26:08.773+0000] {dagbag.py:540} INFO - Filling up the DagBag from /opt/airflow/dags/extract_open_meteo_dag.py
[2025-10-16T18:26:08.860+0000] {processor.py:840} INFO - DAG(s) 'extract_open_meteo_v2' retrieved from /opt/airflow/dags/extract_open_meteo_dag.py
[2025-10-16T18:26:08.961+0000] {logging_mixin.py:188} INFO - [2025-10-16T18:26:08.960+0000] {dag.py:3047} INFO - Sync 1 DAGs
[2025-10-16T18:26:09.040+0000] {logging_mixin.py:188} INFO - [2025-10-16T18:26:09.040+0000] {dag.py:3834} INFO - Setting next_dagrun for extract_open_meteo_v2 to 2025-10-15 22:00:00+00:00, run_after=2025-10-16 22:00:00+00:00
[2025-10-16T18:26:09.116+0000] {processor.py:183} INFO - Processing /opt/airflow/dags/extract_open_meteo_dag.py took 0.364 seconds
[2025-10-16T18:26:39.628+0000] {processor.py:161} INFO - Started process (PID=464) to work on /opt/airflow/dags/extract_open_meteo_dag.py
[2025-10-16T18:26:39.629+0000] {processor.py:830} INFO - Processing file /opt/airflow/dags/extract_open_meteo_dag.py for tasks to queue
[2025-10-16T18:26:39.632+0000] {logging_mixin.py:188} INFO - [2025-10-16T18:26:39.631+0000] {dagbag.py:540} INFO - Filling up the DagBag from /opt/airflow/dags/extract_open_meteo_dag.py
[2025-10-16T18:26:39.668+0000] {processor.py:840} INFO - DAG(s) 'extract_open_meteo_v2' retrieved from /opt/airflow/dags/extract_open_meteo_dag.py
[2025-10-16T18:26:39.752+0000] {logging_mixin.py:188} INFO - [2025-10-16T18:26:39.751+0000] {dag.py:3047} INFO - Sync 1 DAGs
[2025-10-16T18:26:39.809+0000] {logging_mixin.py:188} INFO - [2025-10-16T18:26:39.808+0000] {dag.py:3834} INFO - Setting next_dagrun for extract_open_meteo_v2 to 2025-10-15 22:00:00+00:00, run_after=2025-10-16 22:00:00+00:00
[2025-10-16T18:26:39.879+0000] {processor.py:183} INFO - Processing /opt/airflow/dags/extract_open_meteo_dag.py took 0.254 seconds
[2025-10-16T18:27:10.394+0000] {processor.py:161} INFO - Started process (PID=479) to work on /opt/airflow/dags/extract_open_meteo_dag.py
[2025-10-16T18:27:10.396+0000] {processor.py:830} INFO - Processing file /opt/airflow/dags/extract_open_meteo_dag.py for tasks to queue
[2025-10-16T18:27:10.399+0000] {logging_mixin.py:188} INFO - [2025-10-16T18:27:10.398+0000] {dagbag.py:540} INFO - Filling up the DagBag from /opt/airflow/dags/extract_open_meteo_dag.py
[2025-10-16T18:27:10.437+0000] {processor.py:840} INFO - DAG(s) 'extract_open_meteo_v2' retrieved from /opt/airflow/dags/extract_open_meteo_dag.py
[2025-10-16T18:27:10.531+0000] {logging_mixin.py:188} INFO - [2025-10-16T18:27:10.530+0000] {dag.py:3047} INFO - Sync 1 DAGs
[2025-10-16T18:27:10.592+0000] {logging_mixin.py:188} INFO - [2025-10-16T18:27:10.592+0000] {dag.py:3834} INFO - Setting next_dagrun for extract_open_meteo_v2 to 2025-10-15 22:00:00+00:00, run_after=2025-10-16 22:00:00+00:00
[2025-10-16T18:27:10.660+0000] {processor.py:183} INFO - Processing /opt/airflow/dags/extract_open_meteo_dag.py took 0.270 seconds
[2025-10-16T18:27:41.163+0000] {processor.py:161} INFO - Started process (PID=494) to work on /opt/airflow/dags/extract_open_meteo_dag.py
[2025-10-16T18:27:41.166+0000] {processor.py:830} INFO - Processing file /opt/airflow/dags/extract_open_meteo_dag.py for tasks to queue
[2025-10-16T18:27:41.168+0000] {logging_mixin.py:188} INFO - [2025-10-16T18:27:41.167+0000] {dagbag.py:540} INFO - Filling up the DagBag from /opt/airflow/dags/extract_open_meteo_dag.py
[2025-10-16T18:27:41.203+0000] {processor.py:840} INFO - DAG(s) 'extract_open_meteo_v2' retrieved from /opt/airflow/dags/extract_open_meteo_dag.py
[2025-10-16T18:27:41.292+0000] {logging_mixin.py:188} INFO - [2025-10-16T18:27:41.292+0000] {dag.py:3047} INFO - Sync 1 DAGs
[2025-10-16T18:27:41.396+0000] {logging_mixin.py:188} INFO - [2025-10-16T18:27:41.395+0000] {dag.py:3834} INFO - Setting next_dagrun for extract_open_meteo_v2 to 2025-10-15 22:00:00+00:00, run_after=2025-10-16 22:00:00+00:00
[2025-10-16T18:27:41.486+0000] {processor.py:183} INFO - Processing /opt/airflow/dags/extract_open_meteo_dag.py took 0.328 seconds
[2025-10-16T18:28:11.733+0000] {processor.py:161} INFO - Started process (PID=509) to work on /opt/airflow/dags/extract_open_meteo_dag.py
[2025-10-16T18:28:11.735+0000] {processor.py:830} INFO - Processing file /opt/airflow/dags/extract_open_meteo_dag.py for tasks to queue
[2025-10-16T18:28:11.737+0000] {logging_mixin.py:188} INFO - [2025-10-16T18:28:11.736+0000] {dagbag.py:540} INFO - Filling up the DagBag from /opt/airflow/dags/extract_open_meteo_dag.py
[2025-10-16T18:28:11.780+0000] {processor.py:840} INFO - DAG(s) 'extract_open_meteo_v2' retrieved from /opt/airflow/dags/extract_open_meteo_dag.py
[2025-10-16T18:28:11.888+0000] {logging_mixin.py:188} INFO - [2025-10-16T18:28:11.887+0000] {dag.py:3047} INFO - Sync 1 DAGs
[2025-10-16T18:28:11.966+0000] {logging_mixin.py:188} INFO - [2025-10-16T18:28:11.966+0000] {dag.py:3834} INFO - Setting next_dagrun for extract_open_meteo_v2 to 2025-10-15 22:00:00+00:00, run_after=2025-10-16 22:00:00+00:00
[2025-10-16T18:28:12.042+0000] {processor.py:183} INFO - Processing /opt/airflow/dags/extract_open_meteo_dag.py took 0.315 seconds
[2025-10-16T18:28:42.671+0000] {processor.py:161} INFO - Started process (PID=524) to work on /opt/airflow/dags/extract_open_meteo_dag.py
[2025-10-16T18:28:42.673+0000] {processor.py:830} INFO - Processing file /opt/airflow/dags/extract_open_meteo_dag.py for tasks to queue
[2025-10-16T18:28:42.676+0000] {logging_mixin.py:188} INFO - [2025-10-16T18:28:42.675+0000] {dagbag.py:540} INFO - Filling up the DagBag from /opt/airflow/dags/extract_open_meteo_dag.py
[2025-10-16T18:28:42.747+0000] {processor.py:840} INFO - DAG(s) 'extract_open_meteo_v2' retrieved from /opt/airflow/dags/extract_open_meteo_dag.py
[2025-10-16T18:28:42.854+0000] {logging_mixin.py:188} INFO - [2025-10-16T18:28:42.854+0000] {dag.py:3047} INFO - Sync 1 DAGs
[2025-10-16T18:28:42.926+0000] {logging_mixin.py:188} INFO - [2025-10-16T18:28:42.926+0000] {dag.py:3834} INFO - Setting next_dagrun for extract_open_meteo_v2 to 2025-10-15 22:00:00+00:00, run_after=2025-10-16 22:00:00+00:00
[2025-10-16T18:28:43.012+0000] {processor.py:183} INFO - Processing /opt/airflow/dags/extract_open_meteo_dag.py took 0.349 seconds
[2025-10-16T18:29:13.354+0000] {processor.py:161} INFO - Started process (PID=539) to work on /opt/airflow/dags/extract_open_meteo_dag.py
[2025-10-16T18:29:13.357+0000] {processor.py:830} INFO - Processing file /opt/airflow/dags/extract_open_meteo_dag.py for tasks to queue
[2025-10-16T18:29:13.359+0000] {logging_mixin.py:188} INFO - [2025-10-16T18:29:13.359+0000] {dagbag.py:540} INFO - Filling up the DagBag from /opt/airflow/dags/extract_open_meteo_dag.py
[2025-10-16T18:29:13.407+0000] {processor.py:840} INFO - DAG(s) 'extract_open_meteo_v2' retrieved from /opt/airflow/dags/extract_open_meteo_dag.py
[2025-10-16T18:29:13.488+0000] {logging_mixin.py:188} INFO - [2025-10-16T18:29:13.488+0000] {dag.py:3047} INFO - Sync 1 DAGs
[2025-10-16T18:29:13.549+0000] {logging_mixin.py:188} INFO - [2025-10-16T18:29:13.548+0000] {dag.py:3834} INFO - Setting next_dagrun for extract_open_meteo_v2 to 2025-10-15 22:00:00+00:00, run_after=2025-10-16 22:00:00+00:00
[2025-10-16T18:29:13.621+0000] {processor.py:183} INFO - Processing /opt/airflow/dags/extract_open_meteo_dag.py took 0.272 seconds
[2025-10-16T18:29:43.892+0000] {processor.py:161} INFO - Started process (PID=557) to work on /opt/airflow/dags/extract_open_meteo_dag.py
[2025-10-16T18:29:43.894+0000] {processor.py:830} INFO - Processing file /opt/airflow/dags/extract_open_meteo_dag.py for tasks to queue
[2025-10-16T18:29:43.897+0000] {logging_mixin.py:188} INFO - [2025-10-16T18:29:43.896+0000] {dagbag.py:540} INFO - Filling up the DagBag from /opt/airflow/dags/extract_open_meteo_dag.py
[2025-10-16T18:29:43.943+0000] {processor.py:840} INFO - DAG(s) 'extract_open_meteo_v2' retrieved from /opt/airflow/dags/extract_open_meteo_dag.py
[2025-10-16T18:29:44.039+0000] {logging_mixin.py:188} INFO - [2025-10-16T18:29:44.038+0000] {dag.py:3047} INFO - Sync 1 DAGs
[2025-10-16T18:29:44.105+0000] {logging_mixin.py:188} INFO - [2025-10-16T18:29:44.104+0000] {dag.py:3834} INFO - Setting next_dagrun for extract_open_meteo_v2 to 2025-10-15 22:00:00+00:00, run_after=2025-10-16 22:00:00+00:00
[2025-10-16T18:29:44.178+0000] {processor.py:183} INFO - Processing /opt/airflow/dags/extract_open_meteo_dag.py took 0.292 seconds
[2025-10-16T18:30:14.384+0000] {processor.py:161} INFO - Started process (PID=592) to work on /opt/airflow/dags/extract_open_meteo_dag.py
[2025-10-16T18:30:14.386+0000] {processor.py:830} INFO - Processing file /opt/airflow/dags/extract_open_meteo_dag.py for tasks to queue
[2025-10-16T18:30:14.389+0000] {logging_mixin.py:188} INFO - [2025-10-16T18:30:14.388+0000] {dagbag.py:540} INFO - Filling up the DagBag from /opt/airflow/dags/extract_open_meteo_dag.py
[2025-10-16T18:30:14.434+0000] {processor.py:840} INFO - DAG(s) 'extract_open_meteo_v2' retrieved from /opt/airflow/dags/extract_open_meteo_dag.py
[2025-10-16T18:30:14.524+0000] {logging_mixin.py:188} INFO - [2025-10-16T18:30:14.524+0000] {dag.py:3047} INFO - Sync 1 DAGs
[2025-10-16T18:30:14.624+0000] {logging_mixin.py:188} INFO - [2025-10-16T18:30:14.624+0000] {dag.py:3834} INFO - Setting next_dagrun for extract_open_meteo_v2 to 2025-10-15 22:00:00+00:00, run_after=2025-10-16 22:00:00+00:00
[2025-10-16T18:30:14.689+0000] {processor.py:183} INFO - Processing /opt/airflow/dags/extract_open_meteo_dag.py took 0.310 seconds
[2025-10-16T18:30:44.948+0000] {processor.py:161} INFO - Started process (PID=627) to work on /opt/airflow/dags/extract_open_meteo_dag.py
[2025-10-16T18:30:44.951+0000] {processor.py:830} INFO - Processing file /opt/airflow/dags/extract_open_meteo_dag.py for tasks to queue
[2025-10-16T18:30:44.954+0000] {logging_mixin.py:188} INFO - [2025-10-16T18:30:44.953+0000] {dagbag.py:540} INFO - Filling up the DagBag from /opt/airflow/dags/extract_open_meteo_dag.py
[2025-10-16T18:30:45.011+0000] {processor.py:840} INFO - DAG(s) 'extract_open_meteo_v2' retrieved from /opt/airflow/dags/extract_open_meteo_dag.py
[2025-10-16T18:30:45.112+0000] {logging_mixin.py:188} INFO - [2025-10-16T18:30:45.112+0000] {dag.py:3047} INFO - Sync 1 DAGs
[2025-10-16T18:30:45.185+0000] {logging_mixin.py:188} INFO - [2025-10-16T18:30:45.184+0000] {dag.py:3834} INFO - Setting next_dagrun for extract_open_meteo_v2 to 2025-10-15 22:00:00+00:00, run_after=2025-10-16 22:00:00+00:00
[2025-10-16T18:30:45.261+0000] {processor.py:183} INFO - Processing /opt/airflow/dags/extract_open_meteo_dag.py took 0.320 seconds
[2025-10-16T18:31:15.726+0000] {processor.py:161} INFO - Started process (PID=642) to work on /opt/airflow/dags/extract_open_meteo_dag.py
[2025-10-16T18:31:15.729+0000] {processor.py:830} INFO - Processing file /opt/airflow/dags/extract_open_meteo_dag.py for tasks to queue
[2025-10-16T18:31:15.731+0000] {logging_mixin.py:188} INFO - [2025-10-16T18:31:15.730+0000] {dagbag.py:540} INFO - Filling up the DagBag from /opt/airflow/dags/extract_open_meteo_dag.py
[2025-10-16T18:31:15.772+0000] {processor.py:840} INFO - DAG(s) 'extract_open_meteo_v2' retrieved from /opt/airflow/dags/extract_open_meteo_dag.py
[2025-10-16T18:31:15.870+0000] {logging_mixin.py:188} INFO - [2025-10-16T18:31:15.869+0000] {dag.py:3047} INFO - Sync 1 DAGs
[2025-10-16T18:31:15.931+0000] {logging_mixin.py:188} INFO - [2025-10-16T18:31:15.930+0000] {dag.py:3834} INFO - Setting next_dagrun for extract_open_meteo_v2 to 2025-10-15 22:00:00+00:00, run_after=2025-10-16 22:00:00+00:00
[2025-10-16T18:31:16.006+0000] {processor.py:183} INFO - Processing /opt/airflow/dags/extract_open_meteo_dag.py took 0.284 seconds
[2025-10-16T18:31:46.507+0000] {processor.py:161} INFO - Started process (PID=657) to work on /opt/airflow/dags/extract_open_meteo_dag.py
[2025-10-16T18:31:46.510+0000] {processor.py:830} INFO - Processing file /opt/airflow/dags/extract_open_meteo_dag.py for tasks to queue
[2025-10-16T18:31:46.513+0000] {logging_mixin.py:188} INFO - [2025-10-16T18:31:46.512+0000] {dagbag.py:540} INFO - Filling up the DagBag from /opt/airflow/dags/extract_open_meteo_dag.py
[2025-10-16T18:31:46.571+0000] {processor.py:840} INFO - DAG(s) 'extract_open_meteo_v2' retrieved from /opt/airflow/dags/extract_open_meteo_dag.py
[2025-10-16T18:31:46.686+0000] {logging_mixin.py:188} INFO - [2025-10-16T18:31:46.686+0000] {dag.py:3047} INFO - Sync 1 DAGs
[2025-10-16T18:31:46.765+0000] {logging_mixin.py:188} INFO - [2025-10-16T18:31:46.764+0000] {dag.py:3834} INFO - Setting next_dagrun for extract_open_meteo_v2 to 2025-10-15 22:00:00+00:00, run_after=2025-10-16 22:00:00+00:00
[2025-10-16T18:31:46.868+0000] {processor.py:183} INFO - Processing /opt/airflow/dags/extract_open_meteo_dag.py took 0.366 seconds
[2025-10-16T18:32:17.250+0000] {processor.py:161} INFO - Started process (PID=672) to work on /opt/airflow/dags/extract_open_meteo_dag.py
[2025-10-16T18:32:17.252+0000] {processor.py:830} INFO - Processing file /opt/airflow/dags/extract_open_meteo_dag.py for tasks to queue
[2025-10-16T18:32:17.254+0000] {logging_mixin.py:188} INFO - [2025-10-16T18:32:17.253+0000] {dagbag.py:540} INFO - Filling up the DagBag from /opt/airflow/dags/extract_open_meteo_dag.py
[2025-10-16T18:32:17.288+0000] {processor.py:840} INFO - DAG(s) 'extract_open_meteo_v2' retrieved from /opt/airflow/dags/extract_open_meteo_dag.py
[2025-10-16T18:32:17.368+0000] {logging_mixin.py:188} INFO - [2025-10-16T18:32:17.368+0000] {dag.py:3047} INFO - Sync 1 DAGs
[2025-10-16T18:32:17.423+0000] {logging_mixin.py:188} INFO - [2025-10-16T18:32:17.423+0000] {dag.py:3834} INFO - Setting next_dagrun for extract_open_meteo_v2 to 2025-10-15 22:00:00+00:00, run_after=2025-10-16 22:00:00+00:00
[2025-10-16T18:32:17.487+0000] {processor.py:183} INFO - Processing /opt/airflow/dags/extract_open_meteo_dag.py took 0.241 seconds
