[2025-10-16T18:18:33.434+0000] {processor.py:161} INFO - Started process (PID=174) to work on /opt/airflow/dags/weather_gold_v1.py
[2025-10-16T18:18:33.438+0000] {processor.py:830} INFO - Processing file /opt/airflow/dags/weather_gold_v1.py for tasks to queue
[2025-10-16T18:18:33.443+0000] {logging_mixin.py:188} INFO - [2025-10-16T18:18:33.442+0000] {dagbag.py:540} INFO - Filling up the DagBag from /opt/airflow/dags/weather_gold_v1.py
[2025-10-16T18:18:33.499+0000] {processor.py:840} INFO - DAG(s) 'weather_gold_v1' retrieved from /opt/airflow/dags/weather_gold_v1.py
[2025-10-16T18:18:33.635+0000] {logging_mixin.py:188} INFO - [2025-10-16T18:18:33.634+0000] {dag.py:3047} INFO - Sync 1 DAGs
[2025-10-16T18:18:33.771+0000] {logging_mixin.py:188} INFO - [2025-10-16T18:18:33.771+0000] {dag.py:3834} INFO - Setting next_dagrun for weather_gold_v1 to 2025-10-12 00:00:00+00:00, run_after=2025-10-19 00:00:00+00:00
[2025-10-16T18:18:33.882+0000] {processor.py:183} INFO - Processing /opt/airflow/dags/weather_gold_v1.py took 0.458 seconds
[2025-10-16T18:19:04.111+0000] {processor.py:161} INFO - Started process (PID=234) to work on /opt/airflow/dags/weather_gold_v1.py
[2025-10-16T18:19:04.113+0000] {processor.py:830} INFO - Processing file /opt/airflow/dags/weather_gold_v1.py for tasks to queue
[2025-10-16T18:19:04.115+0000] {logging_mixin.py:188} INFO - [2025-10-16T18:19:04.115+0000] {dagbag.py:540} INFO - Filling up the DagBag from /opt/airflow/dags/weather_gold_v1.py
[2025-10-16T18:19:04.157+0000] {processor.py:840} INFO - DAG(s) 'weather_gold_v1' retrieved from /opt/airflow/dags/weather_gold_v1.py
[2025-10-16T18:19:04.239+0000] {logging_mixin.py:188} INFO - [2025-10-16T18:19:04.238+0000] {dag.py:3047} INFO - Sync 1 DAGs
[2025-10-16T18:19:04.315+0000] {logging_mixin.py:188} INFO - [2025-10-16T18:19:04.315+0000] {dag.py:3834} INFO - Setting next_dagrun for weather_gold_v1 to 2025-10-12 00:00:00+00:00, run_after=2025-10-19 00:00:00+00:00
[2025-10-16T18:19:04.408+0000] {processor.py:183} INFO - Processing /opt/airflow/dags/weather_gold_v1.py took 0.301 seconds
[2025-10-16T18:19:35.068+0000] {processor.py:161} INFO - Started process (PID=249) to work on /opt/airflow/dags/weather_gold_v1.py
[2025-10-16T18:19:35.071+0000] {processor.py:830} INFO - Processing file /opt/airflow/dags/weather_gold_v1.py for tasks to queue
[2025-10-16T18:19:35.074+0000] {logging_mixin.py:188} INFO - [2025-10-16T18:19:35.072+0000] {dagbag.py:540} INFO - Filling up the DagBag from /opt/airflow/dags/weather_gold_v1.py
[2025-10-16T18:19:35.128+0000] {processor.py:840} INFO - DAG(s) 'weather_gold_v1' retrieved from /opt/airflow/dags/weather_gold_v1.py
[2025-10-16T18:19:35.245+0000] {logging_mixin.py:188} INFO - [2025-10-16T18:19:35.244+0000] {dag.py:3047} INFO - Sync 1 DAGs
[2025-10-16T18:19:35.314+0000] {logging_mixin.py:188} INFO - [2025-10-16T18:19:35.314+0000] {dag.py:3834} INFO - Setting next_dagrun for weather_gold_v1 to 2025-10-12 00:00:00+00:00, run_after=2025-10-19 00:00:00+00:00
[2025-10-16T18:19:35.399+0000] {processor.py:183} INFO - Processing /opt/airflow/dags/weather_gold_v1.py took 0.337 seconds
[2025-10-16T18:20:05.858+0000] {processor.py:161} INFO - Started process (PID=264) to work on /opt/airflow/dags/weather_gold_v1.py
[2025-10-16T18:20:05.860+0000] {processor.py:830} INFO - Processing file /opt/airflow/dags/weather_gold_v1.py for tasks to queue
[2025-10-16T18:20:05.864+0000] {logging_mixin.py:188} INFO - [2025-10-16T18:20:05.863+0000] {dagbag.py:540} INFO - Filling up the DagBag from /opt/airflow/dags/weather_gold_v1.py
[2025-10-16T18:20:05.937+0000] {processor.py:840} INFO - DAG(s) 'weather_gold_v1' retrieved from /opt/airflow/dags/weather_gold_v1.py
[2025-10-16T18:20:06.049+0000] {logging_mixin.py:188} INFO - [2025-10-16T18:20:06.049+0000] {dag.py:3047} INFO - Sync 1 DAGs
[2025-10-16T18:20:06.118+0000] {logging_mixin.py:188} INFO - [2025-10-16T18:20:06.117+0000] {dag.py:3834} INFO - Setting next_dagrun for weather_gold_v1 to 2025-10-12 00:00:00+00:00, run_after=2025-10-19 00:00:00+00:00
[2025-10-16T18:20:06.192+0000] {processor.py:183} INFO - Processing /opt/airflow/dags/weather_gold_v1.py took 0.345 seconds
[2025-10-16T18:20:36.742+0000] {processor.py:161} INFO - Started process (PID=279) to work on /opt/airflow/dags/weather_gold_v1.py
[2025-10-16T18:20:36.748+0000] {processor.py:830} INFO - Processing file /opt/airflow/dags/weather_gold_v1.py for tasks to queue
[2025-10-16T18:20:36.752+0000] {logging_mixin.py:188} INFO - [2025-10-16T18:20:36.750+0000] {dagbag.py:540} INFO - Filling up the DagBag from /opt/airflow/dags/weather_gold_v1.py
[2025-10-16T18:20:36.809+0000] {processor.py:840} INFO - DAG(s) 'weather_gold_v1' retrieved from /opt/airflow/dags/weather_gold_v1.py
[2025-10-16T18:20:36.928+0000] {logging_mixin.py:188} INFO - [2025-10-16T18:20:36.928+0000] {dag.py:3047} INFO - Sync 1 DAGs
[2025-10-16T18:20:37.016+0000] {logging_mixin.py:188} INFO - [2025-10-16T18:20:37.015+0000] {dag.py:3834} INFO - Setting next_dagrun for weather_gold_v1 to 2025-10-12 00:00:00+00:00, run_after=2025-10-19 00:00:00+00:00
[2025-10-16T18:20:37.099+0000] {processor.py:183} INFO - Processing /opt/airflow/dags/weather_gold_v1.py took 0.382 seconds
[2025-10-16T18:21:07.711+0000] {processor.py:161} INFO - Started process (PID=294) to work on /opt/airflow/dags/weather_gold_v1.py
[2025-10-16T18:21:07.713+0000] {processor.py:830} INFO - Processing file /opt/airflow/dags/weather_gold_v1.py for tasks to queue
[2025-10-16T18:21:07.717+0000] {logging_mixin.py:188} INFO - [2025-10-16T18:21:07.716+0000] {dagbag.py:540} INFO - Filling up the DagBag from /opt/airflow/dags/weather_gold_v1.py
[2025-10-16T18:21:07.893+0000] {processor.py:840} INFO - DAG(s) 'weather_gold_v1' retrieved from /opt/airflow/dags/weather_gold_v1.py
[2025-10-16T18:21:08.068+0000] {logging_mixin.py:188} INFO - [2025-10-16T18:21:08.067+0000] {dag.py:3047} INFO - Sync 1 DAGs
[2025-10-16T18:21:08.401+0000] {logging_mixin.py:188} INFO - [2025-10-16T18:21:08.400+0000] {dag.py:3834} INFO - Setting next_dagrun for weather_gold_v1 to 2025-10-12 00:00:00+00:00, run_after=2025-10-19 00:00:00+00:00
[2025-10-16T18:21:08.588+0000] {processor.py:183} INFO - Processing /opt/airflow/dags/weather_gold_v1.py took 0.886 seconds
[2025-10-16T18:21:39.175+0000] {processor.py:161} INFO - Started process (PID=309) to work on /opt/airflow/dags/weather_gold_v1.py
[2025-10-16T18:21:39.180+0000] {processor.py:830} INFO - Processing file /opt/airflow/dags/weather_gold_v1.py for tasks to queue
[2025-10-16T18:21:39.182+0000] {logging_mixin.py:188} INFO - [2025-10-16T18:21:39.181+0000] {dagbag.py:540} INFO - Filling up the DagBag from /opt/airflow/dags/weather_gold_v1.py
[2025-10-16T18:21:39.222+0000] {processor.py:840} INFO - DAG(s) 'weather_gold_v1' retrieved from /opt/airflow/dags/weather_gold_v1.py
[2025-10-16T18:21:39.680+0000] {logging_mixin.py:188} INFO - [2025-10-16T18:21:39.679+0000] {dag.py:3047} INFO - Sync 1 DAGs
[2025-10-16T18:21:39.746+0000] {logging_mixin.py:188} INFO - [2025-10-16T18:21:39.745+0000] {dag.py:3834} INFO - Setting next_dagrun for weather_gold_v1 to 2025-10-12 00:00:00+00:00, run_after=2025-10-19 00:00:00+00:00
[2025-10-16T18:21:39.813+0000] {processor.py:183} INFO - Processing /opt/airflow/dags/weather_gold_v1.py took 0.666 seconds
[2025-10-16T18:22:10.266+0000] {processor.py:161} INFO - Started process (PID=324) to work on /opt/airflow/dags/weather_gold_v1.py
[2025-10-16T18:22:10.269+0000] {processor.py:830} INFO - Processing file /opt/airflow/dags/weather_gold_v1.py for tasks to queue
[2025-10-16T18:22:10.272+0000] {logging_mixin.py:188} INFO - [2025-10-16T18:22:10.271+0000] {dagbag.py:540} INFO - Filling up the DagBag from /opt/airflow/dags/weather_gold_v1.py
[2025-10-16T18:22:10.313+0000] {processor.py:840} INFO - DAG(s) 'weather_gold_v1' retrieved from /opt/airflow/dags/weather_gold_v1.py
[2025-10-16T18:22:10.419+0000] {logging_mixin.py:188} INFO - [2025-10-16T18:22:10.419+0000] {dag.py:3047} INFO - Sync 1 DAGs
[2025-10-16T18:22:10.503+0000] {logging_mixin.py:188} INFO - [2025-10-16T18:22:10.503+0000] {dag.py:3834} INFO - Setting next_dagrun for weather_gold_v1 to 2025-10-12 00:00:00+00:00, run_after=2025-10-19 00:00:00+00:00
[2025-10-16T18:22:10.598+0000] {processor.py:183} INFO - Processing /opt/airflow/dags/weather_gold_v1.py took 0.337 seconds
[2025-10-16T18:22:41.093+0000] {processor.py:161} INFO - Started process (PID=339) to work on /opt/airflow/dags/weather_gold_v1.py
[2025-10-16T18:22:41.096+0000] {processor.py:830} INFO - Processing file /opt/airflow/dags/weather_gold_v1.py for tasks to queue
[2025-10-16T18:22:41.100+0000] {logging_mixin.py:188} INFO - [2025-10-16T18:22:41.099+0000] {dagbag.py:540} INFO - Filling up the DagBag from /opt/airflow/dags/weather_gold_v1.py
[2025-10-16T18:22:41.191+0000] {processor.py:840} INFO - DAG(s) 'weather_gold_v1' retrieved from /opt/airflow/dags/weather_gold_v1.py
[2025-10-16T18:22:41.316+0000] {logging_mixin.py:188} INFO - [2025-10-16T18:22:41.315+0000] {dag.py:3047} INFO - Sync 1 DAGs
[2025-10-16T18:22:41.400+0000] {logging_mixin.py:188} INFO - [2025-10-16T18:22:41.400+0000] {dag.py:3834} INFO - Setting next_dagrun for weather_gold_v1 to 2025-10-12 00:00:00+00:00, run_after=2025-10-19 00:00:00+00:00
[2025-10-16T18:22:41.505+0000] {processor.py:183} INFO - Processing /opt/airflow/dags/weather_gold_v1.py took 0.420 seconds
[2025-10-16T18:23:12.084+0000] {processor.py:161} INFO - Started process (PID=354) to work on /opt/airflow/dags/weather_gold_v1.py
[2025-10-16T18:23:12.086+0000] {processor.py:830} INFO - Processing file /opt/airflow/dags/weather_gold_v1.py for tasks to queue
[2025-10-16T18:23:12.089+0000] {logging_mixin.py:188} INFO - [2025-10-16T18:23:12.088+0000] {dagbag.py:540} INFO - Filling up the DagBag from /opt/airflow/dags/weather_gold_v1.py
[2025-10-16T18:23:12.133+0000] {processor.py:840} INFO - DAG(s) 'weather_gold_v1' retrieved from /opt/airflow/dags/weather_gold_v1.py
[2025-10-16T18:23:12.236+0000] {logging_mixin.py:188} INFO - [2025-10-16T18:23:12.236+0000] {dag.py:3047} INFO - Sync 1 DAGs
[2025-10-16T18:23:12.331+0000] {logging_mixin.py:188} INFO - [2025-10-16T18:23:12.331+0000] {dag.py:3834} INFO - Setting next_dagrun for weather_gold_v1 to 2025-10-12 00:00:00+00:00, run_after=2025-10-19 00:00:00+00:00
[2025-10-16T18:23:12.404+0000] {processor.py:183} INFO - Processing /opt/airflow/dags/weather_gold_v1.py took 0.328 seconds
[2025-10-16T18:23:42.914+0000] {processor.py:161} INFO - Started process (PID=369) to work on /opt/airflow/dags/weather_gold_v1.py
[2025-10-16T18:23:42.917+0000] {processor.py:830} INFO - Processing file /opt/airflow/dags/weather_gold_v1.py for tasks to queue
[2025-10-16T18:23:42.920+0000] {logging_mixin.py:188} INFO - [2025-10-16T18:23:42.919+0000] {dagbag.py:540} INFO - Filling up the DagBag from /opt/airflow/dags/weather_gold_v1.py
[2025-10-16T18:23:42.973+0000] {processor.py:840} INFO - DAG(s) 'weather_gold_v1' retrieved from /opt/airflow/dags/weather_gold_v1.py
[2025-10-16T18:23:43.075+0000] {logging_mixin.py:188} INFO - [2025-10-16T18:23:43.075+0000] {dag.py:3047} INFO - Sync 1 DAGs
[2025-10-16T18:23:43.148+0000] {logging_mixin.py:188} INFO - [2025-10-16T18:23:43.147+0000] {dag.py:3834} INFO - Setting next_dagrun for weather_gold_v1 to 2025-10-12 00:00:00+00:00, run_after=2025-10-19 00:00:00+00:00
[2025-10-16T18:23:43.250+0000] {processor.py:183} INFO - Processing /opt/airflow/dags/weather_gold_v1.py took 0.345 seconds
[2025-10-16T18:24:13.813+0000] {processor.py:161} INFO - Started process (PID=384) to work on /opt/airflow/dags/weather_gold_v1.py
[2025-10-16T18:24:13.815+0000] {processor.py:830} INFO - Processing file /opt/airflow/dags/weather_gold_v1.py for tasks to queue
[2025-10-16T18:24:13.818+0000] {logging_mixin.py:188} INFO - [2025-10-16T18:24:13.817+0000] {dagbag.py:540} INFO - Filling up the DagBag from /opt/airflow/dags/weather_gold_v1.py
[2025-10-16T18:24:13.862+0000] {processor.py:840} INFO - DAG(s) 'weather_gold_v1' retrieved from /opt/airflow/dags/weather_gold_v1.py
[2025-10-16T18:24:13.952+0000] {logging_mixin.py:188} INFO - [2025-10-16T18:24:13.951+0000] {dag.py:3047} INFO - Sync 1 DAGs
[2025-10-16T18:24:14.018+0000] {logging_mixin.py:188} INFO - [2025-10-16T18:24:14.017+0000] {dag.py:3834} INFO - Setting next_dagrun for weather_gold_v1 to 2025-10-12 00:00:00+00:00, run_after=2025-10-19 00:00:00+00:00
[2025-10-16T18:24:14.093+0000] {processor.py:183} INFO - Processing /opt/airflow/dags/weather_gold_v1.py took 0.287 seconds
[2025-10-16T18:24:28.715+0000] {processor.py:161} INFO - Started process (PID=399) to work on /opt/airflow/dags/weather_gold_v1.py
[2025-10-16T18:24:28.730+0000] {processor.py:830} INFO - Processing file /opt/airflow/dags/weather_gold_v1.py for tasks to queue
[2025-10-16T18:24:28.766+0000] {logging_mixin.py:188} INFO - [2025-10-16T18:24:28.765+0000] {dagbag.py:540} INFO - Filling up the DagBag from /opt/airflow/dags/weather_gold_v1.py
[2025-10-16T18:24:29.094+0000] {processor.py:840} INFO - DAG(s) 'weather_gold_v1' retrieved from /opt/airflow/dags/weather_gold_v1.py
[2025-10-16T18:24:29.468+0000] {logging_mixin.py:188} INFO - [2025-10-16T18:24:29.467+0000] {dag.py:3047} INFO - Sync 1 DAGs
[2025-10-16T18:24:29.724+0000] {logging_mixin.py:188} INFO - [2025-10-16T18:24:29.723+0000] {dag.py:3834} INFO - Setting next_dagrun for weather_gold_v1 to 2025-10-12 00:00:00+00:00, run_after=2025-10-19 00:00:00+00:00
[2025-10-16T18:24:29.828+0000] {processor.py:183} INFO - Processing /opt/airflow/dags/weather_gold_v1.py took 1.120 seconds
[2025-10-16T18:25:00.181+0000] {processor.py:161} INFO - Started process (PID=414) to work on /opt/airflow/dags/weather_gold_v1.py
[2025-10-16T18:25:00.185+0000] {processor.py:830} INFO - Processing file /opt/airflow/dags/weather_gold_v1.py for tasks to queue
[2025-10-16T18:25:00.188+0000] {logging_mixin.py:188} INFO - [2025-10-16T18:25:00.187+0000] {dagbag.py:540} INFO - Filling up the DagBag from /opt/airflow/dags/weather_gold_v1.py
[2025-10-16T18:25:00.261+0000] {processor.py:840} INFO - DAG(s) 'weather_gold_v1' retrieved from /opt/airflow/dags/weather_gold_v1.py
[2025-10-16T18:25:00.409+0000] {logging_mixin.py:188} INFO - [2025-10-16T18:25:00.409+0000] {dag.py:3047} INFO - Sync 1 DAGs
[2025-10-16T18:25:00.495+0000] {logging_mixin.py:188} INFO - [2025-10-16T18:25:00.494+0000] {dag.py:3834} INFO - Setting next_dagrun for weather_gold_v1 to 2025-10-12 00:00:00+00:00, run_after=2025-10-19 00:00:00+00:00
[2025-10-16T18:25:00.586+0000] {processor.py:183} INFO - Processing /opt/airflow/dags/weather_gold_v1.py took 0.414 seconds
[2025-10-16T18:25:30.760+0000] {processor.py:161} INFO - Started process (PID=429) to work on /opt/airflow/dags/weather_gold_v1.py
[2025-10-16T18:25:30.762+0000] {processor.py:830} INFO - Processing file /opt/airflow/dags/weather_gold_v1.py for tasks to queue
[2025-10-16T18:25:30.765+0000] {logging_mixin.py:188} INFO - [2025-10-16T18:25:30.764+0000] {dagbag.py:540} INFO - Filling up the DagBag from /opt/airflow/dags/weather_gold_v1.py
[2025-10-16T18:25:30.814+0000] {processor.py:840} INFO - DAG(s) 'weather_gold_v1' retrieved from /opt/airflow/dags/weather_gold_v1.py
[2025-10-16T18:25:30.910+0000] {logging_mixin.py:188} INFO - [2025-10-16T18:25:30.908+0000] {dag.py:3047} INFO - Sync 1 DAGs
[2025-10-16T18:25:31.013+0000] {logging_mixin.py:188} INFO - [2025-10-16T18:25:31.012+0000] {dag.py:3834} INFO - Setting next_dagrun for weather_gold_v1 to 2025-10-12 00:00:00+00:00, run_after=2025-10-19 00:00:00+00:00
[2025-10-16T18:25:31.124+0000] {processor.py:183} INFO - Processing /opt/airflow/dags/weather_gold_v1.py took 0.371 seconds
[2025-10-16T18:26:01.294+0000] {processor.py:161} INFO - Started process (PID=444) to work on /opt/airflow/dags/weather_gold_v1.py
[2025-10-16T18:26:01.297+0000] {processor.py:830} INFO - Processing file /opt/airflow/dags/weather_gold_v1.py for tasks to queue
[2025-10-16T18:26:01.300+0000] {logging_mixin.py:188} INFO - [2025-10-16T18:26:01.299+0000] {dagbag.py:540} INFO - Filling up the DagBag from /opt/airflow/dags/weather_gold_v1.py
[2025-10-16T18:26:01.348+0000] {processor.py:840} INFO - DAG(s) 'weather_gold_v1' retrieved from /opt/airflow/dags/weather_gold_v1.py
[2025-10-16T18:26:01.463+0000] {logging_mixin.py:188} INFO - [2025-10-16T18:26:01.462+0000] {dag.py:3047} INFO - Sync 1 DAGs
[2025-10-16T18:26:01.552+0000] {logging_mixin.py:188} INFO - [2025-10-16T18:26:01.552+0000] {dag.py:3834} INFO - Setting next_dagrun for weather_gold_v1 to 2025-10-12 00:00:00+00:00, run_after=2025-10-19 00:00:00+00:00
[2025-10-16T18:26:01.685+0000] {processor.py:183} INFO - Processing /opt/airflow/dags/weather_gold_v1.py took 0.396 seconds
[2025-10-16T18:26:32.502+0000] {processor.py:161} INFO - Started process (PID=459) to work on /opt/airflow/dags/weather_gold_v1.py
[2025-10-16T18:26:32.504+0000] {processor.py:830} INFO - Processing file /opt/airflow/dags/weather_gold_v1.py for tasks to queue
[2025-10-16T18:26:32.506+0000] {logging_mixin.py:188} INFO - [2025-10-16T18:26:32.506+0000] {dagbag.py:540} INFO - Filling up the DagBag from /opt/airflow/dags/weather_gold_v1.py
[2025-10-16T18:26:32.546+0000] {processor.py:840} INFO - DAG(s) 'weather_gold_v1' retrieved from /opt/airflow/dags/weather_gold_v1.py
[2025-10-16T18:26:32.639+0000] {logging_mixin.py:188} INFO - [2025-10-16T18:26:32.639+0000] {dag.py:3047} INFO - Sync 1 DAGs
[2025-10-16T18:26:32.705+0000] {logging_mixin.py:188} INFO - [2025-10-16T18:26:32.704+0000] {dag.py:3834} INFO - Setting next_dagrun for weather_gold_v1 to 2025-10-12 00:00:00+00:00, run_after=2025-10-19 00:00:00+00:00
[2025-10-16T18:26:32.780+0000] {processor.py:183} INFO - Processing /opt/airflow/dags/weather_gold_v1.py took 0.282 seconds
[2025-10-16T18:27:03.291+0000] {processor.py:161} INFO - Started process (PID=474) to work on /opt/airflow/dags/weather_gold_v1.py
[2025-10-16T18:27:03.293+0000] {processor.py:830} INFO - Processing file /opt/airflow/dags/weather_gold_v1.py for tasks to queue
[2025-10-16T18:27:03.295+0000] {logging_mixin.py:188} INFO - [2025-10-16T18:27:03.295+0000] {dagbag.py:540} INFO - Filling up the DagBag from /opt/airflow/dags/weather_gold_v1.py
[2025-10-16T18:27:03.338+0000] {processor.py:840} INFO - DAG(s) 'weather_gold_v1' retrieved from /opt/airflow/dags/weather_gold_v1.py
[2025-10-16T18:27:03.437+0000] {logging_mixin.py:188} INFO - [2025-10-16T18:27:03.437+0000] {dag.py:3047} INFO - Sync 1 DAGs
[2025-10-16T18:27:03.501+0000] {logging_mixin.py:188} INFO - [2025-10-16T18:27:03.501+0000] {dag.py:3834} INFO - Setting next_dagrun for weather_gold_v1 to 2025-10-12 00:00:00+00:00, run_after=2025-10-19 00:00:00+00:00
[2025-10-16T18:27:03.572+0000] {processor.py:183} INFO - Processing /opt/airflow/dags/weather_gold_v1.py took 0.288 seconds
[2025-10-16T18:27:34.028+0000] {processor.py:161} INFO - Started process (PID=489) to work on /opt/airflow/dags/weather_gold_v1.py
[2025-10-16T18:27:34.030+0000] {processor.py:830} INFO - Processing file /opt/airflow/dags/weather_gold_v1.py for tasks to queue
[2025-10-16T18:27:34.033+0000] {logging_mixin.py:188} INFO - [2025-10-16T18:27:34.032+0000] {dagbag.py:540} INFO - Filling up the DagBag from /opt/airflow/dags/weather_gold_v1.py
[2025-10-16T18:27:34.076+0000] {processor.py:840} INFO - DAG(s) 'weather_gold_v1' retrieved from /opt/airflow/dags/weather_gold_v1.py
[2025-10-16T18:27:34.180+0000] {logging_mixin.py:188} INFO - [2025-10-16T18:27:34.179+0000] {dag.py:3047} INFO - Sync 1 DAGs
[2025-10-16T18:27:34.240+0000] {logging_mixin.py:188} INFO - [2025-10-16T18:27:34.240+0000] {dag.py:3834} INFO - Setting next_dagrun for weather_gold_v1 to 2025-10-12 00:00:00+00:00, run_after=2025-10-19 00:00:00+00:00
[2025-10-16T18:27:34.323+0000] {processor.py:183} INFO - Processing /opt/airflow/dags/weather_gold_v1.py took 0.300 seconds
[2025-10-16T18:28:04.523+0000] {processor.py:161} INFO - Started process (PID=504) to work on /opt/airflow/dags/weather_gold_v1.py
[2025-10-16T18:28:04.525+0000] {processor.py:830} INFO - Processing file /opt/airflow/dags/weather_gold_v1.py for tasks to queue
[2025-10-16T18:28:04.528+0000] {logging_mixin.py:188} INFO - [2025-10-16T18:28:04.527+0000] {dagbag.py:540} INFO - Filling up the DagBag from /opt/airflow/dags/weather_gold_v1.py
[2025-10-16T18:28:04.571+0000] {processor.py:840} INFO - DAG(s) 'weather_gold_v1' retrieved from /opt/airflow/dags/weather_gold_v1.py
[2025-10-16T18:28:04.673+0000] {logging_mixin.py:188} INFO - [2025-10-16T18:28:04.672+0000] {dag.py:3047} INFO - Sync 1 DAGs
[2025-10-16T18:28:04.751+0000] {logging_mixin.py:188} INFO - [2025-10-16T18:28:04.750+0000] {dag.py:3834} INFO - Setting next_dagrun for weather_gold_v1 to 2025-10-12 00:00:00+00:00, run_after=2025-10-19 00:00:00+00:00
[2025-10-16T18:28:04.862+0000] {processor.py:183} INFO - Processing /opt/airflow/dags/weather_gold_v1.py took 0.345 seconds
[2025-10-16T18:28:35.207+0000] {processor.py:161} INFO - Started process (PID=519) to work on /opt/airflow/dags/weather_gold_v1.py
[2025-10-16T18:28:35.210+0000] {processor.py:830} INFO - Processing file /opt/airflow/dags/weather_gold_v1.py for tasks to queue
[2025-10-16T18:28:35.212+0000] {logging_mixin.py:188} INFO - [2025-10-16T18:28:35.212+0000] {dagbag.py:540} INFO - Filling up the DagBag from /opt/airflow/dags/weather_gold_v1.py
[2025-10-16T18:28:35.248+0000] {processor.py:840} INFO - DAG(s) 'weather_gold_v1' retrieved from /opt/airflow/dags/weather_gold_v1.py
[2025-10-16T18:28:35.335+0000] {logging_mixin.py:188} INFO - [2025-10-16T18:28:35.335+0000] {dag.py:3047} INFO - Sync 1 DAGs
[2025-10-16T18:28:35.400+0000] {logging_mixin.py:188} INFO - [2025-10-16T18:28:35.399+0000] {dag.py:3834} INFO - Setting next_dagrun for weather_gold_v1 to 2025-10-12 00:00:00+00:00, run_after=2025-10-19 00:00:00+00:00
[2025-10-16T18:28:35.486+0000] {processor.py:183} INFO - Processing /opt/airflow/dags/weather_gold_v1.py took 0.284 seconds
[2025-10-16T18:29:05.880+0000] {processor.py:161} INFO - Started process (PID=534) to work on /opt/airflow/dags/weather_gold_v1.py
[2025-10-16T18:29:05.884+0000] {processor.py:830} INFO - Processing file /opt/airflow/dags/weather_gold_v1.py for tasks to queue
[2025-10-16T18:29:05.888+0000] {logging_mixin.py:188} INFO - [2025-10-16T18:29:05.887+0000] {dagbag.py:540} INFO - Filling up the DagBag from /opt/airflow/dags/weather_gold_v1.py
[2025-10-16T18:29:05.937+0000] {processor.py:840} INFO - DAG(s) 'weather_gold_v1' retrieved from /opt/airflow/dags/weather_gold_v1.py
[2025-10-16T18:29:06.023+0000] {logging_mixin.py:188} INFO - [2025-10-16T18:29:06.022+0000] {dag.py:3047} INFO - Sync 1 DAGs
[2025-10-16T18:29:06.084+0000] {logging_mixin.py:188} INFO - [2025-10-16T18:29:06.084+0000] {dag.py:3834} INFO - Setting next_dagrun for weather_gold_v1 to 2025-10-12 00:00:00+00:00, run_after=2025-10-19 00:00:00+00:00
[2025-10-16T18:29:06.168+0000] {processor.py:183} INFO - Processing /opt/airflow/dags/weather_gold_v1.py took 0.293 seconds
[2025-10-16T18:29:36.453+0000] {processor.py:161} INFO - Started process (PID=550) to work on /opt/airflow/dags/weather_gold_v1.py
[2025-10-16T18:29:36.455+0000] {processor.py:830} INFO - Processing file /opt/airflow/dags/weather_gold_v1.py for tasks to queue
[2025-10-16T18:29:36.458+0000] {logging_mixin.py:188} INFO - [2025-10-16T18:29:36.457+0000] {dagbag.py:540} INFO - Filling up the DagBag from /opt/airflow/dags/weather_gold_v1.py
[2025-10-16T18:29:36.504+0000] {processor.py:840} INFO - DAG(s) 'weather_gold_v1' retrieved from /opt/airflow/dags/weather_gold_v1.py
[2025-10-16T18:29:36.602+0000] {logging_mixin.py:188} INFO - [2025-10-16T18:29:36.602+0000] {dag.py:3047} INFO - Sync 1 DAGs
[2025-10-16T18:29:36.678+0000] {logging_mixin.py:188} INFO - [2025-10-16T18:29:36.677+0000] {dag.py:3834} INFO - Setting next_dagrun for weather_gold_v1 to 2025-10-12 00:00:00+00:00, run_after=2025-10-19 00:00:00+00:00
[2025-10-16T18:29:36.733+0000] {processor.py:183} INFO - Processing /opt/airflow/dags/weather_gold_v1.py took 0.286 seconds
[2025-10-16T18:30:06.868+0000] {processor.py:161} INFO - Started process (PID=586) to work on /opt/airflow/dags/weather_gold_v1.py
[2025-10-16T18:30:06.870+0000] {processor.py:830} INFO - Processing file /opt/airflow/dags/weather_gold_v1.py for tasks to queue
[2025-10-16T18:30:06.873+0000] {logging_mixin.py:188} INFO - [2025-10-16T18:30:06.872+0000] {dagbag.py:540} INFO - Filling up the DagBag from /opt/airflow/dags/weather_gold_v1.py
[2025-10-16T18:30:06.910+0000] {processor.py:840} INFO - DAG(s) 'weather_gold_v1' retrieved from /opt/airflow/dags/weather_gold_v1.py
[2025-10-16T18:30:07.014+0000] {logging_mixin.py:188} INFO - [2025-10-16T18:30:07.013+0000] {dag.py:3047} INFO - Sync 1 DAGs
[2025-10-16T18:30:07.091+0000] {logging_mixin.py:188} INFO - [2025-10-16T18:30:07.091+0000] {dag.py:3834} INFO - Setting next_dagrun for weather_gold_v1 to 2025-10-12 00:00:00+00:00, run_after=2025-10-19 00:00:00+00:00
[2025-10-16T18:30:07.166+0000] {processor.py:183} INFO - Processing /opt/airflow/dags/weather_gold_v1.py took 0.303 seconds
[2025-10-16T18:30:37.467+0000] {processor.py:161} INFO - Started process (PID=617) to work on /opt/airflow/dags/weather_gold_v1.py
[2025-10-16T18:30:37.470+0000] {processor.py:830} INFO - Processing file /opt/airflow/dags/weather_gold_v1.py for tasks to queue
[2025-10-16T18:30:37.474+0000] {logging_mixin.py:188} INFO - [2025-10-16T18:30:37.473+0000] {dagbag.py:540} INFO - Filling up the DagBag from /opt/airflow/dags/weather_gold_v1.py
[2025-10-16T18:30:37.526+0000] {processor.py:840} INFO - DAG(s) 'weather_gold_v1' retrieved from /opt/airflow/dags/weather_gold_v1.py
[2025-10-16T18:30:37.613+0000] {logging_mixin.py:188} INFO - [2025-10-16T18:30:37.613+0000] {dag.py:3047} INFO - Sync 1 DAGs
[2025-10-16T18:30:37.667+0000] {logging_mixin.py:188} INFO - [2025-10-16T18:30:37.667+0000] {dag.py:3834} INFO - Setting next_dagrun for weather_gold_v1 to 2025-10-12 00:00:00+00:00, run_after=2025-10-19 00:00:00+00:00
[2025-10-16T18:30:37.733+0000] {processor.py:183} INFO - Processing /opt/airflow/dags/weather_gold_v1.py took 0.275 seconds
[2025-10-16T18:30:42.888+0000] {processor.py:161} INFO - Started process (PID=622) to work on /opt/airflow/dags/weather_gold_v1.py
[2025-10-16T18:30:42.890+0000] {processor.py:830} INFO - Processing file /opt/airflow/dags/weather_gold_v1.py for tasks to queue
[2025-10-16T18:30:42.892+0000] {logging_mixin.py:188} INFO - [2025-10-16T18:30:42.892+0000] {dagbag.py:540} INFO - Filling up the DagBag from /opt/airflow/dags/weather_gold_v1.py
[2025-10-16T18:30:42.948+0000] {processor.py:840} INFO - DAG(s) 'weather_gold_v1' retrieved from /opt/airflow/dags/weather_gold_v1.py
[2025-10-16T18:30:43.037+0000] {logging_mixin.py:188} INFO - [2025-10-16T18:30:43.037+0000] {dag.py:3047} INFO - Sync 1 DAGs
[2025-10-16T18:30:43.093+0000] {logging_mixin.py:188} INFO - [2025-10-16T18:30:43.093+0000] {dag.py:3834} INFO - Setting next_dagrun for weather_gold_v1 to 2025-10-12 00:00:00+00:00, run_after=2025-10-19 00:00:00+00:00
[2025-10-16T18:30:43.171+0000] {processor.py:183} INFO - Processing /opt/airflow/dags/weather_gold_v1.py took 0.286 seconds
[2025-10-16T18:31:13.685+0000] {processor.py:161} INFO - Started process (PID=637) to work on /opt/airflow/dags/weather_gold_v1.py
[2025-10-16T18:31:13.687+0000] {processor.py:830} INFO - Processing file /opt/airflow/dags/weather_gold_v1.py for tasks to queue
[2025-10-16T18:31:13.689+0000] {logging_mixin.py:188} INFO - [2025-10-16T18:31:13.689+0000] {dagbag.py:540} INFO - Filling up the DagBag from /opt/airflow/dags/weather_gold_v1.py
[2025-10-16T18:31:13.734+0000] {processor.py:840} INFO - DAG(s) 'weather_gold_v1' retrieved from /opt/airflow/dags/weather_gold_v1.py
[2025-10-16T18:31:13.826+0000] {logging_mixin.py:188} INFO - [2025-10-16T18:31:13.825+0000] {dag.py:3047} INFO - Sync 1 DAGs
[2025-10-16T18:31:13.891+0000] {logging_mixin.py:188} INFO - [2025-10-16T18:31:13.890+0000] {dag.py:3834} INFO - Setting next_dagrun for weather_gold_v1 to 2025-10-12 00:00:00+00:00, run_after=2025-10-19 00:00:00+00:00
[2025-10-16T18:31:13.972+0000] {processor.py:183} INFO - Processing /opt/airflow/dags/weather_gold_v1.py took 0.293 seconds
[2025-10-16T18:31:44.161+0000] {processor.py:161} INFO - Started process (PID=652) to work on /opt/airflow/dags/weather_gold_v1.py
[2025-10-16T18:31:44.165+0000] {processor.py:830} INFO - Processing file /opt/airflow/dags/weather_gold_v1.py for tasks to queue
[2025-10-16T18:31:44.168+0000] {logging_mixin.py:188} INFO - [2025-10-16T18:31:44.167+0000] {dagbag.py:540} INFO - Filling up the DagBag from /opt/airflow/dags/weather_gold_v1.py
[2025-10-16T18:31:44.216+0000] {processor.py:840} INFO - DAG(s) 'weather_gold_v1' retrieved from /opt/airflow/dags/weather_gold_v1.py
[2025-10-16T18:31:44.306+0000] {logging_mixin.py:188} INFO - [2025-10-16T18:31:44.306+0000] {dag.py:3047} INFO - Sync 1 DAGs
[2025-10-16T18:31:44.370+0000] {logging_mixin.py:188} INFO - [2025-10-16T18:31:44.368+0000] {dag.py:3834} INFO - Setting next_dagrun for weather_gold_v1 to 2025-10-12 00:00:00+00:00, run_after=2025-10-19 00:00:00+00:00
[2025-10-16T18:31:44.457+0000] {processor.py:183} INFO - Processing /opt/airflow/dags/weather_gold_v1.py took 0.306 seconds
[2025-10-16T18:32:15.064+0000] {processor.py:161} INFO - Started process (PID=667) to work on /opt/airflow/dags/weather_gold_v1.py
[2025-10-16T18:32:15.066+0000] {processor.py:830} INFO - Processing file /opt/airflow/dags/weather_gold_v1.py for tasks to queue
[2025-10-16T18:32:15.069+0000] {logging_mixin.py:188} INFO - [2025-10-16T18:32:15.068+0000] {dagbag.py:540} INFO - Filling up the DagBag from /opt/airflow/dags/weather_gold_v1.py
[2025-10-16T18:32:15.114+0000] {processor.py:840} INFO - DAG(s) 'weather_gold_v1' retrieved from /opt/airflow/dags/weather_gold_v1.py
[2025-10-16T18:32:15.206+0000] {logging_mixin.py:188} INFO - [2025-10-16T18:32:15.206+0000] {dag.py:3047} INFO - Sync 1 DAGs
[2025-10-16T18:32:15.271+0000] {logging_mixin.py:188} INFO - [2025-10-16T18:32:15.270+0000] {dag.py:3834} INFO - Setting next_dagrun for weather_gold_v1 to 2025-10-12 00:00:00+00:00, run_after=2025-10-19 00:00:00+00:00
[2025-10-16T18:32:15.349+0000] {processor.py:183} INFO - Processing /opt/airflow/dags/weather_gold_v1.py took 0.291 seconds
