[2025-10-11T07:40:41.881+0000] {taskinstance.py:1979} INFO - Dependencies all met for dep_context=non-requeueable deps ti=<TaskInstance: weather_etl_v2.extract_bronze scheduled__2025-10-09T22:00:00+00:00 [queued]>
[2025-10-11T07:40:41.935+0000] {taskinstance.py:1979} INFO - Dependencies all met for dep_context=requeueable deps ti=<TaskInstance: weather_etl_v2.extract_bronze scheduled__2025-10-09T22:00:00+00:00 [queued]>
[2025-10-11T07:40:41.937+0000] {taskinstance.py:2193} INFO - Starting attempt 1 of 1
[2025-10-11T07:40:42.131+0000] {taskinstance.py:2217} INFO - Executing <Task(BashOperator): extract_bronze> on 2025-10-09 22:00:00+00:00
[2025-10-11T07:40:42.293+0000] {standard_task_runner.py:60} INFO - Started process 751 to run task
[2025-10-11T07:40:42.421+0000] {standard_task_runner.py:87} INFO - Running: ['***', 'tasks', 'run', 'weather_etl_v2', 'extract_bronze', 'scheduled__2025-10-09T22:00:00+00:00', '--job-id', '27', '--raw', '--subdir', 'DAGS_FOLDER/weather_etl_v2.py', '--cfg-path', '/tmp/tmp5wews7h5']
[2025-10-11T07:40:42.534+0000] {standard_task_runner.py:88} INFO - Job 27: Subtask extract_bronze
[2025-10-11T07:40:43.288+0000] {logging_mixin.py:188} WARNING - /home/***/.local/lib/python3.8/site-packages/***/settings.py:194 DeprecationWarning: The sql_alchemy_conn option in [core] has been moved to the sql_alchemy_conn option in [database] - the old setting has been used, but please update your config.
[2025-10-11T07:40:44.293+0000] {task_command.py:423} INFO - Running <TaskInstance: weather_etl_v2.extract_bronze scheduled__2025-10-09T22:00:00+00:00 [running]> on host fd4a4f39ed6f
[2025-10-11T07:40:45.721+0000] {taskinstance.py:2513} INFO - Exporting env vars: AIRFLOW_CTX_DAG_OWNER='***' AIRFLOW_CTX_DAG_ID='weather_etl_v2' AIRFLOW_CTX_TASK_ID='extract_bronze' AIRFLOW_CTX_EXECUTION_DATE='2025-10-09T22:00:00+00:00' AIRFLOW_CTX_TRY_NUMBER='1' AIRFLOW_CTX_DAG_RUN_ID='scheduled__2025-10-09T22:00:00+00:00'
[2025-10-11T07:40:45.735+0000] {subprocess.py:63} INFO - Tmp dir root location: /tmp
[2025-10-11T07:40:45.737+0000] {subprocess.py:75} INFO - Running command: ['/usr/bin/bash', '-c', 'python /opt/project/Scripts/extract_weather_open_meteo.py --cities Bruxelles Anvers Liège --past-days 2 --forecast-days 7 --keep-days 14']
[2025-10-11T07:40:45.788+0000] {subprocess.py:86} INFO - Output:
[2025-10-11T07:40:51.900+0000] {subprocess.py:93} INFO - [INFO] Projet        : /opt/project
[2025-10-11T07:40:51.904+0000] {subprocess.py:93} INFO - [INFO] RAW root      : /opt/project/Data/raw
[2025-10-11T07:40:51.907+0000] {subprocess.py:93} INFO - [INFO] Dossier du jour: /opt/project/Data/raw/2025-10-11
[2025-10-11T07:40:51.909+0000] {subprocess.py:93} INFO - [GEO] Bruxelles -> Bruxelles (lat=50.85045, lon=4.34878)
[2025-10-11T07:40:51.910+0000] {subprocess.py:93} INFO - [OK] Données sauvegardées: /opt/project/Data/raw/2025-10-11/Bruxelles_074050.json
[2025-10-11T07:40:51.912+0000] {subprocess.py:93} INFO - [GEO] Anvers -> Anvers (lat=51.22047, lon=4.40026)
[2025-10-11T07:40:51.913+0000] {subprocess.py:93} INFO - [OK] Données sauvegardées: /opt/project/Data/raw/2025-10-11/Anvers_074051.json
[2025-10-11T07:40:51.915+0000] {subprocess.py:93} INFO - [GEO] Liège -> Liège (lat=50.63373, lon=5.56749)
[2025-10-11T07:40:51.916+0000] {subprocess.py:93} INFO - [OK] Données sauvegardées: /opt/project/Data/raw/2025-10-11/Liège_074051.json
[2025-10-11T07:40:51.918+0000] {subprocess.py:93} INFO - [CLEAN] Dossiers de date supprimés (> 14 jours): 0
[2025-10-11T07:40:52.005+0000] {subprocess.py:97} INFO - Command exited with return code 0
[2025-10-11T07:40:52.418+0000] {taskinstance.py:1149} INFO - Marking task as SUCCESS. dag_id=weather_etl_v2, task_id=extract_bronze, execution_date=20251009T220000, start_date=20251011T074041, end_date=20251011T074052
[2025-10-11T07:40:52.554+0000] {local_task_job_runner.py:234} INFO - Task exited with return code 0
[2025-10-11T07:40:52.684+0000] {taskinstance.py:3312} INFO - 1 downstream tasks scheduled from follow-on schedule check
