[2025-10-11T07:40:53.924+0000] {taskinstance.py:1979} INFO - Dependencies all met for dep_context=non-requeueable deps ti=<TaskInstance: weather_etl_v2.transform_silver scheduled__2025-10-09T22:00:00+00:00 [queued]>
[2025-10-11T07:40:53.945+0000] {taskinstance.py:1979} INFO - Dependencies all met for dep_context=requeueable deps ti=<TaskInstance: weather_etl_v2.transform_silver scheduled__2025-10-09T22:00:00+00:00 [queued]>
[2025-10-11T07:40:53.946+0000] {taskinstance.py:2193} INFO - Starting attempt 1 of 1
[2025-10-11T07:40:53.977+0000] {taskinstance.py:2217} INFO - Executing <Task(BashOperator): transform_silver> on 2025-10-09 22:00:00+00:00
[2025-10-11T07:40:53.992+0000] {standard_task_runner.py:60} INFO - Started process 755 to run task
[2025-10-11T07:40:53.996+0000] {standard_task_runner.py:87} INFO - Running: ['***', 'tasks', 'run', 'weather_etl_v2', 'transform_silver', 'scheduled__2025-10-09T22:00:00+00:00', '--job-id', '29', '--raw', '--subdir', 'DAGS_FOLDER/weather_etl_v2.py', '--cfg-path', '/tmp/tmpfovi0rxp']
[2025-10-11T07:40:53.999+0000] {standard_task_runner.py:88} INFO - Job 29: Subtask transform_silver
[2025-10-11T07:40:54.051+0000] {logging_mixin.py:188} WARNING - /home/***/.local/lib/python3.8/site-packages/***/settings.py:194 DeprecationWarning: The sql_alchemy_conn option in [core] has been moved to the sql_alchemy_conn option in [database] - the old setting has been used, but please update your config.
[2025-10-11T07:40:54.189+0000] {task_command.py:423} INFO - Running <TaskInstance: weather_etl_v2.transform_silver scheduled__2025-10-09T22:00:00+00:00 [running]> on host fd4a4f39ed6f
[2025-10-11T07:40:54.614+0000] {taskinstance.py:2513} INFO - Exporting env vars: AIRFLOW_CTX_DAG_OWNER='***' AIRFLOW_CTX_DAG_ID='weather_etl_v2' AIRFLOW_CTX_TASK_ID='transform_silver' AIRFLOW_CTX_EXECUTION_DATE='2025-10-09T22:00:00+00:00' AIRFLOW_CTX_TRY_NUMBER='1' AIRFLOW_CTX_DAG_RUN_ID='scheduled__2025-10-09T22:00:00+00:00'
[2025-10-11T07:40:54.617+0000] {subprocess.py:63} INFO - Tmp dir root location: /tmp
[2025-10-11T07:40:54.618+0000] {subprocess.py:75} INFO - Running command: ['/usr/bin/bash', '-c', 'python /opt/project/Scripts/transform_weather_to_postgres.py --only-days 3']
[2025-10-11T07:40:54.646+0000] {subprocess.py:86} INFO - Output:
[2025-10-11T07:40:54.713+0000] {subprocess.py:93} INFO - python: can't open file '/opt/project/Scripts/transform_weather_to_postgres.py': [Errno 2] No such file or directory
[2025-10-11T07:40:54.720+0000] {subprocess.py:97} INFO - Command exited with return code 2
[2025-10-11T07:40:54.786+0000] {taskinstance.py:2731} ERROR - Task failed with exception
Traceback (most recent call last):
  File "/home/airflow/.local/lib/python3.8/site-packages/airflow/models/taskinstance.py", line 444, in _execute_task
    result = _execute_callable(context=context, **execute_callable_kwargs)
  File "/home/airflow/.local/lib/python3.8/site-packages/airflow/models/taskinstance.py", line 414, in _execute_callable
    return execute_callable(context=context, **execute_callable_kwargs)
  File "/home/airflow/.local/lib/python3.8/site-packages/airflow/operators/bash.py", line 212, in execute
    raise AirflowException(
airflow.exceptions.AirflowException: Bash command failed. The command returned a non-zero exit code 2.
[2025-10-11T07:40:54.811+0000] {taskinstance.py:1149} INFO - Marking task as FAILED. dag_id=weather_etl_v2, task_id=transform_silver, execution_date=20251009T220000, start_date=20251011T074053, end_date=20251011T074054
[2025-10-11T07:40:54.886+0000] {standard_task_runner.py:107} ERROR - Failed to execute job 29 for task transform_silver (Bash command failed. The command returned a non-zero exit code 2.; 755)
[2025-10-11T07:40:54.937+0000] {local_task_job_runner.py:234} INFO - Task exited with return code 1
[2025-10-11T07:40:55.040+0000] {taskinstance.py:3312} INFO - 0 downstream tasks scheduled from follow-on schedule check
