[2025-10-10T14:42:06.636+0000] {taskinstance.py:1979} INFO - Dependencies all met for dep_context=non-requeueable deps ti=<TaskInstance: weather_etl_v2.extract_bronze manual__2025-10-10T14:42:03.553335+00:00 [queued]>
[2025-10-10T14:42:06.660+0000] {taskinstance.py:1979} INFO - Dependencies all met for dep_context=requeueable deps ti=<TaskInstance: weather_etl_v2.extract_bronze manual__2025-10-10T14:42:03.553335+00:00 [queued]>
[2025-10-10T14:42:06.661+0000] {taskinstance.py:2193} INFO - Starting attempt 1 of 1
[2025-10-10T14:42:06.696+0000] {taskinstance.py:2217} INFO - Executing <Task(BashOperator): extract_bronze> on 2025-10-10 14:42:03.553335+00:00
[2025-10-10T14:42:06.713+0000] {standard_task_runner.py:60} INFO - Started process 635 to run task
[2025-10-10T14:42:06.718+0000] {standard_task_runner.py:87} INFO - Running: ['***', 'tasks', 'run', 'weather_etl_v2', 'extract_bronze', 'manual__2025-10-10T14:42:03.553335+00:00', '--job-id', '11', '--raw', '--subdir', 'DAGS_FOLDER/Airflow/dags/Airflow/dags/weather_etl_v2.py', '--cfg-path', '/tmp/tmpp5nfdlyu']
[2025-10-10T14:42:06.720+0000] {standard_task_runner.py:88} INFO - Job 11: Subtask extract_bronze
[2025-10-10T14:42:06.880+0000] {logging_mixin.py:188} WARNING - /home/***/.local/lib/python3.8/site-packages/***/settings.py:194 DeprecationWarning: The sql_alchemy_conn option in [core] has been moved to the sql_alchemy_conn option in [database] - the old setting has been used, but please update your config.
[2025-10-10T14:42:06.998+0000] {task_command.py:423} INFO - Running <TaskInstance: weather_etl_v2.extract_bronze manual__2025-10-10T14:42:03.553335+00:00 [running]> on host fd4a4f39ed6f
[2025-10-10T14:42:07.896+0000] {taskinstance.py:2513} INFO - Exporting env vars: AIRFLOW_CTX_DAG_OWNER='***' AIRFLOW_CTX_DAG_ID='weather_etl_v2' AIRFLOW_CTX_TASK_ID='extract_bronze' AIRFLOW_CTX_EXECUTION_DATE='2025-10-10T14:42:03.553335+00:00' AIRFLOW_CTX_TRY_NUMBER='1' AIRFLOW_CTX_DAG_RUN_ID='manual__2025-10-10T14:42:03.553335+00:00'
[2025-10-10T14:42:07.911+0000] {subprocess.py:63} INFO - Tmp dir root location: /tmp
[2025-10-10T14:42:07.918+0000] {subprocess.py:75} INFO - Running command: ['/usr/bin/bash', '-c', 'python /opt/project/Scripts/extract_weather_open_meteo.py --cities Bruxelles Anvers Liège --past-days 2 --forecast-days 7 --keep-days 14']
[2025-10-10T14:42:07.992+0000] {subprocess.py:86} INFO - Output:
[2025-10-10T14:42:09.572+0000] {subprocess.py:93} INFO - [INFO] Projet        : /opt/project
[2025-10-10T14:42:09.573+0000] {subprocess.py:93} INFO - [INFO] RAW root      : /opt/project/Data/raw
[2025-10-10T14:42:09.575+0000] {subprocess.py:93} INFO - [INFO] Dossier du jour: /opt/project/Data/raw/2025-10-10
[2025-10-10T14:42:09.576+0000] {subprocess.py:93} INFO - [GEO] Bruxelles -> Bruxelles (lat=50.85045, lon=4.34878)
[2025-10-10T14:42:09.578+0000] {subprocess.py:93} INFO - [OK] Données sauvegardées: /opt/project/Data/raw/2025-10-10/Bruxelles_144208.json
[2025-10-10T14:42:09.579+0000] {subprocess.py:93} INFO - [GEO] Anvers -> Anvers (lat=51.22047, lon=4.40026)
[2025-10-10T14:42:09.580+0000] {subprocess.py:93} INFO - [OK] Données sauvegardées: /opt/project/Data/raw/2025-10-10/Anvers_144209.json
[2025-10-10T14:42:09.581+0000] {subprocess.py:93} INFO - [GEO] Liège -> Liège (lat=50.63373, lon=5.56749)
[2025-10-10T14:42:09.582+0000] {subprocess.py:93} INFO - [OK] Données sauvegardées: /opt/project/Data/raw/2025-10-10/Liège_144209.json
[2025-10-10T14:42:09.583+0000] {subprocess.py:93} INFO - [CLEAN] Dossiers de date supprimés (> 14 jours): 0
[2025-10-10T14:42:09.598+0000] {subprocess.py:97} INFO - Command exited with return code 0
[2025-10-10T14:42:09.732+0000] {taskinstance.py:1149} INFO - Marking task as SUCCESS. dag_id=weather_etl_v2, task_id=extract_bronze, execution_date=20251010T144203, start_date=20251010T144206, end_date=20251010T144209
[2025-10-10T14:42:09.802+0000] {local_task_job_runner.py:234} INFO - Task exited with return code 0
[2025-10-10T14:42:09.869+0000] {taskinstance.py:3312} INFO - 1 downstream tasks scheduled from follow-on schedule check
