[2025-10-12T15:27:50.761+0000] {taskinstance.py:1979} INFO - Dependencies all met for dep_context=non-requeueable deps ti=<TaskInstance: weather_gold_v1.aggregate_gold manual__2025-10-12T15:27:44.247087+00:00 [queued]>
[2025-10-12T15:27:50.797+0000] {taskinstance.py:1979} INFO - Dependencies all met for dep_context=requeueable deps ti=<TaskInstance: weather_gold_v1.aggregate_gold manual__2025-10-12T15:27:44.247087+00:00 [queued]>
[2025-10-12T15:27:50.799+0000] {taskinstance.py:2193} INFO - Starting attempt 1 of 1
[2025-10-12T15:27:50.884+0000] {taskinstance.py:2217} INFO - Executing <Task(BashOperator): aggregate_gold> on 2025-10-12 15:27:44.247087+00:00
[2025-10-12T15:27:50.913+0000] {standard_task_runner.py:60} INFO - Started process 1404 to run task
[2025-10-12T15:27:50.918+0000] {standard_task_runner.py:87} INFO - Running: ['***', 'tasks', 'run', 'weather_gold_v1', 'aggregate_gold', 'manual__2025-10-12T15:27:44.247087+00:00', '--job-id', '43', '--raw', '--subdir', 'DAGS_FOLDER/weather_gold_v1.py', '--cfg-path', '/tmp/tmpglrlz46v']
[2025-10-12T15:27:50.925+0000] {standard_task_runner.py:88} INFO - Job 43: Subtask aggregate_gold
[2025-10-12T15:27:51.355+0000] {logging_mixin.py:188} WARNING - /home/***/.local/lib/python3.8/site-packages/***/settings.py:194 DeprecationWarning: The sql_alchemy_conn option in [core] has been moved to the sql_alchemy_conn option in [database] - the old setting has been used, but please update your config.
[2025-10-12T15:27:51.717+0000] {task_command.py:423} INFO - Running <TaskInstance: weather_gold_v1.aggregate_gold manual__2025-10-12T15:27:44.247087+00:00 [running]> on host fd4a4f39ed6f
[2025-10-12T15:27:52.753+0000] {taskinstance.py:2513} INFO - Exporting env vars: AIRFLOW_CTX_DAG_OWNER='***' AIRFLOW_CTX_DAG_ID='weather_gold_v1' AIRFLOW_CTX_TASK_ID='aggregate_gold' AIRFLOW_CTX_EXECUTION_DATE='2025-10-12T15:27:44.247087+00:00' AIRFLOW_CTX_TRY_NUMBER='1' AIRFLOW_CTX_DAG_RUN_ID='manual__2025-10-12T15:27:44.247087+00:00'
[2025-10-12T15:27:52.773+0000] {subprocess.py:63} INFO - Tmp dir root location: /tmp
[2025-10-12T15:27:52.774+0000] {subprocess.py:75} INFO - Running command: ['/usr/bin/bash', '-c', 'python /opt/project/Scripts/load_gold_weather_kpi.py']
[2025-10-12T15:27:52.857+0000] {subprocess.py:86} INFO - Output:
[2025-10-12T15:27:56.659+0000] {subprocess.py:93} INFO - /opt/project/Scripts/load_gold_weather_kpi.py:26: UserWarning: pandas only supports SQLAlchemy connectable (engine/connection) or database string URI or sqlite3 DBAPI2 connection. Other DBAPI2 objects are not tested. Please consider using SQLAlchemy.
[2025-10-12T15:27:56.661+0000] {subprocess.py:93} INFO -   df = pd.read_sql(query, conn)
[2025-10-12T15:27:56.662+0000] {subprocess.py:93} INFO - [INFO] Connexion à la base dwh...
[2025-10-12T15:27:56.671+0000] {subprocess.py:93} INFO - [INFO] 33 lignes récupérées de la couche Silver.
[2025-10-12T15:27:56.674+0000] {subprocess.py:93} INFO - [OK] Données Gold upsertées : 6 lignes.
[2025-10-12T15:27:56.887+0000] {subprocess.py:97} INFO - Command exited with return code 0
[2025-10-12T15:27:57.054+0000] {taskinstance.py:1149} INFO - Marking task as SUCCESS. dag_id=weather_gold_v1, task_id=aggregate_gold, execution_date=20251012T152744, start_date=20251012T152750, end_date=20251012T152757
[2025-10-12T15:27:57.163+0000] {local_task_job_runner.py:234} INFO - Task exited with return code 0
[2025-10-12T15:27:57.477+0000] {taskinstance.py:3312} INFO - 0 downstream tasks scheduled from follow-on schedule check
