[2025-10-13T00:47:02.760+0000] {taskinstance.py:1979} INFO - Dependencies all met for dep_context=non-requeueable deps ti=<TaskInstance: weather_etl_v2.extract_bronze scheduled__2025-10-11T22:00:00+00:00 [queued]>
[2025-10-13T00:47:02.810+0000] {taskinstance.py:1979} INFO - Dependencies all met for dep_context=requeueable deps ti=<TaskInstance: weather_etl_v2.extract_bronze scheduled__2025-10-11T22:00:00+00:00 [queued]>
[2025-10-13T00:47:02.812+0000] {taskinstance.py:2193} INFO - Starting attempt 1 of 1
[2025-10-13T00:47:03.202+0000] {taskinstance.py:2217} INFO - Executing <Task(BashOperator): extract_bronze> on 2025-10-11 22:00:00+00:00
[2025-10-13T00:47:03.280+0000] {standard_task_runner.py:60} INFO - Started process 5615 to run task
[2025-10-13T00:47:03.290+0000] {standard_task_runner.py:87} INFO - Running: ['***', 'tasks', 'run', 'weather_etl_v2', 'extract_bronze', 'scheduled__2025-10-11T22:00:00+00:00', '--job-id', '45', '--raw', '--subdir', 'DAGS_FOLDER/weather_etl_v2.py', '--cfg-path', '/tmp/tmpd_93sr9_']
[2025-10-13T00:47:03.398+0000] {standard_task_runner.py:88} INFO - Job 45: Subtask extract_bronze
[2025-10-13T00:47:03.736+0000] {logging_mixin.py:188} WARNING - /home/***/.local/lib/python3.8/site-packages/***/settings.py:194 DeprecationWarning: The sql_alchemy_conn option in [core] has been moved to the sql_alchemy_conn option in [database] - the old setting has been used, but please update your config.
[2025-10-13T00:47:04.087+0000] {task_command.py:423} INFO - Running <TaskInstance: weather_etl_v2.extract_bronze scheduled__2025-10-11T22:00:00+00:00 [running]> on host fd4a4f39ed6f
[2025-10-13T00:47:04.733+0000] {taskinstance.py:2513} INFO - Exporting env vars: AIRFLOW_CTX_DAG_OWNER='***' AIRFLOW_CTX_DAG_ID='weather_etl_v2' AIRFLOW_CTX_TASK_ID='extract_bronze' AIRFLOW_CTX_EXECUTION_DATE='2025-10-11T22:00:00+00:00' AIRFLOW_CTX_TRY_NUMBER='1' AIRFLOW_CTX_DAG_RUN_ID='scheduled__2025-10-11T22:00:00+00:00'
[2025-10-13T00:47:04.748+0000] {subprocess.py:63} INFO - Tmp dir root location: /tmp
[2025-10-13T00:47:04.750+0000] {subprocess.py:75} INFO - Running command: ['/usr/bin/bash', '-c', 'python /opt/project/Scripts/extract_weather_open_meteo.py --cities Bruxelles Anvers Liège --past-days 2 --forecast-days 7 --keep-days 14']
[2025-10-13T00:47:04.806+0000] {subprocess.py:86} INFO - Output:
[2025-10-13T08:22:35.539+0000] {subprocess.py:93} INFO - [INFO] Projet        : /opt/project
[2025-10-13T08:22:39.025+0000] {subprocess.py:93} INFO - [INFO] RAW root      : /opt/project/Data/raw
[2025-10-13T08:22:39.031+0000] {subprocess.py:93} INFO - [INFO] Dossier du jour: /opt/project/Data/raw/2025-10-13
[2025-10-13T08:22:39.063+0000] {subprocess.py:93} INFO - [ERREUR] Bruxelles: HTTPSConnectionPool(host='geocoding-api.open-meteo.com', port=443): Max retries exceeded with url: /v1/search?name=Bruxelles&count=1&language=fr&format=json (Caused by NewConnectionError('<urllib3.connection.HTTPSConnection object at 0x7fbda03141f0>: Failed to establish a new connection: [Errno -3] Temporary failure in name resolution'))
[2025-10-13T08:22:39.087+0000] {subprocess.py:93} INFO - [GEO] Anvers -> Anvers (lat=51.22047, lon=4.40026)
[2025-10-13T08:22:39.089+0000] {subprocess.py:93} INFO - [OK] Données sauvegardées: /opt/project/Data/raw/2025-10-13/Anvers_082229.json
[2025-10-13T08:22:39.138+0000] {subprocess.py:93} INFO - [GEO] Liège -> Liège (lat=50.63373, lon=5.56749)
[2025-10-13T08:22:39.169+0000] {subprocess.py:93} INFO - [OK] Données sauvegardées: /opt/project/Data/raw/2025-10-13/Liège_082232.json
[2025-10-13T08:22:39.171+0000] {subprocess.py:93} INFO - [CLEAN] Dossiers de date supprimés (> 14 jours): 0
[2025-10-13T08:22:39.829+0000] {subprocess.py:97} INFO - Command exited with return code 0
[2025-10-13T08:22:46.032+0000] {taskinstance.py:1149} INFO - Marking task as SUCCESS. dag_id=weather_etl_v2, task_id=extract_bronze, execution_date=20251011T220000, start_date=20251013T004702, end_date=20251013T082246
[2025-10-13T08:22:47.822+0000] {local_task_job_runner.py:234} INFO - Task exited with return code 0
[2025-10-13T08:22:49.743+0000] {taskinstance.py:3312} INFO - 0 downstream tasks scheduled from follow-on schedule check
