[2025-10-11T11:32:06.128+0000] {taskinstance.py:1979} INFO - Dependencies all met for dep_context=non-requeueable deps ti=<TaskInstance: weather_etl_v2.transform_silver manual__2025-10-11T11:31:52.177375+00:00 [queued]>
[2025-10-11T11:32:06.154+0000] {taskinstance.py:1979} INFO - Dependencies all met for dep_context=requeueable deps ti=<TaskInstance: weather_etl_v2.transform_silver manual__2025-10-11T11:31:52.177375+00:00 [queued]>
[2025-10-11T11:32:06.156+0000] {taskinstance.py:2193} INFO - Starting attempt 1 of 1
[2025-10-11T11:32:06.215+0000] {taskinstance.py:2217} INFO - Executing <Task(BashOperator): transform_silver> on 2025-10-11 11:31:52.177375+00:00
[2025-10-11T11:32:06.233+0000] {standard_task_runner.py:60} INFO - Started process 4687 to run task
[2025-10-11T11:32:06.238+0000] {standard_task_runner.py:87} INFO - Running: ['***', 'tasks', 'run', 'weather_etl_v2', 'transform_silver', 'manual__2025-10-11T11:31:52.177375+00:00', '--job-id', '31', '--raw', '--subdir', 'DAGS_FOLDER/weather_etl_v2.py', '--cfg-path', '/tmp/tmpu6ujpn26']
[2025-10-11T11:32:06.241+0000] {standard_task_runner.py:88} INFO - Job 31: Subtask transform_silver
[2025-10-11T11:32:06.308+0000] {logging_mixin.py:188} WARNING - /home/***/.local/lib/python3.8/site-packages/***/settings.py:194 DeprecationWarning: The sql_alchemy_conn option in [core] has been moved to the sql_alchemy_conn option in [database] - the old setting has been used, but please update your config.
[2025-10-11T11:32:06.471+0000] {task_command.py:423} INFO - Running <TaskInstance: weather_etl_v2.transform_silver manual__2025-10-11T11:31:52.177375+00:00 [running]> on host fd4a4f39ed6f
[2025-10-11T11:32:06.844+0000] {taskinstance.py:2513} INFO - Exporting env vars: AIRFLOW_CTX_DAG_OWNER='***' AIRFLOW_CTX_DAG_ID='weather_etl_v2' AIRFLOW_CTX_TASK_ID='transform_silver' AIRFLOW_CTX_EXECUTION_DATE='2025-10-11T11:31:52.177375+00:00' AIRFLOW_CTX_TRY_NUMBER='1' AIRFLOW_CTX_DAG_RUN_ID='manual__2025-10-11T11:31:52.177375+00:00'
[2025-10-11T11:32:06.848+0000] {subprocess.py:63} INFO - Tmp dir root location: /tmp
[2025-10-11T11:32:06.849+0000] {subprocess.py:75} INFO - Running command: ['/usr/bin/bash', '-c', 'python /opt/project/Scripts/transform_weather_to_postgres.py --only-days 3']
[2025-10-11T11:32:06.869+0000] {subprocess.py:86} INFO - Output:
[2025-10-11T11:32:11.030+0000] {subprocess.py:93} INFO - [INFO] Fichiers détectés (39) sur 3 jour(s).
[2025-10-11T11:32:11.032+0000] {subprocess.py:93} INFO - [OK] /opt/project/Data/raw/2025-10-10/Anvers_124718.json -> 9 lignes
[2025-10-11T11:32:11.034+0000] {subprocess.py:93} INFO - [OK] /opt/project/Data/raw/2025-10-10/Anvers_143853.json -> 9 lignes
[2025-10-11T11:32:11.035+0000] {subprocess.py:93} INFO - [OK] /opt/project/Data/raw/2025-10-10/Anvers_144209.json -> 9 lignes
[2025-10-11T11:32:11.037+0000] {subprocess.py:93} INFO - [OK] /opt/project/Data/raw/2025-10-10/Anvers_152418.json -> 9 lignes
[2025-10-11T11:32:11.038+0000] {subprocess.py:93} INFO - [OK] /opt/project/Data/raw/2025-10-10/Anvers_153123.json -> 9 lignes
[2025-10-11T11:32:11.039+0000] {subprocess.py:93} INFO - [OK] /opt/project/Data/raw/2025-10-10/Anvers_153759.json -> 9 lignes
[2025-10-11T11:32:11.040+0000] {subprocess.py:93} INFO - [OK] /opt/project/Data/raw/2025-10-10/Anvers_154611.json -> 9 lignes
[2025-10-11T11:32:11.042+0000] {subprocess.py:93} INFO - [OK] /opt/project/Data/raw/2025-10-10/Anvers_155302.json -> 9 lignes
[2025-10-11T11:32:11.043+0000] {subprocess.py:93} INFO - [OK] /opt/project/Data/raw/2025-10-10/Anvers_155315.json -> 9 lignes
[2025-10-11T11:32:11.044+0000] {subprocess.py:93} INFO - [OK] /opt/project/Data/raw/2025-10-10/Bruxelles_124717.json -> 9 lignes
[2025-10-11T11:32:11.046+0000] {subprocess.py:93} INFO - [OK] /opt/project/Data/raw/2025-10-10/Bruxelles_143853.json -> 9 lignes
[2025-10-11T11:32:11.047+0000] {subprocess.py:93} INFO - [OK] /opt/project/Data/raw/2025-10-10/Bruxelles_144208.json -> 9 lignes
[2025-10-11T11:32:11.048+0000] {subprocess.py:93} INFO - [OK] /opt/project/Data/raw/2025-10-10/Bruxelles_152417.json -> 9 lignes
[2025-10-11T11:32:11.050+0000] {subprocess.py:93} INFO - [OK] /opt/project/Data/raw/2025-10-10/Bruxelles_153122.json -> 9 lignes
[2025-10-11T11:32:11.051+0000] {subprocess.py:93} INFO - [OK] /opt/project/Data/raw/2025-10-10/Bruxelles_153758.json -> 9 lignes
[2025-10-11T11:32:11.052+0000] {subprocess.py:93} INFO - [OK] /opt/project/Data/raw/2025-10-10/Bruxelles_154610.json -> 9 lignes
[2025-10-11T11:32:11.053+0000] {subprocess.py:93} INFO - [OK] /opt/project/Data/raw/2025-10-10/Bruxelles_155301.json -> 9 lignes
[2025-10-11T11:32:11.055+0000] {subprocess.py:93} INFO - [OK] /opt/project/Data/raw/2025-10-10/Bruxelles_155314.json -> 9 lignes
[2025-10-11T11:32:11.056+0000] {subprocess.py:93} INFO - [OK] /opt/project/Data/raw/2025-10-10/Liège_124719.json -> 9 lignes
[2025-10-11T11:32:11.057+0000] {subprocess.py:93} INFO - [OK] /opt/project/Data/raw/2025-10-10/Liège_143854.json -> 9 lignes
[2025-10-11T11:32:11.058+0000] {subprocess.py:93} INFO - [OK] /opt/project/Data/raw/2025-10-10/Liège_144209.json -> 9 lignes
[2025-10-11T11:32:11.060+0000] {subprocess.py:93} INFO - [OK] /opt/project/Data/raw/2025-10-10/Liège_152419.json -> 9 lignes
[2025-10-11T11:32:11.061+0000] {subprocess.py:93} INFO - [OK] /opt/project/Data/raw/2025-10-10/Liège_153124.json -> 9 lignes
[2025-10-11T11:32:11.062+0000] {subprocess.py:93} INFO - [OK] /opt/project/Data/raw/2025-10-10/Liège_153800.json -> 9 lignes
[2025-10-11T11:32:11.063+0000] {subprocess.py:93} INFO - [OK] /opt/project/Data/raw/2025-10-10/Liège_154612.json -> 9 lignes
[2025-10-11T11:32:11.064+0000] {subprocess.py:93} INFO - [OK] /opt/project/Data/raw/2025-10-10/Liège_155303.json -> 9 lignes
[2025-10-11T11:32:11.065+0000] {subprocess.py:93} INFO - [OK] /opt/project/Data/raw/2025-10-10/Liège_155316.json -> 9 lignes
[2025-10-11T11:32:11.066+0000] {subprocess.py:93} INFO - [OK] /opt/project/Data/raw/2025-10-11/Anvers_074051.json -> 9 lignes
[2025-10-11T11:32:11.067+0000] {subprocess.py:93} INFO - [OK] /opt/project/Data/raw/2025-10-11/Anvers_075430.json -> 9 lignes
[2025-10-11T11:32:11.069+0000] {subprocess.py:93} INFO - [OK] /opt/project/Data/raw/2025-10-11/Anvers_090517.json -> 9 lignes
[2025-10-11T11:32:11.070+0000] {subprocess.py:93} INFO - [OK] /opt/project/Data/raw/2025-10-11/Anvers_113202.json -> 9 lignes
[2025-10-11T11:32:11.071+0000] {subprocess.py:93} INFO - [OK] /opt/project/Data/raw/2025-10-11/Bruxelles_074050.json -> 9 lignes
[2025-10-11T11:32:11.072+0000] {subprocess.py:93} INFO - [OK] /opt/project/Data/raw/2025-10-11/Bruxelles_075430.json -> 9 lignes
[2025-10-11T11:32:11.074+0000] {subprocess.py:93} INFO - [OK] /opt/project/Data/raw/2025-10-11/Bruxelles_090517.json -> 9 lignes
[2025-10-11T11:32:11.075+0000] {subprocess.py:93} INFO - [OK] /opt/project/Data/raw/2025-10-11/Bruxelles_113201.json -> 9 lignes
[2025-10-11T11:32:11.076+0000] {subprocess.py:93} INFO - [OK] /opt/project/Data/raw/2025-10-11/Liège_074051.json -> 9 lignes
[2025-10-11T11:32:11.078+0000] {subprocess.py:93} INFO - [OK] /opt/project/Data/raw/2025-10-11/Liège_075431.json -> 9 lignes
[2025-10-11T11:32:11.079+0000] {subprocess.py:93} INFO - [OK] /opt/project/Data/raw/2025-10-11/Liège_090518.json -> 9 lignes
[2025-10-11T11:32:11.080+0000] {subprocess.py:93} INFO - [OK] /opt/project/Data/raw/2025-10-11/Liège_113203.json -> 9 lignes
[2025-10-11T11:32:11.081+0000] {subprocess.py:93} INFO - [LOAD] 30 ligne(s) upsert dans dwh.silver.weather_daily
[2025-10-11T11:32:11.202+0000] {subprocess.py:97} INFO - Command exited with return code 0
[2025-10-11T11:32:11.342+0000] {taskinstance.py:1149} INFO - Marking task as SUCCESS. dag_id=weather_etl_v2, task_id=transform_silver, execution_date=20251011T113152, start_date=20251011T113206, end_date=20251011T113211
[2025-10-11T11:32:11.403+0000] {local_task_job_runner.py:234} INFO - Task exited with return code 0
[2025-10-11T11:32:11.480+0000] {taskinstance.py:3312} INFO - 0 downstream tasks scheduled from follow-on schedule check
