[2025-10-10T15:53:12.214+0000] {taskinstance.py:1979} INFO - Dependencies all met for dep_context=non-requeueable deps ti=<TaskInstance: weather_etl_v2.extract_bronze manual__2025-10-10T15:53:10.674397+00:00 [queued]>
[2025-10-10T15:53:12.238+0000] {taskinstance.py:1979} INFO - Dependencies all met for dep_context=requeueable deps ti=<TaskInstance: weather_etl_v2.extract_bronze manual__2025-10-10T15:53:10.674397+00:00 [queued]>
[2025-10-10T15:53:12.240+0000] {taskinstance.py:2193} INFO - Starting attempt 1 of 1
[2025-10-10T15:53:12.284+0000] {taskinstance.py:2217} INFO - Executing <Task(BashOperator): extract_bronze> on 2025-10-10 15:53:10.674397+00:00
[2025-10-10T15:53:12.297+0000] {standard_task_runner.py:60} INFO - Started process 196 to run task
[2025-10-10T15:53:12.303+0000] {standard_task_runner.py:87} INFO - Running: ['***', 'tasks', 'run', 'weather_etl_v2', 'extract_bronze', 'manual__2025-10-10T15:53:10.674397+00:00', '--job-id', '25', '--raw', '--subdir', 'DAGS_FOLDER/weather_etl_v2.py', '--cfg-path', '/tmp/tmp1sdrm78y']
[2025-10-10T15:53:12.307+0000] {standard_task_runner.py:88} INFO - Job 25: Subtask extract_bronze
[2025-10-10T15:53:12.376+0000] {logging_mixin.py:188} WARNING - /home/***/.local/lib/python3.8/site-packages/***/settings.py:194 DeprecationWarning: The sql_alchemy_conn option in [core] has been moved to the sql_alchemy_conn option in [database] - the old setting has been used, but please update your config.
[2025-10-10T15:53:12.558+0000] {task_command.py:423} INFO - Running <TaskInstance: weather_etl_v2.extract_bronze manual__2025-10-10T15:53:10.674397+00:00 [running]> on host fd4a4f39ed6f
[2025-10-10T15:53:12.979+0000] {taskinstance.py:2513} INFO - Exporting env vars: AIRFLOW_CTX_DAG_OWNER='***' AIRFLOW_CTX_DAG_ID='weather_etl_v2' AIRFLOW_CTX_TASK_ID='extract_bronze' AIRFLOW_CTX_EXECUTION_DATE='2025-10-10T15:53:10.674397+00:00' AIRFLOW_CTX_TRY_NUMBER='1' AIRFLOW_CTX_DAG_RUN_ID='manual__2025-10-10T15:53:10.674397+00:00'
[2025-10-10T15:53:12.991+0000] {subprocess.py:63} INFO - Tmp dir root location: /tmp
[2025-10-10T15:53:12.994+0000] {subprocess.py:75} INFO - Running command: ['/usr/bin/bash', '-c', 'python /opt/project/Scripts/extract_weather_open_meteo.py --cities Bruxelles Anvers Liège --past-days 2 --forecast-days 7 --keep-days 14']
[2025-10-10T15:53:13.039+0000] {subprocess.py:86} INFO - Output:
[2025-10-10T15:53:16.519+0000] {subprocess.py:93} INFO - [INFO] Projet        : /opt/project
[2025-10-10T15:53:16.521+0000] {subprocess.py:93} INFO - [INFO] RAW root      : /opt/project/Data/raw
[2025-10-10T15:53:16.522+0000] {subprocess.py:93} INFO - [INFO] Dossier du jour: /opt/project/Data/raw/2025-10-10
[2025-10-10T15:53:16.523+0000] {subprocess.py:93} INFO - [GEO] Bruxelles -> Bruxelles (lat=50.85045, lon=4.34878)
[2025-10-10T15:53:16.524+0000] {subprocess.py:93} INFO - [OK] Données sauvegardées: /opt/project/Data/raw/2025-10-10/Bruxelles_155314.json
[2025-10-10T15:53:16.525+0000] {subprocess.py:93} INFO - [GEO] Anvers -> Anvers (lat=51.22047, lon=4.40026)
[2025-10-10T15:53:16.526+0000] {subprocess.py:93} INFO - [OK] Données sauvegardées: /opt/project/Data/raw/2025-10-10/Anvers_155315.json
[2025-10-10T15:53:16.527+0000] {subprocess.py:93} INFO - [GEO] Liège -> Liège (lat=50.63373, lon=5.56749)
[2025-10-10T15:53:16.528+0000] {subprocess.py:93} INFO - [OK] Données sauvegardées: /opt/project/Data/raw/2025-10-10/Liège_155316.json
[2025-10-10T15:53:16.529+0000] {subprocess.py:93} INFO - [CLEAN] Dossiers de date supprimés (> 14 jours): 0
[2025-10-10T15:53:16.552+0000] {subprocess.py:97} INFO - Command exited with return code 0
[2025-10-10T15:53:16.750+0000] {taskinstance.py:1149} INFO - Marking task as SUCCESS. dag_id=weather_etl_v2, task_id=extract_bronze, execution_date=20251010T155310, start_date=20251010T155312, end_date=20251010T155316
[2025-10-10T15:53:16.829+0000] {local_task_job_runner.py:234} INFO - Task exited with return code 0
[2025-10-10T15:53:16.918+0000] {taskinstance.py:3312} INFO - 1 downstream tasks scheduled from follow-on schedule check
