[2025-10-13T08:23:00.753+0000] {taskinstance.py:1979} INFO - Dependencies all met for dep_context=non-requeueable deps ti=<TaskInstance: weather_etl_v2.transform_silver scheduled__2025-10-11T22:00:00+00:00 [queued]>
[2025-10-13T08:23:00.833+0000] {taskinstance.py:1979} INFO - Dependencies all met for dep_context=requeueable deps ti=<TaskInstance: weather_etl_v2.transform_silver scheduled__2025-10-11T22:00:00+00:00 [queued]>
[2025-10-13T08:23:00.835+0000] {taskinstance.py:2193} INFO - Starting attempt 1 of 1
[2025-10-13T08:23:00.930+0000] {taskinstance.py:2217} INFO - Executing <Task(BashOperator): transform_silver> on 2025-10-11 22:00:00+00:00
[2025-10-13T08:23:00.988+0000] {standard_task_runner.py:60} INFO - Started process 5636 to run task
[2025-10-13T08:23:01.000+0000] {standard_task_runner.py:87} INFO - Running: ['***', 'tasks', 'run', 'weather_etl_v2', 'transform_silver', 'scheduled__2025-10-11T22:00:00+00:00', '--job-id', '46', '--raw', '--subdir', 'DAGS_FOLDER/weather_etl_v2.py', '--cfg-path', '/tmp/tmpvhuqeukl']
[2025-10-13T08:23:01.008+0000] {standard_task_runner.py:88} INFO - Job 46: Subtask transform_silver
[2025-10-13T08:23:01.409+0000] {logging_mixin.py:188} WARNING - /home/***/.local/lib/python3.8/site-packages/***/settings.py:194 DeprecationWarning: The sql_alchemy_conn option in [core] has been moved to the sql_alchemy_conn option in [database] - the old setting has been used, but please update your config.
[2025-10-13T08:23:02.142+0000] {task_command.py:423} INFO - Running <TaskInstance: weather_etl_v2.transform_silver scheduled__2025-10-11T22:00:00+00:00 [running]> on host fd4a4f39ed6f
[2025-10-13T08:23:03.037+0000] {taskinstance.py:2513} INFO - Exporting env vars: AIRFLOW_CTX_DAG_OWNER='***' AIRFLOW_CTX_DAG_ID='weather_etl_v2' AIRFLOW_CTX_TASK_ID='transform_silver' AIRFLOW_CTX_EXECUTION_DATE='2025-10-11T22:00:00+00:00' AIRFLOW_CTX_TRY_NUMBER='1' AIRFLOW_CTX_DAG_RUN_ID='scheduled__2025-10-11T22:00:00+00:00'
[2025-10-13T08:23:03.042+0000] {subprocess.py:63} INFO - Tmp dir root location: /tmp
[2025-10-13T08:23:03.044+0000] {subprocess.py:75} INFO - Running command: ['/usr/bin/bash', '-c', 'python /opt/project/Scripts/transform_weather_to_postgres.py --only-days 3']
[2025-10-13T08:23:03.089+0000] {subprocess.py:86} INFO - Output:
[2025-10-13T08:23:11.645+0000] {subprocess.py:93} INFO - [INFO] Fichiers détectés (51) sur 3 jour(s).
[2025-10-13T08:23:11.647+0000] {subprocess.py:93} INFO - [OK] /opt/project/Data/raw/2025-10-10/Anvers_124718.json -> 9 lignes
[2025-10-13T08:23:11.649+0000] {subprocess.py:93} INFO - [OK] /opt/project/Data/raw/2025-10-10/Anvers_143853.json -> 9 lignes
[2025-10-13T08:23:11.650+0000] {subprocess.py:93} INFO - [OK] /opt/project/Data/raw/2025-10-10/Anvers_144209.json -> 9 lignes
[2025-10-13T08:23:11.651+0000] {subprocess.py:93} INFO - [OK] /opt/project/Data/raw/2025-10-10/Anvers_152418.json -> 9 lignes
[2025-10-13T08:23:11.652+0000] {subprocess.py:93} INFO - [OK] /opt/project/Data/raw/2025-10-10/Anvers_153123.json -> 9 lignes
[2025-10-13T08:23:11.653+0000] {subprocess.py:93} INFO - [OK] /opt/project/Data/raw/2025-10-10/Anvers_153759.json -> 9 lignes
[2025-10-13T08:23:11.654+0000] {subprocess.py:93} INFO - [OK] /opt/project/Data/raw/2025-10-10/Anvers_154611.json -> 9 lignes
[2025-10-13T08:23:11.655+0000] {subprocess.py:93} INFO - [OK] /opt/project/Data/raw/2025-10-10/Anvers_155302.json -> 9 lignes
[2025-10-13T08:23:11.656+0000] {subprocess.py:93} INFO - [OK] /opt/project/Data/raw/2025-10-10/Anvers_155315.json -> 9 lignes
[2025-10-13T08:23:11.656+0000] {subprocess.py:93} INFO - [OK] /opt/project/Data/raw/2025-10-10/Bruxelles_124717.json -> 9 lignes
[2025-10-13T08:23:11.657+0000] {subprocess.py:93} INFO - [OK] /opt/project/Data/raw/2025-10-10/Bruxelles_143853.json -> 9 lignes
[2025-10-13T08:23:11.657+0000] {subprocess.py:93} INFO - [OK] /opt/project/Data/raw/2025-10-10/Bruxelles_144208.json -> 9 lignes
[2025-10-13T08:23:11.658+0000] {subprocess.py:93} INFO - [OK] /opt/project/Data/raw/2025-10-10/Bruxelles_152417.json -> 9 lignes
[2025-10-13T08:23:11.659+0000] {subprocess.py:93} INFO - [OK] /opt/project/Data/raw/2025-10-10/Bruxelles_153122.json -> 9 lignes
[2025-10-13T08:23:11.660+0000] {subprocess.py:93} INFO - [OK] /opt/project/Data/raw/2025-10-10/Bruxelles_153758.json -> 9 lignes
[2025-10-13T08:23:11.661+0000] {subprocess.py:93} INFO - [OK] /opt/project/Data/raw/2025-10-10/Bruxelles_154610.json -> 9 lignes
[2025-10-13T08:23:11.662+0000] {subprocess.py:93} INFO - [OK] /opt/project/Data/raw/2025-10-10/Bruxelles_155301.json -> 9 lignes
[2025-10-13T08:23:11.664+0000] {subprocess.py:93} INFO - [OK] /opt/project/Data/raw/2025-10-10/Bruxelles_155314.json -> 9 lignes
[2025-10-13T08:23:11.665+0000] {subprocess.py:93} INFO - [OK] /opt/project/Data/raw/2025-10-10/Liège_124719.json -> 9 lignes
[2025-10-13T08:23:11.667+0000] {subprocess.py:93} INFO - [OK] /opt/project/Data/raw/2025-10-10/Liège_143854.json -> 9 lignes
[2025-10-13T08:23:11.668+0000] {subprocess.py:93} INFO - [OK] /opt/project/Data/raw/2025-10-10/Liège_144209.json -> 9 lignes
[2025-10-13T08:23:11.669+0000] {subprocess.py:93} INFO - [OK] /opt/project/Data/raw/2025-10-10/Liège_152419.json -> 9 lignes
[2025-10-13T08:23:11.670+0000] {subprocess.py:93} INFO - [OK] /opt/project/Data/raw/2025-10-10/Liège_153124.json -> 9 lignes
[2025-10-13T08:23:11.671+0000] {subprocess.py:93} INFO - [OK] /opt/project/Data/raw/2025-10-10/Liège_153800.json -> 9 lignes
[2025-10-13T08:23:11.671+0000] {subprocess.py:93} INFO - [OK] /opt/project/Data/raw/2025-10-10/Liège_154612.json -> 9 lignes
[2025-10-13T08:23:11.672+0000] {subprocess.py:93} INFO - [OK] /opt/project/Data/raw/2025-10-10/Liège_155303.json -> 9 lignes
[2025-10-13T08:23:11.673+0000] {subprocess.py:93} INFO - [OK] /opt/project/Data/raw/2025-10-10/Liège_155316.json -> 9 lignes
[2025-10-13T08:23:11.673+0000] {subprocess.py:93} INFO - [OK] /opt/project/Data/raw/2025-10-11/Anvers_074051.json -> 9 lignes
[2025-10-13T08:23:11.674+0000] {subprocess.py:93} INFO - [OK] /opt/project/Data/raw/2025-10-11/Anvers_075430.json -> 9 lignes
[2025-10-13T08:23:11.674+0000] {subprocess.py:93} INFO - [OK] /opt/project/Data/raw/2025-10-11/Anvers_090517.json -> 9 lignes
[2025-10-13T08:23:11.675+0000] {subprocess.py:93} INFO - [OK] /opt/project/Data/raw/2025-10-11/Anvers_113202.json -> 9 lignes
[2025-10-13T08:23:11.677+0000] {subprocess.py:93} INFO - [OK] /opt/project/Data/raw/2025-10-11/Anvers_122427.json -> 9 lignes
[2025-10-13T08:23:11.678+0000] {subprocess.py:93} INFO - [OK] /opt/project/Data/raw/2025-10-11/Bruxelles_074050.json -> 9 lignes
[2025-10-13T08:23:11.679+0000] {subprocess.py:93} INFO - [OK] /opt/project/Data/raw/2025-10-11/Bruxelles_075430.json -> 9 lignes
[2025-10-13T08:23:11.680+0000] {subprocess.py:93} INFO - [OK] /opt/project/Data/raw/2025-10-11/Bruxelles_090517.json -> 9 lignes
[2025-10-13T08:23:11.681+0000] {subprocess.py:93} INFO - [OK] /opt/project/Data/raw/2025-10-11/Bruxelles_113201.json -> 9 lignes
[2025-10-13T08:23:11.682+0000] {subprocess.py:93} INFO - [OK] /opt/project/Data/raw/2025-10-11/Bruxelles_122426.json -> 9 lignes
[2025-10-13T08:23:11.684+0000] {subprocess.py:93} INFO - [OK] /opt/project/Data/raw/2025-10-11/Liège_074051.json -> 9 lignes
[2025-10-13T08:23:11.685+0000] {subprocess.py:93} INFO - [OK] /opt/project/Data/raw/2025-10-11/Liège_075431.json -> 9 lignes
[2025-10-13T08:23:11.686+0000] {subprocess.py:93} INFO - [OK] /opt/project/Data/raw/2025-10-11/Liège_090518.json -> 9 lignes
[2025-10-13T08:23:11.687+0000] {subprocess.py:93} INFO - [OK] /opt/project/Data/raw/2025-10-11/Liège_113203.json -> 9 lignes
[2025-10-13T08:23:11.687+0000] {subprocess.py:93} INFO - [OK] /opt/project/Data/raw/2025-10-11/Liège_122428.json -> 9 lignes
[2025-10-13T08:23:11.688+0000] {subprocess.py:93} INFO - [OK] /opt/project/Data/raw/2025-10-12/Anvers_053816.json -> 9 lignes
[2025-10-13T08:23:11.688+0000] {subprocess.py:93} INFO - [OK] /opt/project/Data/raw/2025-10-12/Anvers_114807.json -> 9 lignes
[2025-10-13T08:23:11.689+0000] {subprocess.py:93} INFO - [OK] /opt/project/Data/raw/2025-10-12/Bruxelles_053814.json -> 9 lignes
[2025-10-13T08:23:11.690+0000] {subprocess.py:93} INFO - [OK] /opt/project/Data/raw/2025-10-12/Bruxelles_053815.json -> 9 lignes
[2025-10-13T08:23:11.691+0000] {subprocess.py:93} INFO - [OK] /opt/project/Data/raw/2025-10-12/Bruxelles_114806.json -> 9 lignes
[2025-10-13T08:23:11.692+0000] {subprocess.py:93} INFO - [OK] /opt/project/Data/raw/2025-10-12/Liège_053817.json -> 9 lignes
[2025-10-13T08:23:11.693+0000] {subprocess.py:93} INFO - [OK] /opt/project/Data/raw/2025-10-12/Liège_114808.json -> 9 lignes
[2025-10-13T08:23:11.694+0000] {subprocess.py:93} INFO - [OK] /opt/project/Data/raw/2025-10-13/Anvers_082229.json -> 9 lignes
[2025-10-13T08:23:11.696+0000] {subprocess.py:93} INFO - [OK] /opt/project/Data/raw/2025-10-13/Liège_082232.json -> 9 lignes
[2025-10-13T08:23:11.697+0000] {subprocess.py:93} INFO - [LOAD] 35 ligne(s) upsert dans dwh.silver.weather_daily
[2025-10-13T08:23:11.842+0000] {subprocess.py:97} INFO - Command exited with return code 0
[2025-10-13T08:23:12.025+0000] {taskinstance.py:1149} INFO - Marking task as SUCCESS. dag_id=weather_etl_v2, task_id=transform_silver, execution_date=20251011T220000, start_date=20251013T082300, end_date=20251013T082312
[2025-10-13T08:23:12.117+0000] {local_task_job_runner.py:234} INFO - Task exited with return code 0
[2025-10-13T08:23:12.189+0000] {taskinstance.py:3312} INFO - 0 downstream tasks scheduled from follow-on schedule check
