[2025-10-16T18:18:34.681+0000] {taskinstance.py:1979} INFO - Dependencies all met for dep_context=non-requeueable deps ti=<TaskInstance: extract_open_meteo_v2.run_extractor scheduled__2025-10-12T22:00:00+00:00 [queued]>
[2025-10-16T18:18:34.699+0000] {taskinstance.py:1979} INFO - Dependencies all met for dep_context=requeueable deps ti=<TaskInstance: extract_open_meteo_v2.run_extractor scheduled__2025-10-12T22:00:00+00:00 [queued]>
[2025-10-16T18:18:34.700+0000] {taskinstance.py:2193} INFO - Starting attempt 1 of 1
[2025-10-16T18:18:34.726+0000] {taskinstance.py:2217} INFO - Executing <Task(BashOperator): run_extractor> on 2025-10-12 22:00:00+00:00
[2025-10-16T18:18:34.735+0000] {standard_task_runner.py:60} INFO - Started process 194 to run task
[2025-10-16T18:18:34.740+0000] {standard_task_runner.py:87} INFO - Running: ['***', 'tasks', 'run', 'extract_open_meteo_v2', 'run_extractor', 'scheduled__2025-10-12T22:00:00+00:00', '--job-id', '49', '--raw', '--subdir', 'DAGS_FOLDER/extract_open_meteo_dag.py', '--cfg-path', '/tmp/tmphdbl8qsv']
[2025-10-16T18:18:34.743+0000] {standard_task_runner.py:88} INFO - Job 49: Subtask run_extractor
[2025-10-16T18:18:34.798+0000] {logging_mixin.py:188} WARNING - /home/***/.local/lib/python3.8/site-packages/***/settings.py:194 DeprecationWarning: The sql_alchemy_conn option in [core] has been moved to the sql_alchemy_conn option in [database] - the old setting has been used, but please update your config.
[2025-10-16T18:18:34.971+0000] {task_command.py:423} INFO - Running <TaskInstance: extract_open_meteo_v2.run_extractor scheduled__2025-10-12T22:00:00+00:00 [running]> on host fd4a4f39ed6f
[2025-10-16T18:18:35.588+0000] {taskinstance.py:2513} INFO - Exporting env vars: AIRFLOW_CTX_DAG_OWNER='***' AIRFLOW_CTX_DAG_ID='extract_open_meteo_v2' AIRFLOW_CTX_TASK_ID='run_extractor' AIRFLOW_CTX_EXECUTION_DATE='2025-10-12T22:00:00+00:00' AIRFLOW_CTX_TRY_NUMBER='1' AIRFLOW_CTX_DAG_RUN_ID='scheduled__2025-10-12T22:00:00+00:00'
[2025-10-16T18:18:35.592+0000] {subprocess.py:63} INFO - Tmp dir root location: /tmp
[2025-10-16T18:18:35.594+0000] {subprocess.py:75} INFO - Running command: ['/usr/bin/bash', '-c', 'python /opt/project/Scripts/extract_weather_open_meteo.py --cities Bruxelles Anvers Liège --past-days 2 --forecast-days 7 --keep-days 14']
[2025-10-16T18:18:35.615+0000] {subprocess.py:86} INFO - Output:
[2025-10-16T18:18:39.256+0000] {subprocess.py:93} INFO - [INFO] Projet        : /opt/project
[2025-10-16T18:18:39.257+0000] {subprocess.py:93} INFO - [INFO] RAW root      : /opt/project/Data/raw
[2025-10-16T18:18:39.259+0000] {subprocess.py:93} INFO - [INFO] Dossier du jour: /opt/project/Data/raw/2025-10-16
[2025-10-16T18:18:39.261+0000] {subprocess.py:93} INFO - [GEO] Bruxelles -> Bruxelles (lat=50.85045, lon=4.34878)
[2025-10-16T18:18:39.262+0000] {subprocess.py:93} INFO - [OK] Données sauvegardées: /opt/project/Data/raw/2025-10-16/Bruxelles_181837.json
[2025-10-16T18:18:39.263+0000] {subprocess.py:93} INFO - [GEO] Anvers -> Anvers (lat=51.22047, lon=4.40026)
[2025-10-16T18:18:39.265+0000] {subprocess.py:93} INFO - [OK] Données sauvegardées: /opt/project/Data/raw/2025-10-16/Anvers_181838.json
[2025-10-16T18:18:39.266+0000] {subprocess.py:93} INFO - [GEO] Liège -> Liège (lat=50.63373, lon=5.56749)
[2025-10-16T18:18:39.268+0000] {subprocess.py:93} INFO - [OK] Données sauvegardées: /opt/project/Data/raw/2025-10-16/Liège_181839.json
[2025-10-16T18:18:39.275+0000] {subprocess.py:93} INFO - [CLEAN] Dossiers de date supprimés (> 14 jours): 0
[2025-10-16T18:18:39.354+0000] {subprocess.py:97} INFO - Command exited with return code 0
[2025-10-16T18:18:39.587+0000] {taskinstance.py:1149} INFO - Marking task as SUCCESS. dag_id=extract_open_meteo_v2, task_id=run_extractor, execution_date=20251012T220000, start_date=20251016T181834, end_date=20251016T181839
[2025-10-16T18:18:39.770+0000] {local_task_job_runner.py:234} INFO - Task exited with return code 0
[2025-10-16T18:18:40.050+0000] {taskinstance.py:3312} INFO - 0 downstream tasks scheduled from follow-on schedule check
