[2025-10-10T15:24:13.751+0000] {taskinstance.py:1979} INFO - Dependencies all met for dep_context=non-requeueable deps ti=<TaskInstance: weather_etl_v2.extract_bronze manual__2025-10-10T15:24:08.886245+00:00 [queued]>
[2025-10-10T15:24:13.780+0000] {taskinstance.py:1979} INFO - Dependencies all met for dep_context=requeueable deps ti=<TaskInstance: weather_etl_v2.extract_bronze manual__2025-10-10T15:24:08.886245+00:00 [queued]>
[2025-10-10T15:24:13.781+0000] {taskinstance.py:2193} INFO - Starting attempt 1 of 1
[2025-10-10T15:24:13.827+0000] {taskinstance.py:2217} INFO - Executing <Task(BashOperator): extract_bronze> on 2025-10-10 15:24:08.886245+00:00
[2025-10-10T15:24:13.842+0000] {standard_task_runner.py:60} INFO - Started process 1482 to run task
[2025-10-10T15:24:13.854+0000] {standard_task_runner.py:87} INFO - Running: ['***', 'tasks', 'run', 'weather_etl_v2', 'extract_bronze', 'manual__2025-10-10T15:24:08.886245+00:00', '--job-id', '15', '--raw', '--subdir', 'DAGS_FOLDER/Airflow/dags/Airflow/dags/weather_etl_v2.py', '--cfg-path', '/tmp/tmpcz34tojs']
[2025-10-10T15:24:13.858+0000] {standard_task_runner.py:88} INFO - Job 15: Subtask extract_bronze
[2025-10-10T15:24:14.013+0000] {logging_mixin.py:188} WARNING - /home/***/.local/lib/python3.8/site-packages/***/settings.py:194 DeprecationWarning: The sql_alchemy_conn option in [core] has been moved to the sql_alchemy_conn option in [database] - the old setting has been used, but please update your config.
[2025-10-10T15:24:14.399+0000] {task_command.py:423} INFO - Running <TaskInstance: weather_etl_v2.extract_bronze manual__2025-10-10T15:24:08.886245+00:00 [running]> on host fd4a4f39ed6f
[2025-10-10T15:24:14.999+0000] {taskinstance.py:2513} INFO - Exporting env vars: AIRFLOW_CTX_DAG_OWNER='***' AIRFLOW_CTX_DAG_ID='weather_etl_v2' AIRFLOW_CTX_TASK_ID='extract_bronze' AIRFLOW_CTX_EXECUTION_DATE='2025-10-10T15:24:08.886245+00:00' AIRFLOW_CTX_TRY_NUMBER='1' AIRFLOW_CTX_DAG_RUN_ID='manual__2025-10-10T15:24:08.886245+00:00'
[2025-10-10T15:24:15.012+0000] {subprocess.py:63} INFO - Tmp dir root location: /tmp
[2025-10-10T15:24:15.015+0000] {subprocess.py:75} INFO - Running command: ['/usr/bin/bash', '-c', 'python /opt/project/Scripts/extract_weather_open_meteo.py --cities Bruxelles Anvers Liège --past-days 2 --forecast-days 7 --keep-days 14']
[2025-10-10T15:24:15.061+0000] {subprocess.py:86} INFO - Output:
[2025-10-10T15:24:19.269+0000] {subprocess.py:93} INFO - [INFO] Projet        : /opt/project
[2025-10-10T15:24:19.270+0000] {subprocess.py:93} INFO - [INFO] RAW root      : /opt/project/Data/raw
[2025-10-10T15:24:19.271+0000] {subprocess.py:93} INFO - [INFO] Dossier du jour: /opt/project/Data/raw/2025-10-10
[2025-10-10T15:24:19.272+0000] {subprocess.py:93} INFO - [GEO] Bruxelles -> Bruxelles (lat=50.85045, lon=4.34878)
[2025-10-10T15:24:19.272+0000] {subprocess.py:93} INFO - [OK] Données sauvegardées: /opt/project/Data/raw/2025-10-10/Bruxelles_152417.json
[2025-10-10T15:24:19.273+0000] {subprocess.py:93} INFO - [GEO] Anvers -> Anvers (lat=51.22047, lon=4.40026)
[2025-10-10T15:24:19.274+0000] {subprocess.py:93} INFO - [OK] Données sauvegardées: /opt/project/Data/raw/2025-10-10/Anvers_152418.json
[2025-10-10T15:24:19.275+0000] {subprocess.py:93} INFO - [GEO] Liège -> Liège (lat=50.63373, lon=5.56749)
[2025-10-10T15:24:19.276+0000] {subprocess.py:93} INFO - [OK] Données sauvegardées: /opt/project/Data/raw/2025-10-10/Liège_152419.json
[2025-10-10T15:24:19.277+0000] {subprocess.py:93} INFO - [CLEAN] Dossiers de date supprimés (> 14 jours): 0
[2025-10-10T15:24:19.298+0000] {subprocess.py:97} INFO - Command exited with return code 0
[2025-10-10T15:24:19.472+0000] {taskinstance.py:1149} INFO - Marking task as SUCCESS. dag_id=weather_etl_v2, task_id=extract_bronze, execution_date=20251010T152408, start_date=20251010T152413, end_date=20251010T152419
[2025-10-10T15:24:19.546+0000] {local_task_job_runner.py:234} INFO - Task exited with return code 0
[2025-10-10T15:24:19.641+0000] {taskinstance.py:3312} INFO - 1 downstream tasks scheduled from follow-on schedule check
