[2025-10-13T00:47:02.760+0000] {taskinstance.py:1979} INFO - Dependencies all met for dep_context=non-requeueable deps ti=<TaskInstance: extract_open_meteo_v2.run_extractor scheduled__2025-10-11T22:00:00+00:00 [queued]>
[2025-10-13T00:47:02.815+0000] {taskinstance.py:1979} INFO - Dependencies all met for dep_context=requeueable deps ti=<TaskInstance: extract_open_meteo_v2.run_extractor scheduled__2025-10-11T22:00:00+00:00 [queued]>
[2025-10-13T00:47:02.816+0000] {taskinstance.py:2193} INFO - Starting attempt 1 of 1
[2025-10-13T00:47:03.226+0000] {taskinstance.py:2217} INFO - Executing <Task(BashOperator): run_extractor> on 2025-10-11 22:00:00+00:00
[2025-10-13T00:47:03.291+0000] {standard_task_runner.py:60} INFO - Started process 5614 to run task
[2025-10-13T00:47:03.469+0000] {standard_task_runner.py:87} INFO - Running: ['***', 'tasks', 'run', 'extract_open_meteo_v2', 'run_extractor', 'scheduled__2025-10-11T22:00:00+00:00', '--job-id', '44', '--raw', '--subdir', 'DAGS_FOLDER/extract_open_meteo_dag.py', '--cfg-path', '/tmp/tmpkodvyalj']
[2025-10-13T00:47:03.509+0000] {standard_task_runner.py:88} INFO - Job 44: Subtask run_extractor
[2025-10-13T00:47:03.736+0000] {logging_mixin.py:188} WARNING - /home/***/.local/lib/python3.8/site-packages/***/settings.py:194 DeprecationWarning: The sql_alchemy_conn option in [core] has been moved to the sql_alchemy_conn option in [database] - the old setting has been used, but please update your config.
[2025-10-13T00:47:04.040+0000] {task_command.py:423} INFO - Running <TaskInstance: extract_open_meteo_v2.run_extractor scheduled__2025-10-11T22:00:00+00:00 [running]> on host fd4a4f39ed6f
[2025-10-13T00:47:04.734+0000] {taskinstance.py:2513} INFO - Exporting env vars: AIRFLOW_CTX_DAG_OWNER='***' AIRFLOW_CTX_DAG_ID='extract_open_meteo_v2' AIRFLOW_CTX_TASK_ID='run_extractor' AIRFLOW_CTX_EXECUTION_DATE='2025-10-11T22:00:00+00:00' AIRFLOW_CTX_TRY_NUMBER='1' AIRFLOW_CTX_DAG_RUN_ID='scheduled__2025-10-11T22:00:00+00:00'
[2025-10-13T00:47:04.747+0000] {subprocess.py:63} INFO - Tmp dir root location: /tmp
[2025-10-13T00:47:04.749+0000] {subprocess.py:75} INFO - Running command: ['/usr/bin/bash', '-c', 'python /opt/project/Scripts/extract_weather_open_meteo.py --cities Bruxelles Anvers Liège --past-days 2 --forecast-days 7 --keep-days 14']
[2025-10-13T00:47:04.796+0000] {subprocess.py:86} INFO - Output:
[2025-10-13T08:22:34.629+0000] {subprocess.py:93} INFO - [INFO] Projet        : /opt/project
[2025-10-13T08:22:38.066+0000] {subprocess.py:93} INFO - [INFO] RAW root      : /opt/project/Data/raw
[2025-10-13T08:22:38.169+0000] {subprocess.py:93} INFO - [INFO] Dossier du jour: /opt/project/Data/raw/2025-10-13
[2025-10-13T08:22:38.179+0000] {subprocess.py:93} INFO - [ERREUR] Bruxelles: HTTPSConnectionPool(host='geocoding-api.open-meteo.com', port=443): Max retries exceeded with url: /v1/search?name=Bruxelles&count=1&language=fr&format=json (Caused by NewConnectionError('<urllib3.connection.HTTPSConnection object at 0x7fdffa726190>: Failed to establish a new connection: [Errno -3] Temporary failure in name resolution'))
[2025-10-13T08:22:38.190+0000] {subprocess.py:93} INFO - [GEO] Anvers -> Anvers (lat=51.22047, lon=4.40026)
[2025-10-13T08:22:38.195+0000] {subprocess.py:93} INFO - [OK] Données sauvegardées: /opt/project/Data/raw/2025-10-13/Anvers_082229.json
[2025-10-13T08:22:38.209+0000] {subprocess.py:93} INFO - [GEO] Liège -> Liège (lat=50.63373, lon=5.56749)
[2025-10-13T08:22:38.210+0000] {subprocess.py:93} INFO - [OK] Données sauvegardées: /opt/project/Data/raw/2025-10-13/Liège_082232.json
[2025-10-13T08:22:38.212+0000] {subprocess.py:93} INFO - [CLEAN] Dossiers de date supprimés (> 14 jours): 0
[2025-10-13T08:22:39.830+0000] {subprocess.py:97} INFO - Command exited with return code 0
[2025-10-13T08:22:48.226+0000] {taskinstance.py:1149} INFO - Marking task as SUCCESS. dag_id=extract_open_meteo_v2, task_id=run_extractor, execution_date=20251011T220000, start_date=20251013T004702, end_date=20251013T082247
[2025-10-13T08:22:49.936+0000] {local_task_job_runner.py:234} INFO - Task exited with return code 0
[2025-10-13T08:22:51.335+0000] {taskinstance.py:3312} INFO - 0 downstream tasks scheduled from follow-on schedule check
