[2025-10-16T18:30:14.864+0000] {taskinstance.py:1979} INFO - Dependencies all met for dep_context=non-requeueable deps ti=<TaskInstance: weather_gold_v1.aggregate_gold manual__2025-10-16T18:30:12.957449+00:00 [queued]>
[2025-10-16T18:30:14.883+0000] {taskinstance.py:1979} INFO - Dependencies all met for dep_context=requeueable deps ti=<TaskInstance: weather_gold_v1.aggregate_gold manual__2025-10-16T18:30:12.957449+00:00 [queued]>
[2025-10-16T18:30:14.884+0000] {taskinstance.py:2193} INFO - Starting attempt 1 of 1
[2025-10-16T18:30:14.919+0000] {taskinstance.py:2217} INFO - Executing <Task(BashOperator): aggregate_gold> on 2025-10-16 18:30:12.957449+00:00
[2025-10-16T18:30:14.926+0000] {standard_task_runner.py:60} INFO - Started process 597 to run task
[2025-10-16T18:30:14.931+0000] {standard_task_runner.py:87} INFO - Running: ['***', 'tasks', 'run', 'weather_gold_v1', 'aggregate_gold', 'manual__2025-10-16T18:30:12.957449+00:00', '--job-id', '57', '--raw', '--subdir', 'DAGS_FOLDER/weather_gold_v1.py', '--cfg-path', '/tmp/tmpr45uomm6']
[2025-10-16T18:30:14.935+0000] {standard_task_runner.py:88} INFO - Job 57: Subtask aggregate_gold
[2025-10-16T18:30:14.995+0000] {logging_mixin.py:188} WARNING - /home/***/.local/lib/python3.8/site-packages/***/settings.py:194 DeprecationWarning: The sql_alchemy_conn option in [core] has been moved to the sql_alchemy_conn option in [database] - the old setting has been used, but please update your config.
[2025-10-16T18:30:15.163+0000] {task_command.py:423} INFO - Running <TaskInstance: weather_gold_v1.aggregate_gold manual__2025-10-16T18:30:12.957449+00:00 [running]> on host fd4a4f39ed6f
[2025-10-16T18:30:15.540+0000] {taskinstance.py:2513} INFO - Exporting env vars: AIRFLOW_CTX_DAG_OWNER='***' AIRFLOW_CTX_DAG_ID='weather_gold_v1' AIRFLOW_CTX_TASK_ID='aggregate_gold' AIRFLOW_CTX_EXECUTION_DATE='2025-10-16T18:30:12.957449+00:00' AIRFLOW_CTX_TRY_NUMBER='1' AIRFLOW_CTX_DAG_RUN_ID='manual__2025-10-16T18:30:12.957449+00:00'
[2025-10-16T18:30:15.543+0000] {subprocess.py:63} INFO - Tmp dir root location: /tmp
[2025-10-16T18:30:15.544+0000] {subprocess.py:75} INFO - Running command: ['/usr/bin/bash', '-c', 'python /opt/project/Scripts/load_gold_weather_kpi.py']
[2025-10-16T18:30:15.557+0000] {subprocess.py:86} INFO - Output:
[2025-10-16T18:30:17.372+0000] {subprocess.py:93} INFO - /opt/project/Scripts/load_gold_weather_kpi.py:26: UserWarning: pandas only supports SQLAlchemy connectable (engine/connection) or database string URI or sqlite3 DBAPI2 connection. Other DBAPI2 objects are not tested. Please consider using SQLAlchemy.
[2025-10-16T18:30:17.373+0000] {subprocess.py:93} INFO -   df = pd.read_sql(query, conn)
[2025-10-16T18:30:17.375+0000] {subprocess.py:93} INFO - [INFO] Connexion à la base dwh...
[2025-10-16T18:30:17.377+0000] {subprocess.py:93} INFO - [INFO] 45 lignes récupérées de la couche Silver.
[2025-10-16T18:30:17.378+0000] {subprocess.py:93} INFO - [OK] Données Gold upsertées : 9 lignes.
[2025-10-16T18:30:17.502+0000] {subprocess.py:97} INFO - Command exited with return code 0
[2025-10-16T18:30:17.620+0000] {taskinstance.py:1149} INFO - Marking task as SUCCESS. dag_id=weather_gold_v1, task_id=aggregate_gold, execution_date=20251016T183012, start_date=20251016T183014, end_date=20251016T183017
[2025-10-16T18:30:17.687+0000] {local_task_job_runner.py:234} INFO - Task exited with return code 0
[2025-10-16T18:30:17.763+0000] {taskinstance.py:3312} INFO - 0 downstream tasks scheduled from follow-on schedule check
