[2025-10-10T15:52:24.937+0000] {processor.py:161} INFO - Started process (PID=172) to work on /opt/airflow/dags/extract_open_meteo_dag.py
[2025-10-10T15:52:24.943+0000] {processor.py:830} INFO - Processing file /opt/airflow/dags/extract_open_meteo_dag.py for tasks to queue
[2025-10-10T15:52:24.946+0000] {logging_mixin.py:188} INFO - [2025-10-10T15:52:24.945+0000] {dagbag.py:540} INFO - Filling up the DagBag from /opt/airflow/dags/extract_open_meteo_dag.py
[2025-10-10T15:52:25.057+0000] {processor.py:840} INFO - DAG(s) 'extract_open_meteo_v2' retrieved from /opt/airflow/dags/extract_open_meteo_dag.py
[2025-10-10T15:52:25.542+0000] {logging_mixin.py:188} INFO - [2025-10-10T15:52:25.542+0000] {dag.py:3047} INFO - Sync 1 DAGs
[2025-10-10T15:52:25.638+0000] {logging_mixin.py:188} INFO - [2025-10-10T15:52:25.638+0000] {dag.py:3834} INFO - Setting next_dagrun for extract_open_meteo_v2 to 2025-10-09 22:00:00+00:00, run_after=2025-10-10 22:00:00+00:00
[2025-10-10T15:52:25.749+0000] {processor.py:183} INFO - Processing /opt/airflow/dags/extract_open_meteo_dag.py took 0.838 seconds
[2025-10-10T15:52:56.252+0000] {processor.py:161} INFO - Started process (PID=182) to work on /opt/airflow/dags/extract_open_meteo_dag.py
[2025-10-10T15:52:56.256+0000] {processor.py:830} INFO - Processing file /opt/airflow/dags/extract_open_meteo_dag.py for tasks to queue
[2025-10-10T15:52:56.259+0000] {logging_mixin.py:188} INFO - [2025-10-10T15:52:56.258+0000] {dagbag.py:540} INFO - Filling up the DagBag from /opt/airflow/dags/extract_open_meteo_dag.py
[2025-10-10T15:52:56.309+0000] {processor.py:840} INFO - DAG(s) 'extract_open_meteo_v2' retrieved from /opt/airflow/dags/extract_open_meteo_dag.py
[2025-10-10T15:52:56.425+0000] {logging_mixin.py:188} INFO - [2025-10-10T15:52:56.425+0000] {dag.py:3047} INFO - Sync 1 DAGs
[2025-10-10T15:52:56.501+0000] {logging_mixin.py:188} INFO - [2025-10-10T15:52:56.500+0000] {dag.py:3834} INFO - Setting next_dagrun for extract_open_meteo_v2 to 2025-10-09 22:00:00+00:00, run_after=2025-10-10 22:00:00+00:00
[2025-10-10T15:52:56.580+0000] {processor.py:183} INFO - Processing /opt/airflow/dags/extract_open_meteo_dag.py took 0.363 seconds
[2025-10-10T15:53:26.972+0000] {processor.py:161} INFO - Started process (PID=214) to work on /opt/airflow/dags/extract_open_meteo_dag.py
[2025-10-10T15:53:26.973+0000] {processor.py:830} INFO - Processing file /opt/airflow/dags/extract_open_meteo_dag.py for tasks to queue
[2025-10-10T15:53:26.976+0000] {logging_mixin.py:188} INFO - [2025-10-10T15:53:26.975+0000] {dagbag.py:540} INFO - Filling up the DagBag from /opt/airflow/dags/extract_open_meteo_dag.py
[2025-10-10T15:53:27.014+0000] {processor.py:840} INFO - DAG(s) 'extract_open_meteo_v2' retrieved from /opt/airflow/dags/extract_open_meteo_dag.py
[2025-10-10T15:53:27.086+0000] {logging_mixin.py:188} INFO - [2025-10-10T15:53:27.086+0000] {dag.py:3047} INFO - Sync 1 DAGs
[2025-10-10T15:53:27.140+0000] {logging_mixin.py:188} INFO - [2025-10-10T15:53:27.139+0000] {dag.py:3834} INFO - Setting next_dagrun for extract_open_meteo_v2 to 2025-10-09 22:00:00+00:00, run_after=2025-10-10 22:00:00+00:00
[2025-10-10T15:53:27.213+0000] {processor.py:183} INFO - Processing /opt/airflow/dags/extract_open_meteo_dag.py took 0.247 seconds
[2025-10-10T15:53:57.695+0000] {processor.py:161} INFO - Started process (PID=224) to work on /opt/airflow/dags/extract_open_meteo_dag.py
[2025-10-10T15:53:57.698+0000] {processor.py:830} INFO - Processing file /opt/airflow/dags/extract_open_meteo_dag.py for tasks to queue
[2025-10-10T15:53:57.701+0000] {logging_mixin.py:188} INFO - [2025-10-10T15:53:57.700+0000] {dagbag.py:540} INFO - Filling up the DagBag from /opt/airflow/dags/extract_open_meteo_dag.py
[2025-10-10T15:53:57.743+0000] {processor.py:840} INFO - DAG(s) 'extract_open_meteo_v2' retrieved from /opt/airflow/dags/extract_open_meteo_dag.py
[2025-10-10T15:53:57.836+0000] {logging_mixin.py:188} INFO - [2025-10-10T15:53:57.835+0000] {dag.py:3047} INFO - Sync 1 DAGs
[2025-10-10T15:53:57.893+0000] {logging_mixin.py:188} INFO - [2025-10-10T15:53:57.893+0000] {dag.py:3834} INFO - Setting next_dagrun for extract_open_meteo_v2 to 2025-10-09 22:00:00+00:00, run_after=2025-10-10 22:00:00+00:00
[2025-10-10T15:53:57.976+0000] {processor.py:183} INFO - Processing /opt/airflow/dags/extract_open_meteo_dag.py took 0.288 seconds
[2025-10-10T15:54:28.519+0000] {processor.py:161} INFO - Started process (PID=234) to work on /opt/airflow/dags/extract_open_meteo_dag.py
[2025-10-10T15:54:28.526+0000] {processor.py:830} INFO - Processing file /opt/airflow/dags/extract_open_meteo_dag.py for tasks to queue
[2025-10-10T15:54:28.541+0000] {logging_mixin.py:188} INFO - [2025-10-10T15:54:28.539+0000] {dagbag.py:540} INFO - Filling up the DagBag from /opt/airflow/dags/extract_open_meteo_dag.py
[2025-10-10T15:54:28.754+0000] {processor.py:840} INFO - DAG(s) 'extract_open_meteo_v2' retrieved from /opt/airflow/dags/extract_open_meteo_dag.py
[2025-10-10T15:54:28.920+0000] {logging_mixin.py:188} INFO - [2025-10-10T15:54:28.919+0000] {dag.py:3047} INFO - Sync 1 DAGs
[2025-10-10T15:54:29.011+0000] {logging_mixin.py:188} INFO - [2025-10-10T15:54:29.010+0000] {dag.py:3834} INFO - Setting next_dagrun for extract_open_meteo_v2 to 2025-10-09 22:00:00+00:00, run_after=2025-10-10 22:00:00+00:00
[2025-10-10T15:54:29.089+0000] {processor.py:183} INFO - Processing /opt/airflow/dags/extract_open_meteo_dag.py took 0.587 seconds
[2025-10-10T15:54:59.674+0000] {processor.py:161} INFO - Started process (PID=244) to work on /opt/airflow/dags/extract_open_meteo_dag.py
[2025-10-10T15:54:59.677+0000] {processor.py:830} INFO - Processing file /opt/airflow/dags/extract_open_meteo_dag.py for tasks to queue
[2025-10-10T15:54:59.679+0000] {logging_mixin.py:188} INFO - [2025-10-10T15:54:59.679+0000] {dagbag.py:540} INFO - Filling up the DagBag from /opt/airflow/dags/extract_open_meteo_dag.py
[2025-10-10T15:54:59.721+0000] {processor.py:840} INFO - DAG(s) 'extract_open_meteo_v2' retrieved from /opt/airflow/dags/extract_open_meteo_dag.py
[2025-10-10T15:54:59.817+0000] {logging_mixin.py:188} INFO - [2025-10-10T15:54:59.817+0000] {dag.py:3047} INFO - Sync 1 DAGs
[2025-10-10T15:54:59.879+0000] {logging_mixin.py:188} INFO - [2025-10-10T15:54:59.879+0000] {dag.py:3834} INFO - Setting next_dagrun for extract_open_meteo_v2 to 2025-10-09 22:00:00+00:00, run_after=2025-10-10 22:00:00+00:00
[2025-10-10T15:54:59.952+0000] {processor.py:183} INFO - Processing /opt/airflow/dags/extract_open_meteo_dag.py took 0.285 seconds
[2025-10-10T15:55:30.543+0000] {processor.py:161} INFO - Started process (PID=254) to work on /opt/airflow/dags/extract_open_meteo_dag.py
[2025-10-10T15:55:30.546+0000] {processor.py:830} INFO - Processing file /opt/airflow/dags/extract_open_meteo_dag.py for tasks to queue
[2025-10-10T15:55:30.548+0000] {logging_mixin.py:188} INFO - [2025-10-10T15:55:30.548+0000] {dagbag.py:540} INFO - Filling up the DagBag from /opt/airflow/dags/extract_open_meteo_dag.py
[2025-10-10T15:55:30.611+0000] {processor.py:840} INFO - DAG(s) 'extract_open_meteo_v2' retrieved from /opt/airflow/dags/extract_open_meteo_dag.py
[2025-10-10T15:55:30.729+0000] {logging_mixin.py:188} INFO - [2025-10-10T15:55:30.728+0000] {dag.py:3047} INFO - Sync 1 DAGs
[2025-10-10T15:55:30.799+0000] {logging_mixin.py:188} INFO - [2025-10-10T15:55:30.799+0000] {dag.py:3834} INFO - Setting next_dagrun for extract_open_meteo_v2 to 2025-10-09 22:00:00+00:00, run_after=2025-10-10 22:00:00+00:00
[2025-10-10T15:55:30.882+0000] {processor.py:183} INFO - Processing /opt/airflow/dags/extract_open_meteo_dag.py took 0.351 seconds
[2025-10-10T15:56:01.405+0000] {processor.py:161} INFO - Started process (PID=264) to work on /opt/airflow/dags/extract_open_meteo_dag.py
[2025-10-10T15:56:01.409+0000] {processor.py:830} INFO - Processing file /opt/airflow/dags/extract_open_meteo_dag.py for tasks to queue
[2025-10-10T15:56:01.414+0000] {logging_mixin.py:188} INFO - [2025-10-10T15:56:01.413+0000] {dagbag.py:540} INFO - Filling up the DagBag from /opt/airflow/dags/extract_open_meteo_dag.py
[2025-10-10T15:56:01.467+0000] {processor.py:840} INFO - DAG(s) 'extract_open_meteo_v2' retrieved from /opt/airflow/dags/extract_open_meteo_dag.py
[2025-10-10T15:56:01.577+0000] {logging_mixin.py:188} INFO - [2025-10-10T15:56:01.576+0000] {dag.py:3047} INFO - Sync 1 DAGs
[2025-10-10T15:56:01.646+0000] {logging_mixin.py:188} INFO - [2025-10-10T15:56:01.645+0000] {dag.py:3834} INFO - Setting next_dagrun for extract_open_meteo_v2 to 2025-10-09 22:00:00+00:00, run_after=2025-10-10 22:00:00+00:00
[2025-10-10T15:56:01.738+0000] {processor.py:183} INFO - Processing /opt/airflow/dags/extract_open_meteo_dag.py took 0.338 seconds
[2025-10-10T15:56:32.212+0000] {processor.py:161} INFO - Started process (PID=274) to work on /opt/airflow/dags/extract_open_meteo_dag.py
[2025-10-10T15:56:32.215+0000] {processor.py:830} INFO - Processing file /opt/airflow/dags/extract_open_meteo_dag.py for tasks to queue
[2025-10-10T15:56:32.218+0000] {logging_mixin.py:188} INFO - [2025-10-10T15:56:32.217+0000] {dagbag.py:540} INFO - Filling up the DagBag from /opt/airflow/dags/extract_open_meteo_dag.py
[2025-10-10T15:56:32.266+0000] {processor.py:840} INFO - DAG(s) 'extract_open_meteo_v2' retrieved from /opt/airflow/dags/extract_open_meteo_dag.py
[2025-10-10T15:56:32.378+0000] {logging_mixin.py:188} INFO - [2025-10-10T15:56:32.378+0000] {dag.py:3047} INFO - Sync 1 DAGs
[2025-10-10T15:56:32.458+0000] {logging_mixin.py:188} INFO - [2025-10-10T15:56:32.458+0000] {dag.py:3834} INFO - Setting next_dagrun for extract_open_meteo_v2 to 2025-10-09 22:00:00+00:00, run_after=2025-10-10 22:00:00+00:00
[2025-10-10T15:56:32.552+0000] {processor.py:183} INFO - Processing /opt/airflow/dags/extract_open_meteo_dag.py took 0.347 seconds
[2025-10-10T15:57:03.008+0000] {processor.py:161} INFO - Started process (PID=284) to work on /opt/airflow/dags/extract_open_meteo_dag.py
[2025-10-10T15:57:03.012+0000] {processor.py:830} INFO - Processing file /opt/airflow/dags/extract_open_meteo_dag.py for tasks to queue
[2025-10-10T15:57:03.015+0000] {logging_mixin.py:188} INFO - [2025-10-10T15:57:03.014+0000] {dagbag.py:540} INFO - Filling up the DagBag from /opt/airflow/dags/extract_open_meteo_dag.py
[2025-10-10T15:57:03.099+0000] {processor.py:840} INFO - DAG(s) 'extract_open_meteo_v2' retrieved from /opt/airflow/dags/extract_open_meteo_dag.py
[2025-10-10T15:57:03.594+0000] {logging_mixin.py:188} INFO - [2025-10-10T15:57:03.593+0000] {dag.py:3047} INFO - Sync 1 DAGs
[2025-10-10T15:57:03.701+0000] {logging_mixin.py:188} INFO - [2025-10-10T15:57:03.700+0000] {dag.py:3834} INFO - Setting next_dagrun for extract_open_meteo_v2 to 2025-10-09 22:00:00+00:00, run_after=2025-10-10 22:00:00+00:00
[2025-10-10T15:57:03.783+0000] {processor.py:183} INFO - Processing /opt/airflow/dags/extract_open_meteo_dag.py took 0.781 seconds
[2025-10-10T15:57:34.359+0000] {processor.py:161} INFO - Started process (PID=294) to work on /opt/airflow/dags/extract_open_meteo_dag.py
[2025-10-10T15:57:34.361+0000] {processor.py:830} INFO - Processing file /opt/airflow/dags/extract_open_meteo_dag.py for tasks to queue
[2025-10-10T15:57:34.363+0000] {logging_mixin.py:188} INFO - [2025-10-10T15:57:34.362+0000] {dagbag.py:540} INFO - Filling up the DagBag from /opt/airflow/dags/extract_open_meteo_dag.py
[2025-10-10T15:57:34.397+0000] {processor.py:840} INFO - DAG(s) 'extract_open_meteo_v2' retrieved from /opt/airflow/dags/extract_open_meteo_dag.py
[2025-10-10T15:57:34.463+0000] {logging_mixin.py:188} INFO - [2025-10-10T15:57:34.463+0000] {dag.py:3047} INFO - Sync 1 DAGs
[2025-10-10T15:57:34.518+0000] {logging_mixin.py:188} INFO - [2025-10-10T15:57:34.518+0000] {dag.py:3834} INFO - Setting next_dagrun for extract_open_meteo_v2 to 2025-10-09 22:00:00+00:00, run_after=2025-10-10 22:00:00+00:00
[2025-10-10T15:57:34.574+0000] {processor.py:183} INFO - Processing /opt/airflow/dags/extract_open_meteo_dag.py took 0.220 seconds
[2025-10-10T15:58:05.017+0000] {processor.py:161} INFO - Started process (PID=304) to work on /opt/airflow/dags/extract_open_meteo_dag.py
[2025-10-10T15:58:05.018+0000] {processor.py:830} INFO - Processing file /opt/airflow/dags/extract_open_meteo_dag.py for tasks to queue
[2025-10-10T15:58:05.020+0000] {logging_mixin.py:188} INFO - [2025-10-10T15:58:05.020+0000] {dagbag.py:540} INFO - Filling up the DagBag from /opt/airflow/dags/extract_open_meteo_dag.py
[2025-10-10T15:58:05.059+0000] {processor.py:840} INFO - DAG(s) 'extract_open_meteo_v2' retrieved from /opt/airflow/dags/extract_open_meteo_dag.py
[2025-10-10T15:58:05.141+0000] {logging_mixin.py:188} INFO - [2025-10-10T15:58:05.141+0000] {dag.py:3047} INFO - Sync 1 DAGs
[2025-10-10T15:58:05.198+0000] {logging_mixin.py:188} INFO - [2025-10-10T15:58:05.198+0000] {dag.py:3834} INFO - Setting next_dagrun for extract_open_meteo_v2 to 2025-10-09 22:00:00+00:00, run_after=2025-10-10 22:00:00+00:00
[2025-10-10T15:58:05.281+0000] {processor.py:183} INFO - Processing /opt/airflow/dags/extract_open_meteo_dag.py took 0.272 seconds
[2025-10-10T15:58:35.759+0000] {processor.py:161} INFO - Started process (PID=314) to work on /opt/airflow/dags/extract_open_meteo_dag.py
[2025-10-10T15:58:35.762+0000] {processor.py:830} INFO - Processing file /opt/airflow/dags/extract_open_meteo_dag.py for tasks to queue
[2025-10-10T15:58:35.765+0000] {logging_mixin.py:188} INFO - [2025-10-10T15:58:35.764+0000] {dagbag.py:540} INFO - Filling up the DagBag from /opt/airflow/dags/extract_open_meteo_dag.py
[2025-10-10T15:58:35.812+0000] {processor.py:840} INFO - DAG(s) 'extract_open_meteo_v2' retrieved from /opt/airflow/dags/extract_open_meteo_dag.py
[2025-10-10T15:58:35.930+0000] {logging_mixin.py:188} INFO - [2025-10-10T15:58:35.930+0000] {dag.py:3047} INFO - Sync 1 DAGs
[2025-10-10T15:58:36.000+0000] {logging_mixin.py:188} INFO - [2025-10-10T15:58:36.000+0000] {dag.py:3834} INFO - Setting next_dagrun for extract_open_meteo_v2 to 2025-10-09 22:00:00+00:00, run_after=2025-10-10 22:00:00+00:00
[2025-10-10T15:58:36.092+0000] {processor.py:183} INFO - Processing /opt/airflow/dags/extract_open_meteo_dag.py took 0.340 seconds
[2025-10-10T15:59:06.564+0000] {processor.py:161} INFO - Started process (PID=324) to work on /opt/airflow/dags/extract_open_meteo_dag.py
[2025-10-10T15:59:06.566+0000] {processor.py:830} INFO - Processing file /opt/airflow/dags/extract_open_meteo_dag.py for tasks to queue
[2025-10-10T15:59:06.569+0000] {logging_mixin.py:188} INFO - [2025-10-10T15:59:06.568+0000] {dagbag.py:540} INFO - Filling up the DagBag from /opt/airflow/dags/extract_open_meteo_dag.py
[2025-10-10T15:59:06.621+0000] {processor.py:840} INFO - DAG(s) 'extract_open_meteo_v2' retrieved from /opt/airflow/dags/extract_open_meteo_dag.py
[2025-10-10T15:59:06.719+0000] {logging_mixin.py:188} INFO - [2025-10-10T15:59:06.719+0000] {dag.py:3047} INFO - Sync 1 DAGs
[2025-10-10T15:59:06.785+0000] {logging_mixin.py:188} INFO - [2025-10-10T15:59:06.785+0000] {dag.py:3834} INFO - Setting next_dagrun for extract_open_meteo_v2 to 2025-10-09 22:00:00+00:00, run_after=2025-10-10 22:00:00+00:00
[2025-10-10T15:59:06.882+0000] {processor.py:183} INFO - Processing /opt/airflow/dags/extract_open_meteo_dag.py took 0.325 seconds
[2025-10-10T15:59:37.351+0000] {processor.py:161} INFO - Started process (PID=334) to work on /opt/airflow/dags/extract_open_meteo_dag.py
[2025-10-10T15:59:37.353+0000] {processor.py:830} INFO - Processing file /opt/airflow/dags/extract_open_meteo_dag.py for tasks to queue
[2025-10-10T15:59:37.355+0000] {logging_mixin.py:188} INFO - [2025-10-10T15:59:37.355+0000] {dagbag.py:540} INFO - Filling up the DagBag from /opt/airflow/dags/extract_open_meteo_dag.py
[2025-10-10T15:59:37.403+0000] {processor.py:840} INFO - DAG(s) 'extract_open_meteo_v2' retrieved from /opt/airflow/dags/extract_open_meteo_dag.py
[2025-10-10T15:59:37.490+0000] {logging_mixin.py:188} INFO - [2025-10-10T15:59:37.490+0000] {dag.py:3047} INFO - Sync 1 DAGs
[2025-10-10T15:59:37.551+0000] {logging_mixin.py:188} INFO - [2025-10-10T15:59:37.551+0000] {dag.py:3834} INFO - Setting next_dagrun for extract_open_meteo_v2 to 2025-10-09 22:00:00+00:00, run_after=2025-10-10 22:00:00+00:00
[2025-10-10T15:59:37.619+0000] {processor.py:183} INFO - Processing /opt/airflow/dags/extract_open_meteo_dag.py took 0.274 seconds
[2025-10-10T16:00:08.137+0000] {processor.py:161} INFO - Started process (PID=344) to work on /opt/airflow/dags/extract_open_meteo_dag.py
[2025-10-10T16:00:08.140+0000] {processor.py:830} INFO - Processing file /opt/airflow/dags/extract_open_meteo_dag.py for tasks to queue
[2025-10-10T16:00:08.144+0000] {logging_mixin.py:188} INFO - [2025-10-10T16:00:08.142+0000] {dagbag.py:540} INFO - Filling up the DagBag from /opt/airflow/dags/extract_open_meteo_dag.py
[2025-10-10T16:00:08.193+0000] {processor.py:840} INFO - DAG(s) 'extract_open_meteo_v2' retrieved from /opt/airflow/dags/extract_open_meteo_dag.py
[2025-10-10T16:00:08.294+0000] {logging_mixin.py:188} INFO - [2025-10-10T16:00:08.293+0000] {dag.py:3047} INFO - Sync 1 DAGs
[2025-10-10T16:00:08.373+0000] {logging_mixin.py:188} INFO - [2025-10-10T16:00:08.372+0000] {dag.py:3834} INFO - Setting next_dagrun for extract_open_meteo_v2 to 2025-10-09 22:00:00+00:00, run_after=2025-10-10 22:00:00+00:00
[2025-10-10T16:00:08.474+0000] {processor.py:183} INFO - Processing /opt/airflow/dags/extract_open_meteo_dag.py took 0.351 seconds
[2025-10-10T16:00:39.160+0000] {processor.py:161} INFO - Started process (PID=354) to work on /opt/airflow/dags/extract_open_meteo_dag.py
[2025-10-10T16:00:39.165+0000] {processor.py:830} INFO - Processing file /opt/airflow/dags/extract_open_meteo_dag.py for tasks to queue
[2025-10-10T16:00:39.169+0000] {logging_mixin.py:188} INFO - [2025-10-10T16:00:39.168+0000] {dagbag.py:540} INFO - Filling up the DagBag from /opt/airflow/dags/extract_open_meteo_dag.py
[2025-10-10T16:00:39.224+0000] {processor.py:840} INFO - DAG(s) 'extract_open_meteo_v2' retrieved from /opt/airflow/dags/extract_open_meteo_dag.py
[2025-10-10T16:00:39.358+0000] {logging_mixin.py:188} INFO - [2025-10-10T16:00:39.357+0000] {dag.py:3047} INFO - Sync 1 DAGs
[2025-10-10T16:00:39.443+0000] {logging_mixin.py:188} INFO - [2025-10-10T16:00:39.442+0000] {dag.py:3834} INFO - Setting next_dagrun for extract_open_meteo_v2 to 2025-10-09 22:00:00+00:00, run_after=2025-10-10 22:00:00+00:00
[2025-10-10T16:00:39.554+0000] {processor.py:183} INFO - Processing /opt/airflow/dags/extract_open_meteo_dag.py took 0.403 seconds
[2025-10-10T16:01:10.031+0000] {processor.py:161} INFO - Started process (PID=364) to work on /opt/airflow/dags/extract_open_meteo_dag.py
[2025-10-10T16:01:10.035+0000] {processor.py:830} INFO - Processing file /opt/airflow/dags/extract_open_meteo_dag.py for tasks to queue
[2025-10-10T16:01:10.038+0000] {logging_mixin.py:188} INFO - [2025-10-10T16:01:10.037+0000] {dagbag.py:540} INFO - Filling up the DagBag from /opt/airflow/dags/extract_open_meteo_dag.py
[2025-10-10T16:01:10.092+0000] {processor.py:840} INFO - DAG(s) 'extract_open_meteo_v2' retrieved from /opt/airflow/dags/extract_open_meteo_dag.py
[2025-10-10T16:01:10.185+0000] {logging_mixin.py:188} INFO - [2025-10-10T16:01:10.184+0000] {dag.py:3047} INFO - Sync 1 DAGs
[2025-10-10T16:01:10.260+0000] {logging_mixin.py:188} INFO - [2025-10-10T16:01:10.260+0000] {dag.py:3834} INFO - Setting next_dagrun for extract_open_meteo_v2 to 2025-10-09 22:00:00+00:00, run_after=2025-10-10 22:00:00+00:00
[2025-10-10T16:01:10.418+0000] {processor.py:183} INFO - Processing /opt/airflow/dags/extract_open_meteo_dag.py took 0.399 seconds
[2025-10-10T16:01:40.940+0000] {processor.py:161} INFO - Started process (PID=374) to work on /opt/airflow/dags/extract_open_meteo_dag.py
[2025-10-10T16:01:40.942+0000] {processor.py:830} INFO - Processing file /opt/airflow/dags/extract_open_meteo_dag.py for tasks to queue
[2025-10-10T16:01:40.944+0000] {logging_mixin.py:188} INFO - [2025-10-10T16:01:40.943+0000] {dagbag.py:540} INFO - Filling up the DagBag from /opt/airflow/dags/extract_open_meteo_dag.py
[2025-10-10T16:01:41.002+0000] {processor.py:840} INFO - DAG(s) 'extract_open_meteo_v2' retrieved from /opt/airflow/dags/extract_open_meteo_dag.py
[2025-10-10T16:01:41.103+0000] {logging_mixin.py:188} INFO - [2025-10-10T16:01:41.102+0000] {dag.py:3047} INFO - Sync 1 DAGs
[2025-10-10T16:01:41.175+0000] {logging_mixin.py:188} INFO - [2025-10-10T16:01:41.174+0000] {dag.py:3834} INFO - Setting next_dagrun for extract_open_meteo_v2 to 2025-10-09 22:00:00+00:00, run_after=2025-10-10 22:00:00+00:00
[2025-10-10T16:01:41.292+0000] {processor.py:183} INFO - Processing /opt/airflow/dags/extract_open_meteo_dag.py took 0.360 seconds
[2025-10-10T16:02:11.738+0000] {processor.py:161} INFO - Started process (PID=384) to work on /opt/airflow/dags/extract_open_meteo_dag.py
[2025-10-10T16:02:11.742+0000] {processor.py:830} INFO - Processing file /opt/airflow/dags/extract_open_meteo_dag.py for tasks to queue
[2025-10-10T16:02:11.746+0000] {logging_mixin.py:188} INFO - [2025-10-10T16:02:11.745+0000] {dagbag.py:540} INFO - Filling up the DagBag from /opt/airflow/dags/extract_open_meteo_dag.py
[2025-10-10T16:02:11.803+0000] {processor.py:840} INFO - DAG(s) 'extract_open_meteo_v2' retrieved from /opt/airflow/dags/extract_open_meteo_dag.py
[2025-10-10T16:02:11.914+0000] {logging_mixin.py:188} INFO - [2025-10-10T16:02:11.914+0000] {dag.py:3047} INFO - Sync 1 DAGs
[2025-10-10T16:02:11.993+0000] {logging_mixin.py:188} INFO - [2025-10-10T16:02:11.993+0000] {dag.py:3834} INFO - Setting next_dagrun for extract_open_meteo_v2 to 2025-10-09 22:00:00+00:00, run_after=2025-10-10 22:00:00+00:00
[2025-10-10T16:02:12.138+0000] {processor.py:183} INFO - Processing /opt/airflow/dags/extract_open_meteo_dag.py took 0.413 seconds
[2025-10-10T16:02:42.645+0000] {processor.py:161} INFO - Started process (PID=394) to work on /opt/airflow/dags/extract_open_meteo_dag.py
[2025-10-10T16:02:42.648+0000] {processor.py:830} INFO - Processing file /opt/airflow/dags/extract_open_meteo_dag.py for tasks to queue
[2025-10-10T16:02:42.651+0000] {logging_mixin.py:188} INFO - [2025-10-10T16:02:42.650+0000] {dagbag.py:540} INFO - Filling up the DagBag from /opt/airflow/dags/extract_open_meteo_dag.py
[2025-10-10T16:02:42.707+0000] {processor.py:840} INFO - DAG(s) 'extract_open_meteo_v2' retrieved from /opt/airflow/dags/extract_open_meteo_dag.py
[2025-10-10T16:02:42.819+0000] {logging_mixin.py:188} INFO - [2025-10-10T16:02:42.819+0000] {dag.py:3047} INFO - Sync 1 DAGs
[2025-10-10T16:02:42.898+0000] {logging_mixin.py:188} INFO - [2025-10-10T16:02:42.897+0000] {dag.py:3834} INFO - Setting next_dagrun for extract_open_meteo_v2 to 2025-10-09 22:00:00+00:00, run_after=2025-10-10 22:00:00+00:00
[2025-10-10T16:02:42.984+0000] {processor.py:183} INFO - Processing /opt/airflow/dags/extract_open_meteo_dag.py took 0.349 seconds
[2025-10-10T16:03:13.526+0000] {processor.py:161} INFO - Started process (PID=404) to work on /opt/airflow/dags/extract_open_meteo_dag.py
[2025-10-10T16:03:13.544+0000] {processor.py:830} INFO - Processing file /opt/airflow/dags/extract_open_meteo_dag.py for tasks to queue
[2025-10-10T16:03:13.553+0000] {logging_mixin.py:188} INFO - [2025-10-10T16:03:13.552+0000] {dagbag.py:540} INFO - Filling up the DagBag from /opt/airflow/dags/extract_open_meteo_dag.py
[2025-10-10T16:03:13.734+0000] {processor.py:840} INFO - DAG(s) 'extract_open_meteo_v2' retrieved from /opt/airflow/dags/extract_open_meteo_dag.py
[2025-10-10T16:03:14.010+0000] {logging_mixin.py:188} INFO - [2025-10-10T16:03:14.009+0000] {dag.py:3047} INFO - Sync 1 DAGs
[2025-10-10T16:03:14.166+0000] {logging_mixin.py:188} INFO - [2025-10-10T16:03:14.165+0000] {dag.py:3834} INFO - Setting next_dagrun for extract_open_meteo_v2 to 2025-10-09 22:00:00+00:00, run_after=2025-10-10 22:00:00+00:00
[2025-10-10T16:03:14.269+0000] {processor.py:183} INFO - Processing /opt/airflow/dags/extract_open_meteo_dag.py took 0.751 seconds
[2025-10-10T16:03:44.685+0000] {processor.py:161} INFO - Started process (PID=414) to work on /opt/airflow/dags/extract_open_meteo_dag.py
[2025-10-10T16:03:44.688+0000] {processor.py:830} INFO - Processing file /opt/airflow/dags/extract_open_meteo_dag.py for tasks to queue
[2025-10-10T16:03:44.691+0000] {logging_mixin.py:188} INFO - [2025-10-10T16:03:44.690+0000] {dagbag.py:540} INFO - Filling up the DagBag from /opt/airflow/dags/extract_open_meteo_dag.py
[2025-10-10T16:03:44.737+0000] {processor.py:840} INFO - DAG(s) 'extract_open_meteo_v2' retrieved from /opt/airflow/dags/extract_open_meteo_dag.py
[2025-10-10T16:03:44.840+0000] {logging_mixin.py:188} INFO - [2025-10-10T16:03:44.840+0000] {dag.py:3047} INFO - Sync 1 DAGs
[2025-10-10T16:03:44.911+0000] {logging_mixin.py:188} INFO - [2025-10-10T16:03:44.910+0000] {dag.py:3834} INFO - Setting next_dagrun for extract_open_meteo_v2 to 2025-10-09 22:00:00+00:00, run_after=2025-10-10 22:00:00+00:00
[2025-10-10T16:03:45.006+0000] {processor.py:183} INFO - Processing /opt/airflow/dags/extract_open_meteo_dag.py took 0.328 seconds
[2025-10-10T16:04:15.442+0000] {processor.py:161} INFO - Started process (PID=424) to work on /opt/airflow/dags/extract_open_meteo_dag.py
[2025-10-10T16:04:15.444+0000] {processor.py:830} INFO - Processing file /opt/airflow/dags/extract_open_meteo_dag.py for tasks to queue
[2025-10-10T16:04:15.447+0000] {logging_mixin.py:188} INFO - [2025-10-10T16:04:15.446+0000] {dagbag.py:540} INFO - Filling up the DagBag from /opt/airflow/dags/extract_open_meteo_dag.py
[2025-10-10T16:04:15.490+0000] {processor.py:840} INFO - DAG(s) 'extract_open_meteo_v2' retrieved from /opt/airflow/dags/extract_open_meteo_dag.py
[2025-10-10T16:04:15.579+0000] {logging_mixin.py:188} INFO - [2025-10-10T16:04:15.579+0000] {dag.py:3047} INFO - Sync 1 DAGs
[2025-10-10T16:04:15.640+0000] {logging_mixin.py:188} INFO - [2025-10-10T16:04:15.639+0000] {dag.py:3834} INFO - Setting next_dagrun for extract_open_meteo_v2 to 2025-10-09 22:00:00+00:00, run_after=2025-10-10 22:00:00+00:00
[2025-10-10T16:04:15.707+0000] {processor.py:183} INFO - Processing /opt/airflow/dags/extract_open_meteo_dag.py took 0.273 seconds
[2025-10-10T16:04:46.203+0000] {processor.py:161} INFO - Started process (PID=434) to work on /opt/airflow/dags/extract_open_meteo_dag.py
[2025-10-10T16:04:46.205+0000] {processor.py:830} INFO - Processing file /opt/airflow/dags/extract_open_meteo_dag.py for tasks to queue
[2025-10-10T16:04:46.207+0000] {logging_mixin.py:188} INFO - [2025-10-10T16:04:46.206+0000] {dagbag.py:540} INFO - Filling up the DagBag from /opt/airflow/dags/extract_open_meteo_dag.py
[2025-10-10T16:04:46.252+0000] {processor.py:840} INFO - DAG(s) 'extract_open_meteo_v2' retrieved from /opt/airflow/dags/extract_open_meteo_dag.py
[2025-10-10T16:04:46.350+0000] {logging_mixin.py:188} INFO - [2025-10-10T16:04:46.350+0000] {dag.py:3047} INFO - Sync 1 DAGs
[2025-10-10T16:04:46.419+0000] {logging_mixin.py:188} INFO - [2025-10-10T16:04:46.418+0000] {dag.py:3834} INFO - Setting next_dagrun for extract_open_meteo_v2 to 2025-10-09 22:00:00+00:00, run_after=2025-10-10 22:00:00+00:00
[2025-10-10T16:04:46.487+0000] {processor.py:183} INFO - Processing /opt/airflow/dags/extract_open_meteo_dag.py took 0.292 seconds
[2025-10-10T16:05:16.957+0000] {processor.py:161} INFO - Started process (PID=444) to work on /opt/airflow/dags/extract_open_meteo_dag.py
[2025-10-10T16:05:16.961+0000] {processor.py:830} INFO - Processing file /opt/airflow/dags/extract_open_meteo_dag.py for tasks to queue
[2025-10-10T16:05:16.965+0000] {logging_mixin.py:188} INFO - [2025-10-10T16:05:16.964+0000] {dagbag.py:540} INFO - Filling up the DagBag from /opt/airflow/dags/extract_open_meteo_dag.py
[2025-10-10T16:05:17.026+0000] {processor.py:840} INFO - DAG(s) 'extract_open_meteo_v2' retrieved from /opt/airflow/dags/extract_open_meteo_dag.py
[2025-10-10T16:05:17.154+0000] {logging_mixin.py:188} INFO - [2025-10-10T16:05:17.153+0000] {dag.py:3047} INFO - Sync 1 DAGs
[2025-10-10T16:05:17.233+0000] {logging_mixin.py:188} INFO - [2025-10-10T16:05:17.233+0000] {dag.py:3834} INFO - Setting next_dagrun for extract_open_meteo_v2 to 2025-10-09 22:00:00+00:00, run_after=2025-10-10 22:00:00+00:00
[2025-10-10T16:05:17.316+0000] {processor.py:183} INFO - Processing /opt/airflow/dags/extract_open_meteo_dag.py took 0.369 seconds
[2025-10-10T16:05:47.725+0000] {processor.py:161} INFO - Started process (PID=454) to work on /opt/airflow/dags/extract_open_meteo_dag.py
[2025-10-10T16:05:47.728+0000] {processor.py:830} INFO - Processing file /opt/airflow/dags/extract_open_meteo_dag.py for tasks to queue
[2025-10-10T16:05:47.730+0000] {logging_mixin.py:188} INFO - [2025-10-10T16:05:47.730+0000] {dagbag.py:540} INFO - Filling up the DagBag from /opt/airflow/dags/extract_open_meteo_dag.py
[2025-10-10T16:05:47.771+0000] {processor.py:840} INFO - DAG(s) 'extract_open_meteo_v2' retrieved from /opt/airflow/dags/extract_open_meteo_dag.py
[2025-10-10T16:05:47.858+0000] {logging_mixin.py:188} INFO - [2025-10-10T16:05:47.858+0000] {dag.py:3047} INFO - Sync 1 DAGs
[2025-10-10T16:05:47.928+0000] {logging_mixin.py:188} INFO - [2025-10-10T16:05:47.928+0000] {dag.py:3834} INFO - Setting next_dagrun for extract_open_meteo_v2 to 2025-10-09 22:00:00+00:00, run_after=2025-10-10 22:00:00+00:00
[2025-10-10T16:05:48.028+0000] {processor.py:183} INFO - Processing /opt/airflow/dags/extract_open_meteo_dag.py took 0.309 seconds
[2025-10-10T16:06:18.492+0000] {processor.py:161} INFO - Started process (PID=464) to work on /opt/airflow/dags/extract_open_meteo_dag.py
[2025-10-10T16:06:18.494+0000] {processor.py:830} INFO - Processing file /opt/airflow/dags/extract_open_meteo_dag.py for tasks to queue
[2025-10-10T16:06:18.496+0000] {logging_mixin.py:188} INFO - [2025-10-10T16:06:18.495+0000] {dagbag.py:540} INFO - Filling up the DagBag from /opt/airflow/dags/extract_open_meteo_dag.py
[2025-10-10T16:06:18.538+0000] {processor.py:840} INFO - DAG(s) 'extract_open_meteo_v2' retrieved from /opt/airflow/dags/extract_open_meteo_dag.py
[2025-10-10T16:06:18.634+0000] {logging_mixin.py:188} INFO - [2025-10-10T16:06:18.634+0000] {dag.py:3047} INFO - Sync 1 DAGs
[2025-10-10T16:06:18.716+0000] {logging_mixin.py:188} INFO - [2025-10-10T16:06:18.715+0000] {dag.py:3834} INFO - Setting next_dagrun for extract_open_meteo_v2 to 2025-10-09 22:00:00+00:00, run_after=2025-10-10 22:00:00+00:00
[2025-10-10T16:06:18.802+0000] {processor.py:183} INFO - Processing /opt/airflow/dags/extract_open_meteo_dag.py took 0.318 seconds
[2025-10-10T16:06:49.366+0000] {processor.py:161} INFO - Started process (PID=474) to work on /opt/airflow/dags/extract_open_meteo_dag.py
[2025-10-10T16:06:49.369+0000] {processor.py:830} INFO - Processing file /opt/airflow/dags/extract_open_meteo_dag.py for tasks to queue
[2025-10-10T16:06:49.371+0000] {logging_mixin.py:188} INFO - [2025-10-10T16:06:49.371+0000] {dagbag.py:540} INFO - Filling up the DagBag from /opt/airflow/dags/extract_open_meteo_dag.py
[2025-10-10T16:06:49.415+0000] {processor.py:840} INFO - DAG(s) 'extract_open_meteo_v2' retrieved from /opt/airflow/dags/extract_open_meteo_dag.py
[2025-10-10T16:06:49.518+0000] {logging_mixin.py:188} INFO - [2025-10-10T16:06:49.517+0000] {dag.py:3047} INFO - Sync 1 DAGs
[2025-10-10T16:06:49.612+0000] {logging_mixin.py:188} INFO - [2025-10-10T16:06:49.611+0000] {dag.py:3834} INFO - Setting next_dagrun for extract_open_meteo_v2 to 2025-10-09 22:00:00+00:00, run_after=2025-10-10 22:00:00+00:00
[2025-10-10T16:06:49.709+0000] {processor.py:183} INFO - Processing /opt/airflow/dags/extract_open_meteo_dag.py took 0.351 seconds
[2025-10-10T16:07:20.166+0000] {processor.py:161} INFO - Started process (PID=484) to work on /opt/airflow/dags/extract_open_meteo_dag.py
[2025-10-10T16:07:20.169+0000] {processor.py:830} INFO - Processing file /opt/airflow/dags/extract_open_meteo_dag.py for tasks to queue
[2025-10-10T16:07:20.171+0000] {logging_mixin.py:188} INFO - [2025-10-10T16:07:20.171+0000] {dagbag.py:540} INFO - Filling up the DagBag from /opt/airflow/dags/extract_open_meteo_dag.py
[2025-10-10T16:07:20.214+0000] {processor.py:840} INFO - DAG(s) 'extract_open_meteo_v2' retrieved from /opt/airflow/dags/extract_open_meteo_dag.py
[2025-10-10T16:07:20.311+0000] {logging_mixin.py:188} INFO - [2025-10-10T16:07:20.311+0000] {dag.py:3047} INFO - Sync 1 DAGs
[2025-10-10T16:07:20.391+0000] {logging_mixin.py:188} INFO - [2025-10-10T16:07:20.390+0000] {dag.py:3834} INFO - Setting next_dagrun for extract_open_meteo_v2 to 2025-10-09 22:00:00+00:00, run_after=2025-10-10 22:00:00+00:00
[2025-10-10T16:07:20.479+0000] {processor.py:183} INFO - Processing /opt/airflow/dags/extract_open_meteo_dag.py took 0.321 seconds
[2025-10-10T16:07:51.092+0000] {processor.py:161} INFO - Started process (PID=494) to work on /opt/airflow/dags/extract_open_meteo_dag.py
[2025-10-10T16:07:51.094+0000] {processor.py:830} INFO - Processing file /opt/airflow/dags/extract_open_meteo_dag.py for tasks to queue
[2025-10-10T16:07:51.095+0000] {logging_mixin.py:188} INFO - [2025-10-10T16:07:51.095+0000] {dagbag.py:540} INFO - Filling up the DagBag from /opt/airflow/dags/extract_open_meteo_dag.py
[2025-10-10T16:07:51.133+0000] {processor.py:840} INFO - DAG(s) 'extract_open_meteo_v2' retrieved from /opt/airflow/dags/extract_open_meteo_dag.py
[2025-10-10T16:07:51.211+0000] {logging_mixin.py:188} INFO - [2025-10-10T16:07:51.210+0000] {dag.py:3047} INFO - Sync 1 DAGs
[2025-10-10T16:07:51.263+0000] {logging_mixin.py:188} INFO - [2025-10-10T16:07:51.262+0000] {dag.py:3834} INFO - Setting next_dagrun for extract_open_meteo_v2 to 2025-10-09 22:00:00+00:00, run_after=2025-10-10 22:00:00+00:00
[2025-10-10T16:07:51.330+0000] {processor.py:183} INFO - Processing /opt/airflow/dags/extract_open_meteo_dag.py took 0.249 seconds
[2025-10-10T16:08:21.688+0000] {processor.py:161} INFO - Started process (PID=504) to work on /opt/airflow/dags/extract_open_meteo_dag.py
[2025-10-10T16:08:21.690+0000] {processor.py:830} INFO - Processing file /opt/airflow/dags/extract_open_meteo_dag.py for tasks to queue
[2025-10-10T16:08:21.692+0000] {logging_mixin.py:188} INFO - [2025-10-10T16:08:21.692+0000] {dagbag.py:540} INFO - Filling up the DagBag from /opt/airflow/dags/extract_open_meteo_dag.py
[2025-10-10T16:08:21.725+0000] {processor.py:840} INFO - DAG(s) 'extract_open_meteo_v2' retrieved from /opt/airflow/dags/extract_open_meteo_dag.py
[2025-10-10T16:08:21.808+0000] {logging_mixin.py:188} INFO - [2025-10-10T16:08:21.808+0000] {dag.py:3047} INFO - Sync 1 DAGs
[2025-10-10T16:08:21.873+0000] {logging_mixin.py:188} INFO - [2025-10-10T16:08:21.872+0000] {dag.py:3834} INFO - Setting next_dagrun for extract_open_meteo_v2 to 2025-10-09 22:00:00+00:00, run_after=2025-10-10 22:00:00+00:00
[2025-10-10T16:08:21.931+0000] {processor.py:183} INFO - Processing /opt/airflow/dags/extract_open_meteo_dag.py took 0.249 seconds
[2025-10-10T16:08:52.065+0000] {processor.py:161} INFO - Started process (PID=514) to work on /opt/airflow/dags/extract_open_meteo_dag.py
[2025-10-10T16:08:52.067+0000] {processor.py:830} INFO - Processing file /opt/airflow/dags/extract_open_meteo_dag.py for tasks to queue
[2025-10-10T16:08:52.069+0000] {logging_mixin.py:188} INFO - [2025-10-10T16:08:52.068+0000] {dagbag.py:540} INFO - Filling up the DagBag from /opt/airflow/dags/extract_open_meteo_dag.py
[2025-10-10T16:08:52.109+0000] {processor.py:840} INFO - DAG(s) 'extract_open_meteo_v2' retrieved from /opt/airflow/dags/extract_open_meteo_dag.py
[2025-10-10T16:08:52.194+0000] {logging_mixin.py:188} INFO - [2025-10-10T16:08:52.194+0000] {dag.py:3047} INFO - Sync 1 DAGs
[2025-10-10T16:08:52.251+0000] {logging_mixin.py:188} INFO - [2025-10-10T16:08:52.251+0000] {dag.py:3834} INFO - Setting next_dagrun for extract_open_meteo_v2 to 2025-10-09 22:00:00+00:00, run_after=2025-10-10 22:00:00+00:00
[2025-10-10T16:08:52.333+0000] {processor.py:183} INFO - Processing /opt/airflow/dags/extract_open_meteo_dag.py took 0.273 seconds
[2025-10-10T16:09:22.655+0000] {processor.py:161} INFO - Started process (PID=524) to work on /opt/airflow/dags/extract_open_meteo_dag.py
[2025-10-10T16:09:22.657+0000] {processor.py:830} INFO - Processing file /opt/airflow/dags/extract_open_meteo_dag.py for tasks to queue
[2025-10-10T16:09:22.659+0000] {logging_mixin.py:188} INFO - [2025-10-10T16:09:22.659+0000] {dagbag.py:540} INFO - Filling up the DagBag from /opt/airflow/dags/extract_open_meteo_dag.py
[2025-10-10T16:09:22.695+0000] {processor.py:840} INFO - DAG(s) 'extract_open_meteo_v2' retrieved from /opt/airflow/dags/extract_open_meteo_dag.py
[2025-10-10T16:09:22.773+0000] {logging_mixin.py:188} INFO - [2025-10-10T16:09:22.772+0000] {dag.py:3047} INFO - Sync 1 DAGs
[2025-10-10T16:09:22.831+0000] {logging_mixin.py:188} INFO - [2025-10-10T16:09:22.831+0000] {dag.py:3834} INFO - Setting next_dagrun for extract_open_meteo_v2 to 2025-10-09 22:00:00+00:00, run_after=2025-10-10 22:00:00+00:00
[2025-10-10T16:09:22.907+0000] {processor.py:183} INFO - Processing /opt/airflow/dags/extract_open_meteo_dag.py took 0.255 seconds
[2025-10-10T16:09:53.292+0000] {processor.py:161} INFO - Started process (PID=534) to work on /opt/airflow/dags/extract_open_meteo_dag.py
[2025-10-10T16:09:53.294+0000] {processor.py:830} INFO - Processing file /opt/airflow/dags/extract_open_meteo_dag.py for tasks to queue
[2025-10-10T16:09:53.296+0000] {logging_mixin.py:188} INFO - [2025-10-10T16:09:53.295+0000] {dagbag.py:540} INFO - Filling up the DagBag from /opt/airflow/dags/extract_open_meteo_dag.py
[2025-10-10T16:09:53.334+0000] {processor.py:840} INFO - DAG(s) 'extract_open_meteo_v2' retrieved from /opt/airflow/dags/extract_open_meteo_dag.py
[2025-10-10T16:09:53.411+0000] {logging_mixin.py:188} INFO - [2025-10-10T16:09:53.411+0000] {dag.py:3047} INFO - Sync 1 DAGs
[2025-10-10T16:09:53.464+0000] {logging_mixin.py:188} INFO - [2025-10-10T16:09:53.464+0000] {dag.py:3834} INFO - Setting next_dagrun for extract_open_meteo_v2 to 2025-10-09 22:00:00+00:00, run_after=2025-10-10 22:00:00+00:00
[2025-10-10T16:09:53.528+0000] {processor.py:183} INFO - Processing /opt/airflow/dags/extract_open_meteo_dag.py took 0.243 seconds
[2025-10-10T16:10:24.278+0000] {processor.py:161} INFO - Started process (PID=544) to work on /opt/airflow/dags/extract_open_meteo_dag.py
[2025-10-10T16:10:24.284+0000] {processor.py:830} INFO - Processing file /opt/airflow/dags/extract_open_meteo_dag.py for tasks to queue
[2025-10-10T16:10:24.289+0000] {logging_mixin.py:188} INFO - [2025-10-10T16:10:24.288+0000] {dagbag.py:540} INFO - Filling up the DagBag from /opt/airflow/dags/extract_open_meteo_dag.py
[2025-10-10T16:10:24.412+0000] {processor.py:840} INFO - DAG(s) 'extract_open_meteo_v2' retrieved from /opt/airflow/dags/extract_open_meteo_dag.py
[2025-10-10T16:10:24.568+0000] {logging_mixin.py:188} INFO - [2025-10-10T16:10:24.568+0000] {dag.py:3047} INFO - Sync 1 DAGs
[2025-10-10T16:10:24.653+0000] {logging_mixin.py:188} INFO - [2025-10-10T16:10:24.652+0000] {dag.py:3834} INFO - Setting next_dagrun for extract_open_meteo_v2 to 2025-10-09 22:00:00+00:00, run_after=2025-10-10 22:00:00+00:00
[2025-10-10T16:10:24.726+0000] {processor.py:183} INFO - Processing /opt/airflow/dags/extract_open_meteo_dag.py took 0.466 seconds
[2025-10-10T16:10:55.168+0000] {processor.py:161} INFO - Started process (PID=554) to work on /opt/airflow/dags/extract_open_meteo_dag.py
[2025-10-10T16:10:55.171+0000] {processor.py:830} INFO - Processing file /opt/airflow/dags/extract_open_meteo_dag.py for tasks to queue
[2025-10-10T16:10:55.174+0000] {logging_mixin.py:188} INFO - [2025-10-10T16:10:55.173+0000] {dagbag.py:540} INFO - Filling up the DagBag from /opt/airflow/dags/extract_open_meteo_dag.py
[2025-10-10T16:10:55.217+0000] {processor.py:840} INFO - DAG(s) 'extract_open_meteo_v2' retrieved from /opt/airflow/dags/extract_open_meteo_dag.py
[2025-10-10T16:10:55.315+0000] {logging_mixin.py:188} INFO - [2025-10-10T16:10:55.314+0000] {dag.py:3047} INFO - Sync 1 DAGs
[2025-10-10T16:10:55.423+0000] {logging_mixin.py:188} INFO - [2025-10-10T16:10:55.422+0000] {dag.py:3834} INFO - Setting next_dagrun for extract_open_meteo_v2 to 2025-10-09 22:00:00+00:00, run_after=2025-10-10 22:00:00+00:00
[2025-10-10T16:10:55.510+0000] {processor.py:183} INFO - Processing /opt/airflow/dags/extract_open_meteo_dag.py took 0.349 seconds
[2025-10-10T16:11:25.875+0000] {processor.py:161} INFO - Started process (PID=564) to work on /opt/airflow/dags/extract_open_meteo_dag.py
[2025-10-10T16:11:25.877+0000] {processor.py:830} INFO - Processing file /opt/airflow/dags/extract_open_meteo_dag.py for tasks to queue
[2025-10-10T16:11:25.882+0000] {logging_mixin.py:188} INFO - [2025-10-10T16:11:25.880+0000] {dagbag.py:540} INFO - Filling up the DagBag from /opt/airflow/dags/extract_open_meteo_dag.py
[2025-10-10T16:11:25.965+0000] {processor.py:840} INFO - DAG(s) 'extract_open_meteo_v2' retrieved from /opt/airflow/dags/extract_open_meteo_dag.py
[2025-10-10T16:11:26.047+0000] {logging_mixin.py:188} INFO - [2025-10-10T16:11:26.047+0000] {dag.py:3047} INFO - Sync 1 DAGs
[2025-10-10T16:11:26.097+0000] {logging_mixin.py:188} INFO - [2025-10-10T16:11:26.097+0000] {dag.py:3834} INFO - Setting next_dagrun for extract_open_meteo_v2 to 2025-10-09 22:00:00+00:00, run_after=2025-10-10 22:00:00+00:00
[2025-10-10T16:11:26.163+0000] {processor.py:183} INFO - Processing /opt/airflow/dags/extract_open_meteo_dag.py took 0.293 seconds
[2025-10-10T16:11:56.558+0000] {processor.py:161} INFO - Started process (PID=574) to work on /opt/airflow/dags/extract_open_meteo_dag.py
[2025-10-10T16:11:56.561+0000] {processor.py:830} INFO - Processing file /opt/airflow/dags/extract_open_meteo_dag.py for tasks to queue
[2025-10-10T16:11:56.564+0000] {logging_mixin.py:188} INFO - [2025-10-10T16:11:56.562+0000] {dagbag.py:540} INFO - Filling up the DagBag from /opt/airflow/dags/extract_open_meteo_dag.py
[2025-10-10T16:11:56.619+0000] {processor.py:840} INFO - DAG(s) 'extract_open_meteo_v2' retrieved from /opt/airflow/dags/extract_open_meteo_dag.py
[2025-10-10T16:11:56.691+0000] {logging_mixin.py:188} INFO - [2025-10-10T16:11:56.691+0000] {dag.py:3047} INFO - Sync 1 DAGs
[2025-10-10T16:11:56.744+0000] {logging_mixin.py:188} INFO - [2025-10-10T16:11:56.744+0000] {dag.py:3834} INFO - Setting next_dagrun for extract_open_meteo_v2 to 2025-10-09 22:00:00+00:00, run_after=2025-10-10 22:00:00+00:00
[2025-10-10T16:11:56.823+0000] {processor.py:183} INFO - Processing /opt/airflow/dags/extract_open_meteo_dag.py took 0.270 seconds
[2025-10-10T16:12:27.327+0000] {processor.py:161} INFO - Started process (PID=584) to work on /opt/airflow/dags/extract_open_meteo_dag.py
[2025-10-10T16:12:27.330+0000] {processor.py:830} INFO - Processing file /opt/airflow/dags/extract_open_meteo_dag.py for tasks to queue
[2025-10-10T16:12:27.332+0000] {logging_mixin.py:188} INFO - [2025-10-10T16:12:27.331+0000] {dagbag.py:540} INFO - Filling up the DagBag from /opt/airflow/dags/extract_open_meteo_dag.py
[2025-10-10T16:12:27.372+0000] {processor.py:840} INFO - DAG(s) 'extract_open_meteo_v2' retrieved from /opt/airflow/dags/extract_open_meteo_dag.py
[2025-10-10T16:12:27.463+0000] {logging_mixin.py:188} INFO - [2025-10-10T16:12:27.463+0000] {dag.py:3047} INFO - Sync 1 DAGs
[2025-10-10T16:12:27.515+0000] {logging_mixin.py:188} INFO - [2025-10-10T16:12:27.515+0000] {dag.py:3834} INFO - Setting next_dagrun for extract_open_meteo_v2 to 2025-10-09 22:00:00+00:00, run_after=2025-10-10 22:00:00+00:00
[2025-10-10T16:12:27.581+0000] {processor.py:183} INFO - Processing /opt/airflow/dags/extract_open_meteo_dag.py took 0.260 seconds
[2025-10-10T16:12:57.962+0000] {processor.py:161} INFO - Started process (PID=594) to work on /opt/airflow/dags/extract_open_meteo_dag.py
[2025-10-10T16:12:57.963+0000] {processor.py:830} INFO - Processing file /opt/airflow/dags/extract_open_meteo_dag.py for tasks to queue
[2025-10-10T16:12:57.965+0000] {logging_mixin.py:188} INFO - [2025-10-10T16:12:57.965+0000] {dagbag.py:540} INFO - Filling up the DagBag from /opt/airflow/dags/extract_open_meteo_dag.py
[2025-10-10T16:12:58.001+0000] {processor.py:840} INFO - DAG(s) 'extract_open_meteo_v2' retrieved from /opt/airflow/dags/extract_open_meteo_dag.py
[2025-10-10T16:12:58.080+0000] {logging_mixin.py:188} INFO - [2025-10-10T16:12:58.079+0000] {dag.py:3047} INFO - Sync 1 DAGs
[2025-10-10T16:12:58.139+0000] {logging_mixin.py:188} INFO - [2025-10-10T16:12:58.139+0000] {dag.py:3834} INFO - Setting next_dagrun for extract_open_meteo_v2 to 2025-10-09 22:00:00+00:00, run_after=2025-10-10 22:00:00+00:00
[2025-10-10T16:12:58.225+0000] {processor.py:183} INFO - Processing /opt/airflow/dags/extract_open_meteo_dag.py took 0.268 seconds
[2025-10-10T16:13:28.605+0000] {processor.py:161} INFO - Started process (PID=604) to work on /opt/airflow/dags/extract_open_meteo_dag.py
[2025-10-10T16:13:28.607+0000] {processor.py:830} INFO - Processing file /opt/airflow/dags/extract_open_meteo_dag.py for tasks to queue
[2025-10-10T16:13:28.609+0000] {logging_mixin.py:188} INFO - [2025-10-10T16:13:28.609+0000] {dagbag.py:540} INFO - Filling up the DagBag from /opt/airflow/dags/extract_open_meteo_dag.py
[2025-10-10T16:13:28.651+0000] {processor.py:840} INFO - DAG(s) 'extract_open_meteo_v2' retrieved from /opt/airflow/dags/extract_open_meteo_dag.py
[2025-10-10T16:13:28.734+0000] {logging_mixin.py:188} INFO - [2025-10-10T16:13:28.733+0000] {dag.py:3047} INFO - Sync 1 DAGs
[2025-10-10T16:13:28.797+0000] {logging_mixin.py:188} INFO - [2025-10-10T16:13:28.797+0000] {dag.py:3834} INFO - Setting next_dagrun for extract_open_meteo_v2 to 2025-10-09 22:00:00+00:00, run_after=2025-10-10 22:00:00+00:00
[2025-10-10T16:13:28.895+0000] {processor.py:183} INFO - Processing /opt/airflow/dags/extract_open_meteo_dag.py took 0.296 seconds
[2025-10-10T16:13:59.246+0000] {processor.py:161} INFO - Started process (PID=614) to work on /opt/airflow/dags/extract_open_meteo_dag.py
[2025-10-10T16:13:59.247+0000] {processor.py:830} INFO - Processing file /opt/airflow/dags/extract_open_meteo_dag.py for tasks to queue
[2025-10-10T16:13:59.249+0000] {logging_mixin.py:188} INFO - [2025-10-10T16:13:59.248+0000] {dagbag.py:540} INFO - Filling up the DagBag from /opt/airflow/dags/extract_open_meteo_dag.py
[2025-10-10T16:13:59.291+0000] {processor.py:840} INFO - DAG(s) 'extract_open_meteo_v2' retrieved from /opt/airflow/dags/extract_open_meteo_dag.py
[2025-10-10T16:13:59.396+0000] {logging_mixin.py:188} INFO - [2025-10-10T16:13:59.395+0000] {dag.py:3047} INFO - Sync 1 DAGs
[2025-10-10T16:13:59.550+0000] {logging_mixin.py:188} INFO - [2025-10-10T16:13:59.550+0000] {dag.py:3834} INFO - Setting next_dagrun for extract_open_meteo_v2 to 2025-10-09 22:00:00+00:00, run_after=2025-10-10 22:00:00+00:00
[2025-10-10T16:13:59.630+0000] {processor.py:183} INFO - Processing /opt/airflow/dags/extract_open_meteo_dag.py took 0.389 seconds
[2025-10-10T16:14:30.472+0000] {processor.py:161} INFO - Started process (PID=624) to work on /opt/airflow/dags/extract_open_meteo_dag.py
[2025-10-10T16:14:30.474+0000] {processor.py:830} INFO - Processing file /opt/airflow/dags/extract_open_meteo_dag.py for tasks to queue
[2025-10-10T16:14:30.476+0000] {logging_mixin.py:188} INFO - [2025-10-10T16:14:30.475+0000] {dagbag.py:540} INFO - Filling up the DagBag from /opt/airflow/dags/extract_open_meteo_dag.py
[2025-10-10T16:14:30.512+0000] {processor.py:840} INFO - DAG(s) 'extract_open_meteo_v2' retrieved from /opt/airflow/dags/extract_open_meteo_dag.py
[2025-10-10T16:14:30.803+0000] {logging_mixin.py:188} INFO - [2025-10-10T16:14:30.803+0000] {dag.py:3047} INFO - Sync 1 DAGs
[2025-10-10T16:14:30.967+0000] {logging_mixin.py:188} INFO - [2025-10-10T16:14:30.967+0000] {dag.py:3834} INFO - Setting next_dagrun for extract_open_meteo_v2 to 2025-10-09 22:00:00+00:00, run_after=2025-10-10 22:00:00+00:00
[2025-10-10T16:14:31.286+0000] {processor.py:183} INFO - Processing /opt/airflow/dags/extract_open_meteo_dag.py took 1.018 seconds
[2025-10-10T16:15:01.894+0000] {processor.py:161} INFO - Started process (PID=634) to work on /opt/airflow/dags/extract_open_meteo_dag.py
[2025-10-10T16:15:01.900+0000] {processor.py:830} INFO - Processing file /opt/airflow/dags/extract_open_meteo_dag.py for tasks to queue
[2025-10-10T16:15:01.905+0000] {logging_mixin.py:188} INFO - [2025-10-10T16:15:01.904+0000] {dagbag.py:540} INFO - Filling up the DagBag from /opt/airflow/dags/extract_open_meteo_dag.py
[2025-10-10T16:15:01.961+0000] {processor.py:840} INFO - DAG(s) 'extract_open_meteo_v2' retrieved from /opt/airflow/dags/extract_open_meteo_dag.py
[2025-10-10T16:15:02.062+0000] {logging_mixin.py:188} INFO - [2025-10-10T16:15:02.062+0000] {dag.py:3047} INFO - Sync 1 DAGs
[2025-10-10T16:15:02.117+0000] {logging_mixin.py:188} INFO - [2025-10-10T16:15:02.117+0000] {dag.py:3834} INFO - Setting next_dagrun for extract_open_meteo_v2 to 2025-10-09 22:00:00+00:00, run_after=2025-10-10 22:00:00+00:00
[2025-10-10T16:15:02.199+0000] {processor.py:183} INFO - Processing /opt/airflow/dags/extract_open_meteo_dag.py took 0.313 seconds
[2025-10-10T16:15:32.571+0000] {processor.py:161} INFO - Started process (PID=644) to work on /opt/airflow/dags/extract_open_meteo_dag.py
[2025-10-10T16:15:32.572+0000] {processor.py:830} INFO - Processing file /opt/airflow/dags/extract_open_meteo_dag.py for tasks to queue
[2025-10-10T16:15:32.574+0000] {logging_mixin.py:188} INFO - [2025-10-10T16:15:32.574+0000] {dagbag.py:540} INFO - Filling up the DagBag from /opt/airflow/dags/extract_open_meteo_dag.py
[2025-10-10T16:15:32.611+0000] {processor.py:840} INFO - DAG(s) 'extract_open_meteo_v2' retrieved from /opt/airflow/dags/extract_open_meteo_dag.py
[2025-10-10T16:15:32.685+0000] {logging_mixin.py:188} INFO - [2025-10-10T16:15:32.685+0000] {dag.py:3047} INFO - Sync 1 DAGs
[2025-10-10T16:15:32.741+0000] {logging_mixin.py:188} INFO - [2025-10-10T16:15:32.741+0000] {dag.py:3834} INFO - Setting next_dagrun for extract_open_meteo_v2 to 2025-10-09 22:00:00+00:00, run_after=2025-10-10 22:00:00+00:00
[2025-10-10T16:15:32.816+0000] {processor.py:183} INFO - Processing /opt/airflow/dags/extract_open_meteo_dag.py took 0.250 seconds
[2025-10-10T16:16:03.150+0000] {processor.py:161} INFO - Started process (PID=654) to work on /opt/airflow/dags/extract_open_meteo_dag.py
[2025-10-10T16:16:03.152+0000] {processor.py:830} INFO - Processing file /opt/airflow/dags/extract_open_meteo_dag.py for tasks to queue
[2025-10-10T16:16:03.155+0000] {logging_mixin.py:188} INFO - [2025-10-10T16:16:03.154+0000] {dagbag.py:540} INFO - Filling up the DagBag from /opt/airflow/dags/extract_open_meteo_dag.py
[2025-10-10T16:16:03.193+0000] {processor.py:840} INFO - DAG(s) 'extract_open_meteo_v2' retrieved from /opt/airflow/dags/extract_open_meteo_dag.py
[2025-10-10T16:16:03.270+0000] {logging_mixin.py:188} INFO - [2025-10-10T16:16:03.269+0000] {dag.py:3047} INFO - Sync 1 DAGs
[2025-10-10T16:16:03.328+0000] {logging_mixin.py:188} INFO - [2025-10-10T16:16:03.328+0000] {dag.py:3834} INFO - Setting next_dagrun for extract_open_meteo_v2 to 2025-10-09 22:00:00+00:00, run_after=2025-10-10 22:00:00+00:00
[2025-10-10T16:16:03.393+0000] {processor.py:183} INFO - Processing /opt/airflow/dags/extract_open_meteo_dag.py took 0.248 seconds
[2025-10-10T16:16:33.792+0000] {processor.py:161} INFO - Started process (PID=664) to work on /opt/airflow/dags/extract_open_meteo_dag.py
[2025-10-10T16:16:33.794+0000] {processor.py:830} INFO - Processing file /opt/airflow/dags/extract_open_meteo_dag.py for tasks to queue
[2025-10-10T16:16:33.796+0000] {logging_mixin.py:188} INFO - [2025-10-10T16:16:33.795+0000] {dagbag.py:540} INFO - Filling up the DagBag from /opt/airflow/dags/extract_open_meteo_dag.py
[2025-10-10T16:16:33.826+0000] {processor.py:840} INFO - DAG(s) 'extract_open_meteo_v2' retrieved from /opt/airflow/dags/extract_open_meteo_dag.py
[2025-10-10T16:16:33.889+0000] {logging_mixin.py:188} INFO - [2025-10-10T16:16:33.889+0000] {dag.py:3047} INFO - Sync 1 DAGs
[2025-10-10T16:16:33.945+0000] {logging_mixin.py:188} INFO - [2025-10-10T16:16:33.945+0000] {dag.py:3834} INFO - Setting next_dagrun for extract_open_meteo_v2 to 2025-10-09 22:00:00+00:00, run_after=2025-10-10 22:00:00+00:00
[2025-10-10T16:16:34.014+0000] {processor.py:183} INFO - Processing /opt/airflow/dags/extract_open_meteo_dag.py took 0.226 seconds
[2025-10-10T16:17:04.400+0000] {processor.py:161} INFO - Started process (PID=674) to work on /opt/airflow/dags/extract_open_meteo_dag.py
[2025-10-10T16:17:04.402+0000] {processor.py:830} INFO - Processing file /opt/airflow/dags/extract_open_meteo_dag.py for tasks to queue
[2025-10-10T16:17:04.403+0000] {logging_mixin.py:188} INFO - [2025-10-10T16:17:04.403+0000] {dagbag.py:540} INFO - Filling up the DagBag from /opt/airflow/dags/extract_open_meteo_dag.py
[2025-10-10T16:17:04.438+0000] {processor.py:840} INFO - DAG(s) 'extract_open_meteo_v2' retrieved from /opt/airflow/dags/extract_open_meteo_dag.py
[2025-10-10T16:17:04.513+0000] {logging_mixin.py:188} INFO - [2025-10-10T16:17:04.513+0000] {dag.py:3047} INFO - Sync 1 DAGs
[2025-10-10T16:17:04.580+0000] {logging_mixin.py:188} INFO - [2025-10-10T16:17:04.580+0000] {dag.py:3834} INFO - Setting next_dagrun for extract_open_meteo_v2 to 2025-10-09 22:00:00+00:00, run_after=2025-10-10 22:00:00+00:00
[2025-10-10T16:17:04.653+0000] {processor.py:183} INFO - Processing /opt/airflow/dags/extract_open_meteo_dag.py took 0.256 seconds
[2025-10-10T16:17:35.075+0000] {processor.py:161} INFO - Started process (PID=684) to work on /opt/airflow/dags/extract_open_meteo_dag.py
[2025-10-10T16:17:35.076+0000] {processor.py:830} INFO - Processing file /opt/airflow/dags/extract_open_meteo_dag.py for tasks to queue
[2025-10-10T16:17:35.078+0000] {logging_mixin.py:188} INFO - [2025-10-10T16:17:35.078+0000] {dagbag.py:540} INFO - Filling up the DagBag from /opt/airflow/dags/extract_open_meteo_dag.py
[2025-10-10T16:17:35.113+0000] {processor.py:840} INFO - DAG(s) 'extract_open_meteo_v2' retrieved from /opt/airflow/dags/extract_open_meteo_dag.py
[2025-10-10T16:17:35.187+0000] {logging_mixin.py:188} INFO - [2025-10-10T16:17:35.187+0000] {dag.py:3047} INFO - Sync 1 DAGs
[2025-10-10T16:17:35.250+0000] {logging_mixin.py:188} INFO - [2025-10-10T16:17:35.250+0000] {dag.py:3834} INFO - Setting next_dagrun for extract_open_meteo_v2 to 2025-10-09 22:00:00+00:00, run_after=2025-10-10 22:00:00+00:00
[2025-10-10T16:17:35.317+0000] {processor.py:183} INFO - Processing /opt/airflow/dags/extract_open_meteo_dag.py took 0.248 seconds
[2025-10-10T16:18:05.667+0000] {processor.py:161} INFO - Started process (PID=694) to work on /opt/airflow/dags/extract_open_meteo_dag.py
[2025-10-10T16:18:05.669+0000] {processor.py:830} INFO - Processing file /opt/airflow/dags/extract_open_meteo_dag.py for tasks to queue
[2025-10-10T16:18:05.670+0000] {logging_mixin.py:188} INFO - [2025-10-10T16:18:05.670+0000] {dagbag.py:540} INFO - Filling up the DagBag from /opt/airflow/dags/extract_open_meteo_dag.py
[2025-10-10T16:18:05.703+0000] {processor.py:840} INFO - DAG(s) 'extract_open_meteo_v2' retrieved from /opt/airflow/dags/extract_open_meteo_dag.py
[2025-10-10T16:18:05.774+0000] {logging_mixin.py:188} INFO - [2025-10-10T16:18:05.774+0000] {dag.py:3047} INFO - Sync 1 DAGs
[2025-10-10T16:18:05.821+0000] {logging_mixin.py:188} INFO - [2025-10-10T16:18:05.821+0000] {dag.py:3834} INFO - Setting next_dagrun for extract_open_meteo_v2 to 2025-10-09 22:00:00+00:00, run_after=2025-10-10 22:00:00+00:00
[2025-10-10T16:18:05.879+0000] {processor.py:183} INFO - Processing /opt/airflow/dags/extract_open_meteo_dag.py took 0.217 seconds
[2025-10-10T16:18:36.265+0000] {processor.py:161} INFO - Started process (PID=704) to work on /opt/airflow/dags/extract_open_meteo_dag.py
[2025-10-10T16:18:36.267+0000] {processor.py:830} INFO - Processing file /opt/airflow/dags/extract_open_meteo_dag.py for tasks to queue
[2025-10-10T16:18:36.270+0000] {logging_mixin.py:188} INFO - [2025-10-10T16:18:36.269+0000] {dagbag.py:540} INFO - Filling up the DagBag from /opt/airflow/dags/extract_open_meteo_dag.py
[2025-10-10T16:18:36.310+0000] {processor.py:840} INFO - DAG(s) 'extract_open_meteo_v2' retrieved from /opt/airflow/dags/extract_open_meteo_dag.py
[2025-10-10T16:18:36.377+0000] {logging_mixin.py:188} INFO - [2025-10-10T16:18:36.377+0000] {dag.py:3047} INFO - Sync 1 DAGs
[2025-10-10T16:18:36.425+0000] {logging_mixin.py:188} INFO - [2025-10-10T16:18:36.425+0000] {dag.py:3834} INFO - Setting next_dagrun for extract_open_meteo_v2 to 2025-10-09 22:00:00+00:00, run_after=2025-10-10 22:00:00+00:00
[2025-10-10T16:18:36.482+0000] {processor.py:183} INFO - Processing /opt/airflow/dags/extract_open_meteo_dag.py took 0.222 seconds
[2025-10-10T16:19:06.880+0000] {processor.py:161} INFO - Started process (PID=714) to work on /opt/airflow/dags/extract_open_meteo_dag.py
[2025-10-10T16:19:06.882+0000] {processor.py:830} INFO - Processing file /opt/airflow/dags/extract_open_meteo_dag.py for tasks to queue
[2025-10-10T16:19:06.884+0000] {logging_mixin.py:188} INFO - [2025-10-10T16:19:06.883+0000] {dagbag.py:540} INFO - Filling up the DagBag from /opt/airflow/dags/extract_open_meteo_dag.py
[2025-10-10T16:19:06.915+0000] {processor.py:840} INFO - DAG(s) 'extract_open_meteo_v2' retrieved from /opt/airflow/dags/extract_open_meteo_dag.py
[2025-10-10T16:19:06.991+0000] {logging_mixin.py:188} INFO - [2025-10-10T16:19:06.991+0000] {dag.py:3047} INFO - Sync 1 DAGs
[2025-10-10T16:19:07.051+0000] {logging_mixin.py:188} INFO - [2025-10-10T16:19:07.051+0000] {dag.py:3834} INFO - Setting next_dagrun for extract_open_meteo_v2 to 2025-10-09 22:00:00+00:00, run_after=2025-10-10 22:00:00+00:00
[2025-10-10T16:19:07.115+0000] {processor.py:183} INFO - Processing /opt/airflow/dags/extract_open_meteo_dag.py took 0.241 seconds
[2025-10-10T19:19:22.627+0000] {processor.py:161} INFO - Started process (PID=725) to work on /opt/airflow/dags/extract_open_meteo_dag.py
[2025-10-10T19:19:22.718+0000] {processor.py:830} INFO - Processing file /opt/airflow/dags/extract_open_meteo_dag.py for tasks to queue
[2025-10-10T19:19:22.762+0000] {logging_mixin.py:188} INFO - [2025-10-10T19:19:22.759+0000] {dagbag.py:540} INFO - Filling up the DagBag from /opt/airflow/dags/extract_open_meteo_dag.py
[2025-10-10T19:19:23.195+0000] {processor.py:840} INFO - DAG(s) 'extract_open_meteo_v2' retrieved from /opt/airflow/dags/extract_open_meteo_dag.py
[2025-10-10T19:19:25.954+0000] {logging_mixin.py:188} INFO - [2025-10-10T19:19:25.953+0000] {dag.py:3047} INFO - Sync 1 DAGs
[2025-10-10T19:19:27.077+0000] {logging_mixin.py:188} INFO - [2025-10-10T19:19:27.076+0000] {dag.py:3834} INFO - Setting next_dagrun for extract_open_meteo_v2 to 2025-10-09 22:00:00+00:00, run_after=2025-10-10 22:00:00+00:00
[2025-10-10T19:19:27.327+0000] {processor.py:183} INFO - Processing /opt/airflow/dags/extract_open_meteo_dag.py took 4.858 seconds
