[2025-10-10T15:53:18.158+0000] {taskinstance.py:1979} INFO - Dependencies all met for dep_context=non-requeueable deps ti=<TaskInstance: weather_etl_v2.transform_silver manual__2025-10-10T15:53:10.674397+00:00 [queued]>
[2025-10-10T15:53:18.178+0000] {taskinstance.py:1979} INFO - Dependencies all met for dep_context=requeueable deps ti=<TaskInstance: weather_etl_v2.transform_silver manual__2025-10-10T15:53:10.674397+00:00 [queued]>
[2025-10-10T15:53:18.179+0000] {taskinstance.py:2193} INFO - Starting attempt 1 of 1
[2025-10-10T15:53:18.219+0000] {taskinstance.py:2217} INFO - Executing <Task(BashOperator): transform_silver> on 2025-10-10 15:53:10.674397+00:00
[2025-10-10T15:53:18.231+0000] {standard_task_runner.py:60} INFO - Started process 199 to run task
[2025-10-10T15:53:18.234+0000] {standard_task_runner.py:87} INFO - Running: ['***', 'tasks', 'run', 'weather_etl_v2', 'transform_silver', 'manual__2025-10-10T15:53:10.674397+00:00', '--job-id', '26', '--raw', '--subdir', 'DAGS_FOLDER/weather_etl_v2.py', '--cfg-path', '/tmp/tmpbmlxln63']
[2025-10-10T15:53:18.237+0000] {standard_task_runner.py:88} INFO - Job 26: Subtask transform_silver
[2025-10-10T15:53:18.303+0000] {logging_mixin.py:188} WARNING - /home/***/.local/lib/python3.8/site-packages/***/settings.py:194 DeprecationWarning: The sql_alchemy_conn option in [core] has been moved to the sql_alchemy_conn option in [database] - the old setting has been used, but please update your config.
[2025-10-10T15:53:18.681+0000] {task_command.py:423} INFO - Running <TaskInstance: weather_etl_v2.transform_silver manual__2025-10-10T15:53:10.674397+00:00 [running]> on host fd4a4f39ed6f
[2025-10-10T15:53:19.086+0000] {taskinstance.py:2513} INFO - Exporting env vars: AIRFLOW_CTX_DAG_OWNER='***' AIRFLOW_CTX_DAG_ID='weather_etl_v2' AIRFLOW_CTX_TASK_ID='transform_silver' AIRFLOW_CTX_EXECUTION_DATE='2025-10-10T15:53:10.674397+00:00' AIRFLOW_CTX_TRY_NUMBER='1' AIRFLOW_CTX_DAG_RUN_ID='manual__2025-10-10T15:53:10.674397+00:00'
[2025-10-10T15:53:19.089+0000] {subprocess.py:63} INFO - Tmp dir root location: /tmp
[2025-10-10T15:53:19.090+0000] {subprocess.py:75} INFO - Running command: ['/usr/bin/bash', '-c', 'python /opt/project/Scripts/transform_weather_to_postgres.py --only-days 3']
[2025-10-10T15:53:19.121+0000] {subprocess.py:86} INFO - Output:
[2025-10-10T15:53:20.989+0000] {subprocess.py:93} INFO - [INFO] Fichiers détectés (27) sur 3 jour(s).
[2025-10-10T15:53:20.991+0000] {subprocess.py:93} INFO - [OK] /opt/project/Data/raw/2025-10-10/Anvers_124718.json -> 9 lignes
[2025-10-10T15:53:20.992+0000] {subprocess.py:93} INFO - [OK] /opt/project/Data/raw/2025-10-10/Anvers_143853.json -> 9 lignes
[2025-10-10T15:53:20.994+0000] {subprocess.py:93} INFO - [OK] /opt/project/Data/raw/2025-10-10/Anvers_144209.json -> 9 lignes
[2025-10-10T15:53:20.995+0000] {subprocess.py:93} INFO - [OK] /opt/project/Data/raw/2025-10-10/Anvers_152418.json -> 9 lignes
[2025-10-10T15:53:20.997+0000] {subprocess.py:93} INFO - [OK] /opt/project/Data/raw/2025-10-10/Anvers_153123.json -> 9 lignes
[2025-10-10T15:53:20.998+0000] {subprocess.py:93} INFO - [OK] /opt/project/Data/raw/2025-10-10/Anvers_153759.json -> 9 lignes
[2025-10-10T15:53:20.999+0000] {subprocess.py:93} INFO - [OK] /opt/project/Data/raw/2025-10-10/Anvers_154611.json -> 9 lignes
[2025-10-10T15:53:21.000+0000] {subprocess.py:93} INFO - [OK] /opt/project/Data/raw/2025-10-10/Anvers_155302.json -> 9 lignes
[2025-10-10T15:53:21.001+0000] {subprocess.py:93} INFO - [OK] /opt/project/Data/raw/2025-10-10/Anvers_155315.json -> 9 lignes
[2025-10-10T15:53:21.002+0000] {subprocess.py:93} INFO - [OK] /opt/project/Data/raw/2025-10-10/Bruxelles_124717.json -> 9 lignes
[2025-10-10T15:53:21.003+0000] {subprocess.py:93} INFO - [OK] /opt/project/Data/raw/2025-10-10/Bruxelles_143853.json -> 9 lignes
[2025-10-10T15:53:21.005+0000] {subprocess.py:93} INFO - [OK] /opt/project/Data/raw/2025-10-10/Bruxelles_144208.json -> 9 lignes
[2025-10-10T15:53:21.006+0000] {subprocess.py:93} INFO - [OK] /opt/project/Data/raw/2025-10-10/Bruxelles_152417.json -> 9 lignes
[2025-10-10T15:53:21.008+0000] {subprocess.py:93} INFO - [OK] /opt/project/Data/raw/2025-10-10/Bruxelles_153122.json -> 9 lignes
[2025-10-10T15:53:21.009+0000] {subprocess.py:93} INFO - [OK] /opt/project/Data/raw/2025-10-10/Bruxelles_153758.json -> 9 lignes
[2025-10-10T15:53:21.011+0000] {subprocess.py:93} INFO - [OK] /opt/project/Data/raw/2025-10-10/Bruxelles_154610.json -> 9 lignes
[2025-10-10T15:53:21.012+0000] {subprocess.py:93} INFO - [OK] /opt/project/Data/raw/2025-10-10/Bruxelles_155301.json -> 9 lignes
[2025-10-10T15:53:21.013+0000] {subprocess.py:93} INFO - [OK] /opt/project/Data/raw/2025-10-10/Bruxelles_155314.json -> 9 lignes
[2025-10-10T15:53:21.015+0000] {subprocess.py:93} INFO - [OK] /opt/project/Data/raw/2025-10-10/Liège_124719.json -> 9 lignes
[2025-10-10T15:53:21.016+0000] {subprocess.py:93} INFO - [OK] /opt/project/Data/raw/2025-10-10/Liège_143854.json -> 9 lignes
[2025-10-10T15:53:21.017+0000] {subprocess.py:93} INFO - [OK] /opt/project/Data/raw/2025-10-10/Liège_144209.json -> 9 lignes
[2025-10-10T15:53:21.018+0000] {subprocess.py:93} INFO - [OK] /opt/project/Data/raw/2025-10-10/Liège_152419.json -> 9 lignes
[2025-10-10T15:53:21.020+0000] {subprocess.py:93} INFO - [OK] /opt/project/Data/raw/2025-10-10/Liège_153124.json -> 9 lignes
[2025-10-10T15:53:21.021+0000] {subprocess.py:93} INFO - [OK] /opt/project/Data/raw/2025-10-10/Liège_153800.json -> 9 lignes
[2025-10-10T15:53:21.023+0000] {subprocess.py:93} INFO - [OK] /opt/project/Data/raw/2025-10-10/Liège_154612.json -> 9 lignes
[2025-10-10T15:53:21.024+0000] {subprocess.py:93} INFO - [OK] /opt/project/Data/raw/2025-10-10/Liège_155303.json -> 9 lignes
[2025-10-10T15:53:21.026+0000] {subprocess.py:93} INFO - [OK] /opt/project/Data/raw/2025-10-10/Liège_155316.json -> 9 lignes
[2025-10-10T15:53:21.028+0000] {subprocess.py:93} INFO - Traceback (most recent call last):
[2025-10-10T15:53:21.029+0000] {subprocess.py:93} INFO -   File "/opt/project/Scripts/transform_weather_to_postgres.py", line 159, in <module>
[2025-10-10T15:53:21.030+0000] {subprocess.py:93} INFO -     main()
[2025-10-10T15:53:21.031+0000] {subprocess.py:93} INFO -   File "/opt/project/Scripts/transform_weather_to_postgres.py", line 148, in main
[2025-10-10T15:53:21.032+0000] {subprocess.py:93} INFO -     conn = psycopg2.connect(host=args.pg_host, dbname=args.pg_db, user=args.pg_user, password=args.pg_pass)
[2025-10-10T15:53:21.034+0000] {subprocess.py:93} INFO -   File "/home/***/.local/lib/python3.8/site-packages/psycopg2/__init__.py", line 122, in connect
[2025-10-10T15:53:21.035+0000] {subprocess.py:93} INFO -     conn = _connect(dsn, connection_factory=connection_factory, **kwasync)
[2025-10-10T15:53:21.036+0000] {subprocess.py:93} INFO - psycopg2.OperationalError: connection to server at "postgres_db" (172.18.0.2), port 5432 failed: FATAL:  database "dwh" does not exist
[2025-10-10T15:53:21.037+0000] {subprocess.py:93} INFO - 
[2025-10-10T15:53:21.145+0000] {subprocess.py:97} INFO - Command exited with return code 1
[2025-10-10T15:53:21.206+0000] {taskinstance.py:2731} ERROR - Task failed with exception
Traceback (most recent call last):
  File "/home/airflow/.local/lib/python3.8/site-packages/airflow/models/taskinstance.py", line 444, in _execute_task
    result = _execute_callable(context=context, **execute_callable_kwargs)
  File "/home/airflow/.local/lib/python3.8/site-packages/airflow/models/taskinstance.py", line 414, in _execute_callable
    return execute_callable(context=context, **execute_callable_kwargs)
  File "/home/airflow/.local/lib/python3.8/site-packages/airflow/operators/bash.py", line 212, in execute
    raise AirflowException(
airflow.exceptions.AirflowException: Bash command failed. The command returned a non-zero exit code 1.
[2025-10-10T15:53:21.212+0000] {taskinstance.py:1149} INFO - Marking task as FAILED. dag_id=weather_etl_v2, task_id=transform_silver, execution_date=20251010T155310, start_date=20251010T155318, end_date=20251010T155321
[2025-10-10T15:53:21.270+0000] {standard_task_runner.py:107} ERROR - Failed to execute job 26 for task transform_silver (Bash command failed. The command returned a non-zero exit code 1.; 199)
[2025-10-10T15:53:21.308+0000] {local_task_job_runner.py:234} INFO - Task exited with return code 1
[2025-10-10T15:53:21.382+0000] {taskinstance.py:3312} INFO - 0 downstream tasks scheduled from follow-on schedule check
