[2025-10-12T05:38:04.325+0000] {taskinstance.py:1979} INFO - Dependencies all met for dep_context=non-requeueable deps ti=<TaskInstance: weather_etl_v2.extract_bronze scheduled__2025-10-10T22:00:00+00:00 [queued]>
[2025-10-12T05:38:04.419+0000] {taskinstance.py:1979} INFO - Dependencies all met for dep_context=requeueable deps ti=<TaskInstance: weather_etl_v2.extract_bronze scheduled__2025-10-10T22:00:00+00:00 [queued]>
[2025-10-12T05:38:04.424+0000] {taskinstance.py:2193} INFO - Starting attempt 1 of 1
[2025-10-12T05:38:04.568+0000] {taskinstance.py:2217} INFO - Executing <Task(BashOperator): extract_bronze> on 2025-10-10 22:00:00+00:00
[2025-10-12T05:38:04.721+0000] {standard_task_runner.py:60} INFO - Started process 8564 to run task
[2025-10-12T05:38:04.748+0000] {standard_task_runner.py:87} INFO - Running: ['***', 'tasks', 'run', 'weather_etl_v2', 'extract_bronze', 'scheduled__2025-10-10T22:00:00+00:00', '--job-id', '34', '--raw', '--subdir', 'DAGS_FOLDER/weather_etl_v2.py', '--cfg-path', '/tmp/tmp_7b9mmat']
[2025-10-12T05:38:04.777+0000] {standard_task_runner.py:88} INFO - Job 34: Subtask extract_bronze
[2025-10-12T05:38:06.644+0000] {logging_mixin.py:188} WARNING - /home/***/.local/lib/python3.8/site-packages/***/settings.py:194 DeprecationWarning: The sql_alchemy_conn option in [core] has been moved to the sql_alchemy_conn option in [database] - the old setting has been used, but please update your config.
[2025-10-12T05:38:08.417+0000] {task_command.py:423} INFO - Running <TaskInstance: weather_etl_v2.extract_bronze scheduled__2025-10-10T22:00:00+00:00 [running]> on host fd4a4f39ed6f
[2025-10-12T05:38:10.566+0000] {taskinstance.py:2513} INFO - Exporting env vars: AIRFLOW_CTX_DAG_OWNER='***' AIRFLOW_CTX_DAG_ID='weather_etl_v2' AIRFLOW_CTX_TASK_ID='extract_bronze' AIRFLOW_CTX_EXECUTION_DATE='2025-10-10T22:00:00+00:00' AIRFLOW_CTX_TRY_NUMBER='1' AIRFLOW_CTX_DAG_RUN_ID='scheduled__2025-10-10T22:00:00+00:00'
[2025-10-12T05:38:10.571+0000] {subprocess.py:63} INFO - Tmp dir root location: /tmp
[2025-10-12T05:38:10.573+0000] {subprocess.py:75} INFO - Running command: ['/usr/bin/bash', '-c', 'python /opt/project/Scripts/extract_weather_open_meteo.py --cities Bruxelles Anvers Liège --past-days 2 --forecast-days 7 --keep-days 14']
[2025-10-12T05:38:10.686+0000] {subprocess.py:86} INFO - Output:
[2025-10-12T05:38:17.906+0000] {subprocess.py:93} INFO - [INFO] Projet        : /opt/project
[2025-10-12T05:38:17.910+0000] {subprocess.py:93} INFO - [INFO] RAW root      : /opt/project/Data/raw
[2025-10-12T05:38:17.914+0000] {subprocess.py:93} INFO - [INFO] Dossier du jour: /opt/project/Data/raw/2025-10-12
[2025-10-12T05:38:17.916+0000] {subprocess.py:93} INFO - [GEO] Bruxelles -> Bruxelles (lat=50.85045, lon=4.34878)
[2025-10-12T05:38:17.919+0000] {subprocess.py:93} INFO - [OK] Données sauvegardées: /opt/project/Data/raw/2025-10-12/Bruxelles_053815.json
[2025-10-12T05:38:17.924+0000] {subprocess.py:93} INFO - [GEO] Anvers -> Anvers (lat=51.22047, lon=4.40026)
[2025-10-12T05:38:17.931+0000] {subprocess.py:93} INFO - [OK] Données sauvegardées: /opt/project/Data/raw/2025-10-12/Anvers_053816.json
[2025-10-12T05:38:17.946+0000] {subprocess.py:93} INFO - [GEO] Liège -> Liège (lat=50.63373, lon=5.56749)
[2025-10-12T05:38:17.951+0000] {subprocess.py:93} INFO - [OK] Données sauvegardées: /opt/project/Data/raw/2025-10-12/Liège_053817.json
[2025-10-12T05:38:17.954+0000] {subprocess.py:93} INFO - [CLEAN] Dossiers de date supprimés (> 14 jours): 0
[2025-10-12T05:38:18.074+0000] {subprocess.py:97} INFO - Command exited with return code 0
[2025-10-12T05:38:18.373+0000] {taskinstance.py:1149} INFO - Marking task as SUCCESS. dag_id=weather_etl_v2, task_id=extract_bronze, execution_date=20251010T220000, start_date=20251012T053804, end_date=20251012T053818
[2025-10-12T05:38:18.448+0000] {local_task_job_runner.py:234} INFO - Task exited with return code 0
[2025-10-12T05:38:18.593+0000] {taskinstance.py:3312} INFO - 1 downstream tasks scheduled from follow-on schedule check
