[2025-10-11T12:24:30.408+0000] {taskinstance.py:1979} INFO - Dependencies all met for dep_context=non-requeueable deps ti=<TaskInstance: weather_etl_v2.transform_silver manual__2025-10-11T12:24:20.432148+00:00 [queued]>
[2025-10-11T12:24:30.430+0000] {taskinstance.py:1979} INFO - Dependencies all met for dep_context=requeueable deps ti=<TaskInstance: weather_etl_v2.transform_silver manual__2025-10-11T12:24:20.432148+00:00 [queued]>
[2025-10-11T12:24:30.432+0000] {taskinstance.py:2193} INFO - Starting attempt 1 of 1
[2025-10-11T12:24:30.464+0000] {taskinstance.py:2217} INFO - Executing <Task(BashOperator): transform_silver> on 2025-10-11 12:24:20.432148+00:00
[2025-10-11T12:24:30.477+0000] {standard_task_runner.py:60} INFO - Started process 5726 to run task
[2025-10-11T12:24:30.481+0000] {standard_task_runner.py:87} INFO - Running: ['***', 'tasks', 'run', 'weather_etl_v2', 'transform_silver', 'manual__2025-10-11T12:24:20.432148+00:00', '--job-id', '33', '--raw', '--subdir', 'DAGS_FOLDER/weather_etl_v2.py', '--cfg-path', '/tmp/tmphxgkzpw1']
[2025-10-11T12:24:30.483+0000] {standard_task_runner.py:88} INFO - Job 33: Subtask transform_silver
[2025-10-11T12:24:30.544+0000] {logging_mixin.py:188} WARNING - /home/***/.local/lib/python3.8/site-packages/***/settings.py:194 DeprecationWarning: The sql_alchemy_conn option in [core] has been moved to the sql_alchemy_conn option in [database] - the old setting has been used, but please update your config.
[2025-10-11T12:24:30.705+0000] {task_command.py:423} INFO - Running <TaskInstance: weather_etl_v2.transform_silver manual__2025-10-11T12:24:20.432148+00:00 [running]> on host fd4a4f39ed6f
[2025-10-11T12:24:31.086+0000] {taskinstance.py:2513} INFO - Exporting env vars: AIRFLOW_CTX_DAG_OWNER='***' AIRFLOW_CTX_DAG_ID='weather_etl_v2' AIRFLOW_CTX_TASK_ID='transform_silver' AIRFLOW_CTX_EXECUTION_DATE='2025-10-11T12:24:20.432148+00:00' AIRFLOW_CTX_TRY_NUMBER='1' AIRFLOW_CTX_DAG_RUN_ID='manual__2025-10-11T12:24:20.432148+00:00'
[2025-10-11T12:24:31.090+0000] {subprocess.py:63} INFO - Tmp dir root location: /tmp
[2025-10-11T12:24:31.091+0000] {subprocess.py:75} INFO - Running command: ['/usr/bin/bash', '-c', 'python /opt/project/Scripts/transform_weather_to_postgres.py --only-days 3']
[2025-10-11T12:24:31.115+0000] {subprocess.py:86} INFO - Output:
[2025-10-11T12:24:35.067+0000] {subprocess.py:93} INFO - [INFO] Fichiers détectés (42) sur 3 jour(s).
[2025-10-11T12:24:35.069+0000] {subprocess.py:93} INFO - [OK] /opt/project/Data/raw/2025-10-10/Anvers_124718.json -> 9 lignes
[2025-10-11T12:24:35.070+0000] {subprocess.py:93} INFO - [OK] /opt/project/Data/raw/2025-10-10/Anvers_143853.json -> 9 lignes
[2025-10-11T12:24:35.071+0000] {subprocess.py:93} INFO - [OK] /opt/project/Data/raw/2025-10-10/Anvers_144209.json -> 9 lignes
[2025-10-11T12:24:35.072+0000] {subprocess.py:93} INFO - [OK] /opt/project/Data/raw/2025-10-10/Anvers_152418.json -> 9 lignes
[2025-10-11T12:24:35.073+0000] {subprocess.py:93} INFO - [OK] /opt/project/Data/raw/2025-10-10/Anvers_153123.json -> 9 lignes
[2025-10-11T12:24:35.074+0000] {subprocess.py:93} INFO - [OK] /opt/project/Data/raw/2025-10-10/Anvers_153759.json -> 9 lignes
[2025-10-11T12:24:35.075+0000] {subprocess.py:93} INFO - [OK] /opt/project/Data/raw/2025-10-10/Anvers_154611.json -> 9 lignes
[2025-10-11T12:24:35.076+0000] {subprocess.py:93} INFO - [OK] /opt/project/Data/raw/2025-10-10/Anvers_155302.json -> 9 lignes
[2025-10-11T12:24:35.077+0000] {subprocess.py:93} INFO - [OK] /opt/project/Data/raw/2025-10-10/Anvers_155315.json -> 9 lignes
[2025-10-11T12:24:35.079+0000] {subprocess.py:93} INFO - [OK] /opt/project/Data/raw/2025-10-10/Bruxelles_124717.json -> 9 lignes
[2025-10-11T12:24:35.080+0000] {subprocess.py:93} INFO - [OK] /opt/project/Data/raw/2025-10-10/Bruxelles_143853.json -> 9 lignes
[2025-10-11T12:24:35.081+0000] {subprocess.py:93} INFO - [OK] /opt/project/Data/raw/2025-10-10/Bruxelles_144208.json -> 9 lignes
[2025-10-11T12:24:35.082+0000] {subprocess.py:93} INFO - [OK] /opt/project/Data/raw/2025-10-10/Bruxelles_152417.json -> 9 lignes
[2025-10-11T12:24:35.083+0000] {subprocess.py:93} INFO - [OK] /opt/project/Data/raw/2025-10-10/Bruxelles_153122.json -> 9 lignes
[2025-10-11T12:24:35.084+0000] {subprocess.py:93} INFO - [OK] /opt/project/Data/raw/2025-10-10/Bruxelles_153758.json -> 9 lignes
[2025-10-11T12:24:35.085+0000] {subprocess.py:93} INFO - [OK] /opt/project/Data/raw/2025-10-10/Bruxelles_154610.json -> 9 lignes
[2025-10-11T12:24:35.086+0000] {subprocess.py:93} INFO - [OK] /opt/project/Data/raw/2025-10-10/Bruxelles_155301.json -> 9 lignes
[2025-10-11T12:24:35.087+0000] {subprocess.py:93} INFO - [OK] /opt/project/Data/raw/2025-10-10/Bruxelles_155314.json -> 9 lignes
[2025-10-11T12:24:35.088+0000] {subprocess.py:93} INFO - [OK] /opt/project/Data/raw/2025-10-10/Liège_124719.json -> 9 lignes
[2025-10-11T12:24:35.089+0000] {subprocess.py:93} INFO - [OK] /opt/project/Data/raw/2025-10-10/Liège_143854.json -> 9 lignes
[2025-10-11T12:24:35.091+0000] {subprocess.py:93} INFO - [OK] /opt/project/Data/raw/2025-10-10/Liège_144209.json -> 9 lignes
[2025-10-11T12:24:35.092+0000] {subprocess.py:93} INFO - [OK] /opt/project/Data/raw/2025-10-10/Liège_152419.json -> 9 lignes
[2025-10-11T12:24:35.093+0000] {subprocess.py:93} INFO - [OK] /opt/project/Data/raw/2025-10-10/Liège_153124.json -> 9 lignes
[2025-10-11T12:24:35.094+0000] {subprocess.py:93} INFO - [OK] /opt/project/Data/raw/2025-10-10/Liège_153800.json -> 9 lignes
[2025-10-11T12:24:35.096+0000] {subprocess.py:93} INFO - [OK] /opt/project/Data/raw/2025-10-10/Liège_154612.json -> 9 lignes
[2025-10-11T12:24:35.097+0000] {subprocess.py:93} INFO - [OK] /opt/project/Data/raw/2025-10-10/Liège_155303.json -> 9 lignes
[2025-10-11T12:24:35.098+0000] {subprocess.py:93} INFO - [OK] /opt/project/Data/raw/2025-10-10/Liège_155316.json -> 9 lignes
[2025-10-11T12:24:35.099+0000] {subprocess.py:93} INFO - [OK] /opt/project/Data/raw/2025-10-11/Anvers_074051.json -> 9 lignes
[2025-10-11T12:24:35.101+0000] {subprocess.py:93} INFO - [OK] /opt/project/Data/raw/2025-10-11/Anvers_075430.json -> 9 lignes
[2025-10-11T12:24:35.101+0000] {subprocess.py:93} INFO - [OK] /opt/project/Data/raw/2025-10-11/Anvers_090517.json -> 9 lignes
[2025-10-11T12:24:35.102+0000] {subprocess.py:93} INFO - [OK] /opt/project/Data/raw/2025-10-11/Anvers_113202.json -> 9 lignes
[2025-10-11T12:24:35.103+0000] {subprocess.py:93} INFO - [OK] /opt/project/Data/raw/2025-10-11/Anvers_122427.json -> 9 lignes
[2025-10-11T12:24:35.105+0000] {subprocess.py:93} INFO - [OK] /opt/project/Data/raw/2025-10-11/Bruxelles_074050.json -> 9 lignes
[2025-10-11T12:24:35.106+0000] {subprocess.py:93} INFO - [OK] /opt/project/Data/raw/2025-10-11/Bruxelles_075430.json -> 9 lignes
[2025-10-11T12:24:35.107+0000] {subprocess.py:93} INFO - [OK] /opt/project/Data/raw/2025-10-11/Bruxelles_090517.json -> 9 lignes
[2025-10-11T12:24:35.108+0000] {subprocess.py:93} INFO - [OK] /opt/project/Data/raw/2025-10-11/Bruxelles_113201.json -> 9 lignes
[2025-10-11T12:24:35.109+0000] {subprocess.py:93} INFO - [OK] /opt/project/Data/raw/2025-10-11/Bruxelles_122426.json -> 9 lignes
[2025-10-11T12:24:35.110+0000] {subprocess.py:93} INFO - [OK] /opt/project/Data/raw/2025-10-11/Liège_074051.json -> 9 lignes
[2025-10-11T12:24:35.111+0000] {subprocess.py:93} INFO - [OK] /opt/project/Data/raw/2025-10-11/Liège_075431.json -> 9 lignes
[2025-10-11T12:24:35.113+0000] {subprocess.py:93} INFO - [OK] /opt/project/Data/raw/2025-10-11/Liège_090518.json -> 9 lignes
[2025-10-11T12:24:35.114+0000] {subprocess.py:93} INFO - [OK] /opt/project/Data/raw/2025-10-11/Liège_113203.json -> 9 lignes
[2025-10-11T12:24:35.116+0000] {subprocess.py:93} INFO - [OK] /opt/project/Data/raw/2025-10-11/Liège_122428.json -> 9 lignes
[2025-10-11T12:24:35.117+0000] {subprocess.py:93} INFO - [LOAD] 30 ligne(s) upsert dans dwh.silver.weather_daily
[2025-10-11T12:24:35.245+0000] {subprocess.py:97} INFO - Command exited with return code 0
[2025-10-11T12:24:35.412+0000] {taskinstance.py:1149} INFO - Marking task as SUCCESS. dag_id=weather_etl_v2, task_id=transform_silver, execution_date=20251011T122420, start_date=20251011T122430, end_date=20251011T122435
[2025-10-11T12:24:35.488+0000] {local_task_job_runner.py:234} INFO - Task exited with return code 0
[2025-10-11T12:24:35.580+0000] {taskinstance.py:3312} INFO - 0 downstream tasks scheduled from follow-on schedule check
