[2025-10-12T14:13:16.296+0000] {taskinstance.py:1979} INFO - Dependencies all met for dep_context=non-requeueable deps ti=<TaskInstance: weather_gold_v1.aggregate_gold manual__2025-10-12T14:13:12.495576+00:00 [queued]>
[2025-10-12T14:13:16.318+0000] {taskinstance.py:1979} INFO - Dependencies all met for dep_context=requeueable deps ti=<TaskInstance: weather_gold_v1.aggregate_gold manual__2025-10-12T14:13:12.495576+00:00 [queued]>
[2025-10-12T14:13:16.319+0000] {taskinstance.py:2193} INFO - Starting attempt 1 of 1
[2025-10-12T14:13:16.366+0000] {taskinstance.py:2217} INFO - Executing <Task(BashOperator): aggregate_gold> on 2025-10-12 14:13:12.495576+00:00
[2025-10-12T14:13:16.386+0000] {standard_task_runner.py:60} INFO - Started process 1727 to run task
[2025-10-12T14:13:16.390+0000] {standard_task_runner.py:87} INFO - Running: ['***', 'tasks', 'run', 'weather_gold_v1', 'aggregate_gold', 'manual__2025-10-12T14:13:12.495576+00:00', '--job-id', '39', '--raw', '--subdir', 'DAGS_FOLDER/weather_gold_v1.py', '--cfg-path', '/tmp/tmpenx76_vg']
[2025-10-12T14:13:16.394+0000] {standard_task_runner.py:88} INFO - Job 39: Subtask aggregate_gold
[2025-10-12T14:13:16.453+0000] {logging_mixin.py:188} WARNING - /home/***/.local/lib/python3.8/site-packages/***/settings.py:194 DeprecationWarning: The sql_alchemy_conn option in [core] has been moved to the sql_alchemy_conn option in [database] - the old setting has been used, but please update your config.
[2025-10-12T14:13:16.604+0000] {task_command.py:423} INFO - Running <TaskInstance: weather_gold_v1.aggregate_gold manual__2025-10-12T14:13:12.495576+00:00 [running]> on host fd4a4f39ed6f
[2025-10-12T14:13:17.042+0000] {taskinstance.py:2513} INFO - Exporting env vars: AIRFLOW_CTX_DAG_OWNER='***' AIRFLOW_CTX_DAG_ID='weather_gold_v1' AIRFLOW_CTX_TASK_ID='aggregate_gold' AIRFLOW_CTX_EXECUTION_DATE='2025-10-12T14:13:12.495576+00:00' AIRFLOW_CTX_TRY_NUMBER='1' AIRFLOW_CTX_DAG_RUN_ID='manual__2025-10-12T14:13:12.495576+00:00'
[2025-10-12T14:13:17.051+0000] {subprocess.py:63} INFO - Tmp dir root location: /tmp
[2025-10-12T14:13:17.051+0000] {subprocess.py:75} INFO - Running command: ['/usr/bin/bash', '-c', 'python /opt/project/Scripts/load_gold_weather_kpi.py']
[2025-10-12T14:13:17.093+0000] {subprocess.py:86} INFO - Output:
[2025-10-12T14:13:22.469+0000] {subprocess.py:93} INFO - /opt/project/Scripts/load_gold_weather_kpi.py:29: UserWarning: pandas only supports SQLAlchemy connectable (engine/connection) or database string URI or sqlite3 DBAPI2 connection. Other DBAPI2 objects are not tested. Please consider using SQLAlchemy.
[2025-10-12T14:13:22.470+0000] {subprocess.py:93} INFO -   df = pd.read_sql(query, conn)
[2025-10-12T14:13:22.471+0000] {subprocess.py:93} INFO - [INFO] Connexion à la base dwh...
[2025-10-12T14:13:22.473+0000] {subprocess.py:93} INFO - [INFO] 33 lignes récupérées de la couche Silver.
[2025-10-12T14:13:22.483+0000] {subprocess.py:93} INFO - Traceback (most recent call last):
[2025-10-12T14:13:22.484+0000] {subprocess.py:93} INFO -   File "/opt/project/Scripts/load_gold_weather_kpi.py", line 93, in <module>
[2025-10-12T14:13:22.486+0000] {subprocess.py:93} INFO -     main()
[2025-10-12T14:13:22.487+0000] {subprocess.py:93} INFO -   File "/opt/project/Scripts/load_gold_weather_kpi.py", line 55, in main
[2025-10-12T14:13:22.489+0000] {subprocess.py:93} INFO -     cur.execute("""
[2025-10-12T14:13:22.490+0000] {subprocess.py:93} INFO - psycopg2.errors.UniqueViolation: duplicate key value violates unique constraint "pg_namespace_nspname_index"
[2025-10-12T14:13:22.491+0000] {subprocess.py:93} INFO - DETAIL:  Key (nspname)=(gold) already exists.
[2025-10-12T14:13:22.492+0000] {subprocess.py:93} INFO - 
[2025-10-12T14:13:22.777+0000] {subprocess.py:97} INFO - Command exited with return code 1
[2025-10-12T14:13:22.833+0000] {taskinstance.py:2731} ERROR - Task failed with exception
Traceback (most recent call last):
  File "/home/airflow/.local/lib/python3.8/site-packages/airflow/models/taskinstance.py", line 444, in _execute_task
    result = _execute_callable(context=context, **execute_callable_kwargs)
  File "/home/airflow/.local/lib/python3.8/site-packages/airflow/models/taskinstance.py", line 414, in _execute_callable
    return execute_callable(context=context, **execute_callable_kwargs)
  File "/home/airflow/.local/lib/python3.8/site-packages/airflow/operators/bash.py", line 212, in execute
    raise AirflowException(
airflow.exceptions.AirflowException: Bash command failed. The command returned a non-zero exit code 1.
[2025-10-12T14:13:22.842+0000] {taskinstance.py:1149} INFO - Marking task as FAILED. dag_id=weather_gold_v1, task_id=aggregate_gold, execution_date=20251012T141312, start_date=20251012T141316, end_date=20251012T141322
[2025-10-12T14:13:22.919+0000] {standard_task_runner.py:107} ERROR - Failed to execute job 39 for task aggregate_gold (Bash command failed. The command returned a non-zero exit code 1.; 1727)
[2025-10-12T14:13:22.972+0000] {local_task_job_runner.py:234} INFO - Task exited with return code 1
[2025-10-12T14:13:23.070+0000] {taskinstance.py:3312} INFO - 0 downstream tasks scheduled from follow-on schedule check
