[2025-10-10T14:42:11.000+0000] {taskinstance.py:1979} INFO - Dependencies all met for dep_context=non-requeueable deps ti=<TaskInstance: weather_etl_v2.transform_silver scheduled__2025-10-08T22:00:00+00:00 [queued]>
[2025-10-10T14:42:11.023+0000] {taskinstance.py:1979} INFO - Dependencies all met for dep_context=requeueable deps ti=<TaskInstance: weather_etl_v2.transform_silver scheduled__2025-10-08T22:00:00+00:00 [queued]>
[2025-10-10T14:42:11.024+0000] {taskinstance.py:2193} INFO - Starting attempt 1 of 1
[2025-10-10T14:42:11.062+0000] {taskinstance.py:2217} INFO - Executing <Task(BashOperator): transform_silver> on 2025-10-08 22:00:00+00:00
[2025-10-10T14:42:11.071+0000] {standard_task_runner.py:60} INFO - Started process 642 to run task
[2025-10-10T14:42:11.074+0000] {standard_task_runner.py:87} INFO - Running: ['***', 'tasks', 'run', 'weather_etl_v2', 'transform_silver', 'scheduled__2025-10-08T22:00:00+00:00', '--job-id', '14', '--raw', '--subdir', 'DAGS_FOLDER/Airflow/dags/Airflow/dags/weather_etl_v2.py', '--cfg-path', '/tmp/tmpoiz4ykrn']
[2025-10-10T14:42:11.077+0000] {standard_task_runner.py:88} INFO - Job 14: Subtask transform_silver
[2025-10-10T14:42:11.134+0000] {logging_mixin.py:188} WARNING - /home/***/.local/lib/python3.8/site-packages/***/settings.py:194 DeprecationWarning: The sql_alchemy_conn option in [core] has been moved to the sql_alchemy_conn option in [database] - the old setting has been used, but please update your config.
[2025-10-10T14:42:11.275+0000] {task_command.py:423} INFO - Running <TaskInstance: weather_etl_v2.transform_silver scheduled__2025-10-08T22:00:00+00:00 [running]> on host fd4a4f39ed6f
[2025-10-10T14:42:11.551+0000] {taskinstance.py:2513} INFO - Exporting env vars: AIRFLOW_CTX_DAG_OWNER='***' AIRFLOW_CTX_DAG_ID='weather_etl_v2' AIRFLOW_CTX_TASK_ID='transform_silver' AIRFLOW_CTX_EXECUTION_DATE='2025-10-08T22:00:00+00:00' AIRFLOW_CTX_TRY_NUMBER='1' AIRFLOW_CTX_DAG_RUN_ID='scheduled__2025-10-08T22:00:00+00:00'
[2025-10-10T14:42:11.554+0000] {subprocess.py:63} INFO - Tmp dir root location: /tmp
[2025-10-10T14:42:11.554+0000] {subprocess.py:75} INFO - Running command: ['/usr/bin/bash', '-c', 'python /opt/project/Scripts/transform_weather_to_postgres.py --only-days 3']
[2025-10-10T14:42:11.568+0000] {subprocess.py:86} INFO - Output:
[2025-10-10T14:42:18.702+0000] {subprocess.py:93} INFO - Traceback (most recent call last):
[2025-10-10T14:42:18.706+0000] {subprocess.py:93} INFO -   File "/opt/project/Scripts/transform_weather_to_postgres.py", line 92, in <module>
[2025-10-10T14:42:18.707+0000] {subprocess.py:93} INFO -     def list_json_files(raw_root: Path, only_days: int) -> list[Path]:
[2025-10-10T14:42:18.708+0000] {subprocess.py:93} INFO - TypeError: 'type' object is not subscriptable
[2025-10-10T14:42:19.079+0000] {subprocess.py:97} INFO - Command exited with return code 1
[2025-10-10T14:42:19.139+0000] {taskinstance.py:2731} ERROR - Task failed with exception
Traceback (most recent call last):
  File "/home/airflow/.local/lib/python3.8/site-packages/airflow/models/taskinstance.py", line 444, in _execute_task
    result = _execute_callable(context=context, **execute_callable_kwargs)
  File "/home/airflow/.local/lib/python3.8/site-packages/airflow/models/taskinstance.py", line 414, in _execute_callable
    return execute_callable(context=context, **execute_callable_kwargs)
  File "/home/airflow/.local/lib/python3.8/site-packages/airflow/operators/bash.py", line 212, in execute
    raise AirflowException(
airflow.exceptions.AirflowException: Bash command failed. The command returned a non-zero exit code 1.
[2025-10-10T14:42:19.147+0000] {taskinstance.py:1149} INFO - Marking task as FAILED. dag_id=weather_etl_v2, task_id=transform_silver, execution_date=20251008T220000, start_date=20251010T144211, end_date=20251010T144219
[2025-10-10T14:42:19.258+0000] {standard_task_runner.py:107} ERROR - Failed to execute job 14 for task transform_silver (Bash command failed. The command returned a non-zero exit code 1.; 642)
[2025-10-10T14:42:19.311+0000] {local_task_job_runner.py:234} INFO - Task exited with return code 1
[2025-10-10T14:42:19.395+0000] {taskinstance.py:3312} INFO - 0 downstream tasks scheduled from follow-on schedule check
